Archive member included to satisfy reference by file (symbol)

d:/programmi/stm32cubeide/stm32cubeide_1.4.0/stm32cubeide/plugins/com.st.stm32cube.ide.mcu.externaltools.gnu-tools-for-stm32.9-2020-q2-update.win32_1.5.0.202011040924/tools/bin/../lib/gcc/arm-none-eabi/9.3.1/../../../../arm-none-eabi/lib/thumb/v7e-m+fp/hard\libc_nano.a(lib_a-errno.o)
                              Core/Src/syscalls.o (__errno)
d:/programmi/stm32cubeide/stm32cubeide_1.4.0/stm32cubeide/plugins/com.st.stm32cube.ide.mcu.externaltools.gnu-tools-for-stm32.9-2020-q2-update.win32_1.5.0.202011040924/tools/bin/../lib/gcc/arm-none-eabi/9.3.1/../../../../arm-none-eabi/lib/thumb/v7e-m+fp/hard\libc_nano.a(lib_a-exit.o)
                              d:/programmi/stm32cubeide/stm32cubeide_1.4.0/stm32cubeide/plugins/com.st.stm32cube.ide.mcu.externaltools.gnu-tools-for-stm32.9-2020-q2-update.win32_1.5.0.202011040924/tools/bin/../lib/gcc/arm-none-eabi/9.3.1/../../../../arm-none-eabi/lib/thumb/v7e-m+fp/hard/crt0.o (exit)
d:/programmi/stm32cubeide/stm32cubeide_1.4.0/stm32cubeide/plugins/com.st.stm32cube.ide.mcu.externaltools.gnu-tools-for-stm32.9-2020-q2-update.win32_1.5.0.202011040924/tools/bin/../lib/gcc/arm-none-eabi/9.3.1/../../../../arm-none-eabi/lib/thumb/v7e-m+fp/hard\libc_nano.a(lib_a-impure.o)
                              d:/programmi/stm32cubeide/stm32cubeide_1.4.0/stm32cubeide/plugins/com.st.stm32cube.ide.mcu.externaltools.gnu-tools-for-stm32.9-2020-q2-update.win32_1.5.0.202011040924/tools/bin/../lib/gcc/arm-none-eabi/9.3.1/../../../../arm-none-eabi/lib/thumb/v7e-m+fp/hard\libc_nano.a(lib_a-exit.o) (_global_impure_ptr)
d:/programmi/stm32cubeide/stm32cubeide_1.4.0/stm32cubeide/plugins/com.st.stm32cube.ide.mcu.externaltools.gnu-tools-for-stm32.9-2020-q2-update.win32_1.5.0.202011040924/tools/bin/../lib/gcc/arm-none-eabi/9.3.1/../../../../arm-none-eabi/lib/thumb/v7e-m+fp/hard\libc_nano.a(lib_a-init.o)
                              d:/programmi/stm32cubeide/stm32cubeide_1.4.0/stm32cubeide/plugins/com.st.stm32cube.ide.mcu.externaltools.gnu-tools-for-stm32.9-2020-q2-update.win32_1.5.0.202011040924/tools/bin/../lib/gcc/arm-none-eabi/9.3.1/../../../../arm-none-eabi/lib/thumb/v7e-m+fp/hard/crt0.o (__libc_init_array)
d:/programmi/stm32cubeide/stm32cubeide_1.4.0/stm32cubeide/plugins/com.st.stm32cube.ide.mcu.externaltools.gnu-tools-for-stm32.9-2020-q2-update.win32_1.5.0.202011040924/tools/bin/../lib/gcc/arm-none-eabi/9.3.1/../../../../arm-none-eabi/lib/thumb/v7e-m+fp/hard\libc_nano.a(lib_a-memcmp.o)
                              Core/Src/WIFI/es_wifi.o (memcmp)
d:/programmi/stm32cubeide/stm32cubeide_1.4.0/stm32cubeide/plugins/com.st.stm32cube.ide.mcu.externaltools.gnu-tools-for-stm32.9-2020-q2-update.win32_1.5.0.202011040924/tools/bin/../lib/gcc/arm-none-eabi/9.3.1/../../../../arm-none-eabi/lib/thumb/v7e-m+fp/hard\libc_nano.a(lib_a-memcpy-stub.o)
                              Core/Src/WIFI/es_wifi.o (memcpy)
d:/programmi/stm32cubeide/stm32cubeide_1.4.0/stm32cubeide/plugins/com.st.stm32cube.ide.mcu.externaltools.gnu-tools-for-stm32.9-2020-q2-update.win32_1.5.0.202011040924/tools/bin/../lib/gcc/arm-none-eabi/9.3.1/../../../../arm-none-eabi/lib/thumb/v7e-m+fp/hard\libc_nano.a(lib_a-memset.o)
                              d:/programmi/stm32cubeide/stm32cubeide_1.4.0/stm32cubeide/plugins/com.st.stm32cube.ide.mcu.externaltools.gnu-tools-for-stm32.9-2020-q2-update.win32_1.5.0.202011040924/tools/bin/../lib/gcc/arm-none-eabi/9.3.1/../../../../arm-none-eabi/lib/thumb/v7e-m+fp/hard/crt0.o (memset)
d:/programmi/stm32cubeide/stm32cubeide_1.4.0/stm32cubeide/plugins/com.st.stm32cube.ide.mcu.externaltools.gnu-tools-for-stm32.9-2020-q2-update.win32_1.5.0.202011040924/tools/bin/../lib/gcc/arm-none-eabi/9.3.1/../../../../arm-none-eabi/lib/thumb/v7e-m+fp/hard\libc_nano.a(lib_a-nano-vfprintf_float.o)
                              (_printf_float)
d:/programmi/stm32cubeide/stm32cubeide_1.4.0/stm32cubeide/plugins/com.st.stm32cube.ide.mcu.externaltools.gnu-tools-for-stm32.9-2020-q2-update.win32_1.5.0.202011040924/tools/bin/../lib/gcc/arm-none-eabi/9.3.1/../../../../arm-none-eabi/lib/thumb/v7e-m+fp/hard\libc_nano.a(lib_a-nano-vfprintf_i.o)
                              d:/programmi/stm32cubeide/stm32cubeide_1.4.0/stm32cubeide/plugins/com.st.stm32cube.ide.mcu.externaltools.gnu-tools-for-stm32.9-2020-q2-update.win32_1.5.0.202011040924/tools/bin/../lib/gcc/arm-none-eabi/9.3.1/../../../../arm-none-eabi/lib/thumb/v7e-m+fp/hard\libc_nano.a(lib_a-nano-vfprintf_float.o) (_printf_common)
d:/programmi/stm32cubeide/stm32cubeide_1.4.0/stm32cubeide/plugins/com.st.stm32cube.ide.mcu.externaltools.gnu-tools-for-stm32.9-2020-q2-update.win32_1.5.0.202011040924/tools/bin/../lib/gcc/arm-none-eabi/9.3.1/../../../../arm-none-eabi/lib/thumb/v7e-m+fp/hard\libc_nano.a(lib_a-printf.o)
                              Core/Src/WIFI/es_wifi.o (printf)
[...]
Memory Configuration

Name             Origin             Length             Attributes
RAM              0x0000000020000000 0x0000000000018000 xrw
RAM2             0x0000000010000000 0x0000000000008000 xrw
FLASH            0x0000000008000000 0x0000000000100000 xr
*default*        0x0000000000000000 0xffffffffffffffff

Linker script and memory map

LOAD d:/programmi/stm32cubeide/stm32cubeide_1.4.0/stm32cubeide/plugins/com.st.stm32cube.ide.mcu.externaltools.gnu-tools-for-stm32.9-2020-q2-update.win32_1.5.0.202011040924/tools/bin/../lib/gcc/arm-none-eabi/9.3.1/thumb/v7e-m+fp/hard/crti.o
LOAD d:/programmi/stm32cubeide/stm32cubeide_1.4.0/stm32cubeide/plugins/com.st.stm32cube.ide.mcu.externaltools.gnu-tools-for-stm32.9-2020-q2-update.win32_1.5.0.202011040924/tools/bin/../lib/gcc/arm-none-eabi/9.3.1/thumb/v7e-m+fp/hard/crtbegin.o
LOAD d:/programmi/stm32cubeide/stm32cubeide_1.4.0/stm32cubeide/plugins/com.st.stm32cube.ide.mcu.externaltools.gnu-tools-for-stm32.9-2020-q2-update.win32_1.5.0.202011040924/tools/bin/../lib/gcc/arm-none-eabi/9.3.1/../../../../arm-none-eabi/lib/thumb/v7e-m+fp/hard/crt0.o
LOAD Core/Src/WIFI/es_wifi.o
LOAD Core/Src/WIFI/es_wifi_io.o
LOAD Core/Src/WIFI/wifi.o
LOAD Core/Src/freertos.o
LOAD Core/Src/main.o
LOAD Core/Src/stepper.o
LOAD Core/Src/stm32l4xx_hal_msp.o
LOAD Core/Src/stm32l4xx_it.o
LOAD Core/Src/syscalls.o
LOAD Core/Src/sysmem.o
LOAD Core/Src/system_stm32l4xx.o
LOAD Core/Startup/startup_stm32l475vgtx.o
LOAD Drivers/BSP/B-L475E-IOT01/stm32l475e_iot01.o
LOAD Drivers/BSP/B-L475E-IOT01/stm32l475e_iot01_accelero.o
LOAD Drivers/BSP/B-L475E-IOT01/stm32l475e_iot01_gyro.o
LOAD Drivers/BSP/B-L475E-IOT01/stm32l475e_iot01_hsensor.o
LOAD Drivers/BSP/B-L475E-IOT01/stm32l475e_iot01_magneto.o
LOAD Drivers/BSP/B-L475E-IOT01/stm32l475e_iot01_psensor.o
LOAD Drivers/BSP/B-L475E-IOT01/stm32l475e_iot01_tsensor.o
LOAD Drivers/BSP/Components/hts221/hts221.o
LOAD Drivers/BSP/Components/lis3mdl/lis3mdl.o
LOAD Drivers/BSP/Components/lps22hb/lps22hb.o
LOAD Drivers/BSP/Components/lsm6dsl/lsm6dsl.o
LOAD Drivers/STM32L4xx_HAL_Driver/Src/stm32l4xx_hal.o
LOAD Drivers/STM32L4xx_HAL_Driver/Src/stm32l4xx_hal_cortex.o
LOAD Drivers/STM32L4xx_HAL_Driver/Src/stm32l4xx_hal_dma.o
LOAD Drivers/STM32L4xx_HAL_Driver/Src/stm32l4xx_hal_dma_ex.o
LOAD Drivers/STM32L4xx_HAL_Driver/Src/stm32l4xx_hal_exti.o
LOAD Drivers/STM32L4xx_HAL_Driver/Src/stm32l4xx_hal_flash.o
LOAD Drivers/STM32L4xx_HAL_Driver/Src/stm32l4xx_hal_flash_ex.o
LOAD Drivers/STM32L4xx_HAL_Driver/Src/stm32l4xx_hal_flash_ramfunc.o
LOAD Drivers/STM32L4xx_HAL_Driver/Src/stm32l4xx_hal_gpio.o
LOAD Drivers/STM32L4xx_HAL_Driver/Src/stm32l4xx_hal_i2c.o
LOAD Drivers/STM32L4xx_HAL_Driver/Src/stm32l4xx_hal_i2c_ex.o
LOAD Drivers/STM32L4xx_HAL_Driver/Src/stm32l4xx_hal_pwr.o
LOAD Drivers/STM32L4xx_HAL_Driver/Src/stm32l4xx_hal_pwr_ex.o
LOAD Drivers/STM32L4xx_HAL_Driver/Src/stm32l4xx_hal_rcc.o
LOAD Drivers/STM32L4xx_HAL_Driver/Src/stm32l4xx_hal_rcc_ex.o
LOAD Drivers/STM32L4xx_HAL_Driver/Src/stm32l4xx_hal_spi.o
LOAD Drivers/STM32L4xx_HAL_Driver/Src/stm32l4xx_hal_spi_ex.o
LOAD Drivers/STM32L4xx_HAL_Driver/Src/stm32l4xx_hal_tim.o
LOAD Drivers/STM32L4xx_HAL_Driver/Src/stm32l4xx_hal_tim_ex.o
LOAD Drivers/STM32L4xx_HAL_Driver/Src/stm32l4xx_hal_uart.o
LOAD Drivers/STM32L4xx_HAL_Driver/Src/stm32l4xx_hal_uart_ex.o
LOAD Middlewares/Third_Party/FreeRTOS/Source/CMSIS_RTOS/cmsis_os.o
LOAD Middlewares/Third_Party/FreeRTOS/Source/croutine.o
LOAD Middlewares/Third_Party/FreeRTOS/Source/event_groups.o
LOAD Middlewares/Third_Party/FreeRTOS/Source/list.o
LOAD Middlewares/Third_Party/FreeRTOS/Source/queue.o
LOAD Middlewares/Third_Party/FreeRTOS/Source/stream_buffer.o
LOAD Middlewares/Third_Party/FreeRTOS/Source/tasks.o
LOAD Middlewares/Third_Party/FreeRTOS/Source/timers.o
LOAD Middlewares/Third_Party/FreeRTOS/Source/portable/GCC/ARM_CM4F/port.o
LOAD Middlewares/Third_Party/FreeRTOS/Source/portable/MemMang/heap_4.o
START GROUP
LOAD d:/programmi/stm32cubeide/stm32cubeide_1.4.0/stm32cubeide/plugins/com.st.stm32cube.ide.mcu.externaltools.gnu-tools-for-stm32.9-2020-q2-update.win32_1.5.0.202011040924/tools/bin/../lib/gcc/arm-none-eabi/9.3.1/../../../../arm-none-eabi/lib/thumb/v7e-m+fp/hard\libc_nano.a
LOAD d:/programmi/stm32cubeide/stm32cubeide_1.4.0/stm32cubeide/plugins/com.st.stm32cube.ide.mcu.externaltools.gnu-tools-for-stm32.9-2020-q2-update.win32_1.5.0.202011040924/tools/bin/../lib/gcc/arm-none-eabi/9.3.1/../../../../arm-none-eabi/lib/thumb/v7e-m+fp/hard\libm.a
END GROUP
START GROUP
LOAD d:/programmi/stm32cubeide/stm32cubeide_1.4.0/stm32cubeide/plugins/com.st.stm32cube.ide.mcu.externaltools.gnu-tools-for-stm32.9-2020-q2-update.win32_1.5.0.202011040924/tools/bin/../lib/gcc/arm-none-eabi/9.3.1/thumb/v7e-m+fp/hard\libgcc.a
LOAD d:/programmi/stm32cubeide/stm32cubeide_1.4.0/stm32cubeide/plugins/com.st.stm32cube.ide.mcu.externaltools.gnu-tools-for-stm32.9-2020-q2-update.win32_1.5.0.202011040924/tools/bin/../lib/gcc/arm-none-eabi/9.3.1/../../../../arm-none-eabi/lib/thumb/v7e-m+fp/hard\libc_nano.a
END GROUP
START GROUP
LOAD d:/programmi/stm32cubeide/stm32cubeide_1.4.0/stm32cubeide/plugins/com.st.stm32cube.ide.mcu.externaltools.gnu-tools-for-stm32.9-2020-q2-update.win32_1.5.0.202011040924/tools/bin/../lib/gcc/arm-none-eabi/9.3.1/thumb/v7e-m+fp/hard\libgcc.a
LOAD d:/programmi/stm32cubeide/stm32cubeide_1.4.0/stm32cubeide/plugins/com.st.stm32cube.ide.mcu.externaltools.gnu-tools-for-stm32.9-2020-q2-update.win32_1.5.0.202011040924/tools/bin/../lib/gcc/arm-none-eabi/9.3.1/../../../../arm-none-eabi/lib/thumb/v7e-m+fp/hard\libc_nano.a
LOAD d:/programmi/stm32cubeide/stm32cubeide_1.4.0/stm32cubeide/plugins/com.st.stm32cube.ide.mcu.externaltools.gnu-tools-for-stm32.9-2020-q2-update.win32_1.5.0.202011040924/tools/bin/../lib/gcc/arm-none-eabi/9.3.1/../../../../arm-none-eabi/lib/thumb/v7e-m+fp/hard\libnosys.a
END GROUP
START GROUP
LOAD d:/programmi/stm32cubeide/stm32cubeide_1.4.0/stm32cubeide/plugins/com.st.stm32cube.ide.mcu.externaltools.gnu-tools-for-stm32.9-2020-q2-update.win32_1.5.0.202011040924/tools/bin/../lib/gcc/arm-none-eabi/9.3.1/thumb/v7e-m+fp/hard\libgcc.a
LOAD d:/programmi/stm32cubeide/stm32cubeide_1.4.0/stm32cubeide/plugins/com.st.stm32cube.ide.mcu.externaltools.gnu-tools-for-stm32.9-2020-q2-update.win32_1.5.0.202011040924/tools/bin/../lib/gcc/arm-none-eabi/9.3.1/../../../../arm-none-eabi/lib/thumb/v7e-m+fp/hard\libc_nano.a
LOAD d:/programmi/stm32cubeide/stm32cubeide_1.4.0/stm32cubeide/plugins/com.st.stm32cube.ide.mcu.externaltools.gnu-tools-for-stm32.9-2020-q2-update.win32_1.5.0.202011040924/tools/bin/../lib/gcc/arm-none-eabi/9.3.1/../../../../arm-none-eabi/lib/thumb/v7e-m+fp/hard\libnosys.a
END GROUP
LOAD d:/programmi/stm32cubeide/stm32cubeide_1.4.0/stm32cubeide/plugins/com.st.stm32cube.ide.mcu.externaltools.gnu-tools-for-stm32.9-2020-q2-update.win32_1.5.0.202011040924/tools/bin/../lib/gcc/arm-none-eabi/9.3.1/thumb/v7e-m+fp/hard/crtend.o
LOAD d:/programmi/stm32cubeide/stm32cubeide_1.4.0/stm32cubeide/plugins/com.st.stm32cube.ide.mcu.externaltools.gnu-tools-for-stm32.9-2020-q2-update.win32_1.5.0.202011040924/tools/bin/../lib/gcc/arm-none-eabi/9.3.1/thumb/v7e-m+fp/hard/crtn.o
                0x0000000020018000                _estack = (ORIGIN (RAM) + LENGTH (RAM))
                0x0000000000000300                _Min_Heap_Size = 0x300
                0x0000000000000400                _Min_Stack_Size = 0x400

.isr_vector     0x0000000008000000      0x188
                0x0000000008000000                . = ALIGN (0x4)
 *(.isr_vector)
 .isr_vector    0x0000000008000000      0x188 Core/Startup/startup_stm32l475vgtx.o
                0x0000000008000000                g_pfnVectors
                0x0000000008000188                . = ALIGN (0x4)

.text           0x0000000008000190    0x10780
                0x0000000008000190                . = ALIGN (0x4)
 *(.text)
 .text          0x0000000008000190       0x40 d:/programmi/stm32cubeide/stm32cubeide_1.4.0/stm32cubeide/plugins/com.st.stm32cube.ide.mcu.externaltools.gnu-tools-for-stm32.9-2020-q2-update.win32_1.5.0.202011040924/tools/bin/../lib/gcc/arm-none-eabi/9.3.1/thumb/v7e-m+fp/hard/crtbegin.o
 .text          0x00000000080001d0       0x10 d:/programmi/stm32cubeide/stm32cubeide_1.4.0/stm32cubeide/plugins/com.st.stm32cube.ide.mcu.externaltools.gnu-tools-for-stm32.9-2020-q2-update.win32_1.5.0.202011040924/tools/bin/../lib/gcc/arm-none-eabi/9.3.1/../../../../arm-none-eabi/lib/thumb/v7e-m+fp/hard\libc_nano.a(lib_a-strlen.o)
                0x00000000080001d0                strlen
 .text          0x00000000080001e0       0xa0 d:/programmi/stm32cubeide/stm32cubeide_1.4.0/stm32cubeide/plugins/com.st.stm32cube.ide.mcu.externaltools.gnu-tools-for-stm32.9-2020-q2-update.win32_1.5.0.202011040924/tools/bin/../lib/gcc/arm-none-eabi/9.3.1/../../../../arm-none-eabi/lib/thumb/v7e-m+fp/hard\libc_nano.a(lib_a-memchr.o)
                0x00000000080001e0                memchr
 .text          0x0000000008000280      0x378 d:/programmi/stm32cubeide/stm32cubeide_1.4.0/stm32cubeide/plugins/com.st.stm32cube.ide.mcu.externaltools.gnu-tools-for-stm32.9-2020-q2-update.win32_1.5.0.202011040924/tools/bin/../lib/gcc/arm-none-eabi/9.3.1/thumb/v7e-m+fp/hard\libgcc.a(_arm_addsubdf3.o)
                0x0000000008000280                __aeabi_drsub
                0x0000000008000288                __aeabi_dsub
                0x0000000008000288                __subdf3
                0x000000000800028c                __aeabi_dadd
                0x000000000800028c                __adddf3
                0x0000000008000504                __floatunsidf
                0x0000000008000504                __aeabi_ui2d
                0x0000000008000524                __floatsidf
                0x0000000008000524                __aeabi_i2d
                0x0000000008000548                __aeabi_f2d
                0x0000000008000548                __extendsfdf2
                0x000000000800058c                __floatundidf
                0x000000000800058c                __aeabi_ul2d
                0x000000000800059c                __floatdidf
                0x000000000800059c                __aeabi_l2d
 .text          0x00000000080005f8      0x424 d:/programmi/stm32cubeide/stm32cubeide_1.4.0/stm32cubeide/plugins/com.st.stm32cube.ide.mcu.externaltools.gnu-tools-for-stm32.9-2020-q2-update.win32_1.5.0.202011040924/tools/bin/../lib/gcc/arm-none-eabi/9.3.1/thumb/v7e-m+fp/hard\libgcc.a(_arm_muldivdf3.o)
                0x00000000080005f8                __aeabi_dmul
                0x00000000080005f8                __muldf3
                0x000000000800084c                __divdf3
                0x000000000800084c                __aeabi_ddiv
 .text          0x0000000008000a1c      0x110 d:/programmi/stm32cubeide/stm32cubeide_1.4.0/stm32cubeide/plugins/com.st.stm32cube.ide.mcu.externaltools.gnu-tools-for-stm32.9-2020-q2-update.win32_1.5.0.202011040924/tools/bin/../lib/gcc/arm-none-eabi/9.3.1/thumb/v7e-m+fp/hard\libgcc.a(_arm_cmpdf2.o)
                0x0000000008000a1c                __gtdf2
                0x0000000008000a1c                __gedf2
                0x0000000008000a24                __ltdf2
                0x0000000008000a24                __ledf2
                0x0000000008000a2c                __nedf2
                0x0000000008000a2c                __eqdf2
                0x0000000008000a2c                __cmpdf2
                0x0000000008000aa8                __aeabi_cdrcmple
                0x0000000008000ab8                __aeabi_cdcmpeq
                0x0000000008000ab8                __aeabi_cdcmple
                0x0000000008000ac8                __aeabi_dcmpeq
                0x0000000008000adc                __aeabi_dcmplt
                0x0000000008000af0                __aeabi_dcmple
                0x0000000008000b04                __aeabi_dcmpge
                0x0000000008000b18                __aeabi_dcmpgt
 .text          0x0000000008000b2c       0x2c d:/programmi/stm32cubeide/stm32cubeide_1.4.0/stm32cubeide/plugins/com.st.stm32cube.ide.mcu.externaltools.gnu-tools-for-stm32.9-2020-q2-update.win32_1.5.0.202011040924/tools/bin/../lib/gcc/arm-none-eabi/9.3.1/thumb/v7e-m+fp/hard\libgcc.a(_arm_unorddf2.o)
                0x0000000008000b2c                __unorddf2
                0x0000000008000b2c                __aeabi_dcmpun
 .text          0x0000000008000b58       0x50 d:/programmi/stm32cubeide/stm32cubeide_1.4.0/stm32cubeide/plugins/com.st.stm32cube.ide.mcu.externaltools.gnu-tools-for-stm32.9-2020-q2-update.win32_1.5.0.202011040924/tools/bin/../lib/gcc/arm-none-eabi/9.3.1/thumb/v7e-m+fp/hard\libgcc.a(_arm_fixdfsi.o)
                0x0000000008000b58                __aeabi_d2iz
                0x0000000008000b58                __fixdfsi
 .text          0x0000000008000ba8       0x30 d:/programmi/stm32cubeide/stm32cubeide_1.4.0/stm32cubeide/plugins/com.st.stm32cube.ide.mcu.externaltools.gnu-tools-for-stm32.9-2020-q2-update.win32_1.5.0.202011040924/tools/bin/../lib/gcc/arm-none-eabi/9.3.1/thumb/v7e-m+fp/hard\libgcc.a(_aeabi_uldivmod.o)
                0x0000000008000ba8                __aeabi_uldivmod
 .text          0x0000000008000bd8      0x2c4 d:/programmi/stm32cubeide/stm32cubeide_1.4.0/stm32cubeide/plugins/com.st.stm32cube.ide.mcu.externaltools.gnu-tools-for-stm32.9-2020-q2-update.win32_1.5.0.202011040924/tools/bin/../lib/gcc/arm-none-eabi/9.3.1/thumb/v7e-m+fp/hard\libgcc.a(_udivmoddi4.o)
                0x0000000008000bd8                __udivmoddi4
 .text          0x0000000008000e9c        0x4 d:/programmi/stm32cubeide/stm32cubeide_1.4.0/stm32cubeide/plugins/com.st.stm32cube.ide.mcu.externaltools.gnu-tools-for-stm32.9-2020-q2-update.win32_1.5.0.202011040924/tools/bin/../lib/gcc/arm-none-eabi/9.3.1/thumb/v7e-m+fp/hard\libgcc.a(_dvmd_tls.o)
                0x0000000008000e9c                __aeabi_idiv0
                0x0000000008000e9c                __aeabi_ldiv0
 *(.text*)
 .text.Hex2Num  0x0000000008000ea0       0x54 Core/Src/WIFI/es_wifi.o
 .text.ParseHexNumber
                0x0000000008000ef4       0x80 Core/Src/WIFI/es_wifi.o
 .text.ParseNumber
                0x0000000008000f74       0x88 Core/Src/WIFI/es_wifi.o
 .text.ParseMAC
                0x0000000008000ffc       0x56 Core/Src/WIFI/es_wifi.o
 .text.ParseIP  0x0000000008001052       0x56 Core/Src/WIFI/es_wifi.o
 .text.AT_ParseInfo
                0x00000000080010a8       0xec Core/Src/WIFI/es_wifi.o
 .text.AT_ParseConnSettings
                0x0000000008001194      0x160 Core/Src/WIFI/es_wifi.o
 .text.AT_ParseIsConnected
                0x00000000080012f4       0x2c Core/Src/WIFI/es_wifi.o
 .text.AT_ExecuteCommand
                0x0000000008001320       0xcc Core/Src/WIFI/es_wifi.o
 .text.AT_RequestSendData
                0x00000000080013ec       0xec Core/Src/WIFI/es_wifi.o
 .text.ES_WIFI_Init
                0x00000000080014d8       0x5c Core/Src/WIFI/es_wifi.o
                0x00000000080014d8                ES_WIFI_Init
 .text.ES_WIFI_RegisterBusIO
                0x0000000008001534       0x66 Core/Src/WIFI/es_wifi.o
                0x0000000008001534                ES_WIFI_RegisterBusIO
 *fill*         0x000000000800159a        0x2 
 .text.ES_WIFI_Connect
                0x000000000800159c       0xf0 Core/Src/WIFI/es_wifi.o
                0x000000000800159c                ES_WIFI_Connect
 .text.ES_WIFI_IsConnected
                0x000000000800168c       0x58 Core/Src/WIFI/es_wifi.o
                0x000000000800168c                ES_WIFI_IsConnected
 .text.ES_WIFI_GetNetworkSettings
                0x00000000080016e4       0x54 Core/Src/WIFI/es_wifi.o
                0x00000000080016e4                ES_WIFI_GetNetworkSettings
 .text.ES_WIFI_GetMACAddress
                0x0000000008001738       0x64 Core/Src/WIFI/es_wifi.o
                0x0000000008001738                ES_WIFI_GetMACAddress
 .text.ES_WIFI_StartClientConnection
                0x000000000800179c      0x1d4 Core/Src/WIFI/es_wifi.o
                0x000000000800179c                ES_WIFI_StartClientConnection
 .text.ES_WIFI_SendData
                0x0000000008001970      0x178 Core/Src/WIFI/es_wifi.o
                0x0000000008001970                ES_WIFI_SendData
 .text.SPI_WIFI_MspInit
                0x0000000008001ae8      0x178 Core/Src/WIFI/es_wifi_io.o
                0x0000000008001ae8                SPI_WIFI_MspInit
 .text.SPI_WIFI_Init
                0x0000000008001c60       0xbc Core/Src/WIFI/es_wifi_io.o
                0x0000000008001c60                SPI_WIFI_Init
 .text.SPI_WIFI_ResetModule
                0x0000000008001d1c       0xe0 Core/Src/WIFI/es_wifi_io.o
                0x0000000008001d1c                SPI_WIFI_ResetModule
 .text.SPI_WIFI_DeInit
                0x0000000008001dfc       0x14 Core/Src/WIFI/es_wifi_io.o
                0x0000000008001dfc                SPI_WIFI_DeInit
 .text.wait_cmddata_rdy_high
                0x0000000008001e10       0x44 Core/Src/WIFI/es_wifi_io.o
 .text.wait_cmddata_rdy_rising_event
                0x0000000008001e54       0x40 Core/Src/WIFI/es_wifi_io.o
 .text.wait_spi_rx_event
                0x0000000008001e94       0x40 Core/Src/WIFI/es_wifi_io.o
 .text.wait_spi_tx_event
                0x0000000008001ed4       0x40 Core/Src/WIFI/es_wifi_io.o
 .text.SPI_WIFI_ReceiveData
                0x0000000008001f14       0xf4 Core/Src/WIFI/es_wifi_io.o
                0x0000000008001f14                SPI_WIFI_ReceiveData
 .text.SPI_WIFI_SendData
                0x0000000008002008       0xdc Core/Src/WIFI/es_wifi_io.o
                0x0000000008002008                SPI_WIFI_SendData
 .text.SPI_WIFI_Delay
                0x00000000080020e4       0x16 Core/Src/WIFI/es_wifi_io.o
                0x00000000080020e4                SPI_WIFI_Delay
 *fill*         0x00000000080020fa        0x2 
 .text.SPI_WIFI_DelayUs
                0x00000000080020fc       0xa4 Core/Src/WIFI/es_wifi_io.o
 .text.HAL_SPI_RxCpltCallback
                0x00000000080021a0       0x28 Core/Src/WIFI/es_wifi_io.o
                0x00000000080021a0                HAL_SPI_RxCpltCallback
 .text.HAL_SPI_TxCpltCallback
                0x00000000080021c8       0x28 Core/Src/WIFI/es_wifi_io.o
                0x00000000080021c8                HAL_SPI_TxCpltCallback
 .text.SPI_WIFI_ISR
                0x00000000080021f0       0x20 Core/Src/WIFI/es_wifi_io.o
                0x00000000080021f0                SPI_WIFI_ISR
 .text.WIFI_Init
                0x0000000008002210       0x58 Core/Src/WIFI/wifi.o
                0x0000000008002210                WIFI_Init
 .text.WIFI_Connect
                0x0000000008002268       0x44 Core/Src/WIFI/wifi.o
                0x0000000008002268                WIFI_Connect
 .text.WIFI_GetMAC_Address
                0x00000000080022ac       0x2c Core/Src/WIFI/wifi.o
                0x00000000080022ac                WIFI_GetMAC_Address
 .text.WIFI_GetIP_Address
                0x00000000080022d8       0x38 Core/Src/WIFI/wifi.o
                0x00000000080022d8                WIFI_GetIP_Address
 .text.WIFI_OpenClientConnection
                0x0000000008002310       0x74 Core/Src/WIFI/wifi.o
                0x0000000008002310                WIFI_OpenClientConnection
 .text.WIFI_SendData
                0x0000000008002384       0x44 Core/Src/WIFI/wifi.o
                0x0000000008002384                WIFI_SendData
 .text.vApplicationGetIdleTaskMemory
                0x00000000080023c8       0x34 Core/Src/freertos.o
                0x00000000080023c8                vApplicationGetIdleTaskMemory
 .text.delayStepM
                0x00000000080023fc       0x34 Core/Src/main.o
                0x00000000080023fc                delayStepM
 .text.HAL_UART_RxCpltCallback
                0x0000000008002430       0x20 Core/Src/main.o
                0x0000000008002430                HAL_UART_RxCpltCallback
 .text.HAL_GPIO_EXTI_Callback
                0x0000000008002450       0x20 Core/Src/main.o
                0x0000000008002450                HAL_GPIO_EXTI_Callback
 .text.SPI3_IRQHandler
                0x0000000008002470       0x14 Core/Src/main.o
                0x0000000008002470                SPI3_IRQHandler
 .text._write   0x0000000008002484       0x28 Core/Src/main.o
                0x0000000008002484                _write
 .text.main     0x00000000080024ac      0x2b8 Core/Src/main.o
                0x00000000080024ac                main
 .text.SystemClock_Config
                0x0000000008002764       0xf0 Core/Src/main.o
                0x0000000008002764                SystemClock_Config
 .text.MX_TIM2_Init
                0x0000000008002854       0xf0 Core/Src/main.o
 .text.MX_TIM8_Init
                0x0000000008002944       0xa8 Core/Src/main.o
 .text.MX_USART1_UART_Init
                0x00000000080029ec       0x60 Core/Src/main.o
 .text.MX_USART3_UART_Init
                0x0000000008002a4c       0x60 Core/Src/main.o
 .text.MX_GPIO_Init
                0x0000000008002aac      0x128 Core/Src/main.o
 .text.StartDefaultTask
                0x0000000008002bd4        0xa Core/Src/main.o
                0x0000000008002bd4                StartDefaultTask
 *fill*         0x0000000008002bde        0x2 
 .text.StartServo
                0x0000000008002be0       0x68 Core/Src/main.o
                0x0000000008002be0                StartServo
 .text.StartStepper
                0x0000000008002c48       0x88 Core/Src/main.o
                0x0000000008002c48                StartStepper
 .text.StartWifi
                0x0000000008002cd0      0x220 Core/Src/main.o
                0x0000000008002cd0                StartWifi
 .text.StartSendData
                0x0000000008002ef0       0xa8 Core/Src/main.o
                0x0000000008002ef0                StartSendData
 .text.StartSensors
                0x0000000008002f98      0x114 Core/Src/main.o
                0x0000000008002f98                StartSensors
 .text.StartManager
                0x00000000080030ac      0x160 Core/Src/main.o
                0x00000000080030ac                StartManager
 .text.Error_Handler
                0x000000000800320c        0xa Core/Src/main.o
                0x000000000800320c                Error_Handler
 .text.stepper_set_rpm
                0x0000000008003216       0x22 Core/Src/stepper.o
                0x0000000008003216                stepper_set_rpm
 .text.stepper_half_drive
                0x0000000008003238      0x1a4 Core/Src/stepper.o
                0x0000000008003238                stepper_half_drive
 .text.stepper_step_angle
                0x00000000080033dc       0x94 Core/Src/stepper.o
                0x00000000080033dc                stepper_step_angle
 .text.HAL_MspInit
                0x0000000008003470       0x50 Core/Src/stm32l4xx_hal_msp.o
                0x0000000008003470                HAL_MspInit
 .text.HAL_TIM_Base_MspInit
                0x00000000080034c0       0x70 Core/Src/stm32l4xx_hal_msp.o
                0x00000000080034c0                HAL_TIM_Base_MspInit
 .text.HAL_TIM_MspPostInit
                0x0000000008003530       0x68 Core/Src/stm32l4xx_hal_msp.o
                0x0000000008003530                HAL_TIM_MspPostInit
 .text.HAL_UART_MspInit
                0x0000000008003598       0xfc Core/Src/stm32l4xx_hal_msp.o
                0x0000000008003598                HAL_UART_MspInit
 .text.NMI_Handler
                0x0000000008003694        0x6 Core/Src/stm32l4xx_it.o
                0x0000000008003694                NMI_Handler
 .text.HardFault_Handler
                0x000000000800369a        0x6 Core/Src/stm32l4xx_it.o
                0x000000000800369a                HardFault_Handler
 .text.MemManage_Handler
                0x00000000080036a0        0x6 Core/Src/stm32l4xx_it.o
                0x00000000080036a0                MemManage_Handler
 .text.BusFault_Handler
                0x00000000080036a6        0x6 Core/Src/stm32l4xx_it.o
                0x00000000080036a6                BusFault_Handler
 .text.EXTI1_IRQHandler
                0x00000000080036ac        0xe Core/Src/stm32l4xx_it.o
                0x00000000080036ac                EXTI1_IRQHandler
 .text.UsageFault_Handler
                0x00000000080036ba        0x6 Core/Src/stm32l4xx_it.o
                0x00000000080036ba                UsageFault_Handler
 .text.DebugMon_Handler
                0x00000000080036c0        0xe Core/Src/stm32l4xx_it.o
                0x00000000080036c0                DebugMon_Handler
 .text.SysTick_Handler
                0x00000000080036ce       0x1a Core/Src/stm32l4xx_it.o
                0x00000000080036ce                SysTick_Handler
 .text.TIM2_IRQHandler
                0x00000000080036e8       0x14 Core/Src/stm32l4xx_it.o
                0x00000000080036e8                TIM2_IRQHandler
 .text.USART3_IRQHandler
                0x00000000080036fc       0x14 Core/Src/stm32l4xx_it.o
                0x00000000080036fc                USART3_IRQHandler
 .text._getpid  0x0000000008003710       0x10 Core/Src/syscalls.o
                0x0000000008003710                _getpid
 .text._kill    0x0000000008003720       0x20 Core/Src/syscalls.o
                0x0000000008003720                _kill
 .text._exit    0x0000000008003740       0x14 Core/Src/syscalls.o
                0x0000000008003740                _exit
 .text._read    0x0000000008003754       0x3a Core/Src/syscalls.o
                0x0000000008003754                _read
 .text._close   0x000000000800378e       0x18 Core/Src/syscalls.o
                0x000000000800378e                _close
 .text._fstat   0x00000000080037a6       0x20 Core/Src/syscalls.o
                0x00000000080037a6                _fstat
 .text._isatty  0x00000000080037c6       0x16 Core/Src/syscalls.o
                0x00000000080037c6                _isatty
 .text._lseek   0x00000000080037dc       0x1a Core/Src/syscalls.o
                0x00000000080037dc                _lseek
 *fill*         0x00000000080037f6        0x2 
 .text._sbrk    0x00000000080037f8       0x6c Core/Src/sysmem.o
                0x00000000080037f8                _sbrk
 .text.SystemInit
                0x0000000008003864       0x6c Core/Src/system_stm32l4xx.o
                0x0000000008003864                SystemInit
 .text.Reset_Handler
                0x00000000080038d0       0x50 Core/Startup/startup_stm32l475vgtx.o
                0x00000000080038d0                Reset_Handler
 .text.Default_Handler
                0x0000000008003920        0x2 Core/Startup/startup_stm32l475vgtx.o
                0x0000000008003920                RTC_Alarm_IRQHandler
                0x0000000008003920                EXTI2_IRQHandler
                0x0000000008003920                TIM8_TRG_COM_IRQHandler
                0x0000000008003920                TIM8_CC_IRQHandler
                0x0000000008003920                TIM1_CC_IRQHandler
                0x0000000008003920                TSC_IRQHandler
                0x0000000008003920                TAMP_STAMP_IRQHandler
                0x0000000008003920                EXTI3_IRQHandler
                0x0000000008003920                LPTIM2_IRQHandler
                0x0000000008003920                DFSDM1_FLT1_IRQHandler
                0x0000000008003920                I2C3_ER_IRQHandler
                0x0000000008003920                DFSDM1_FLT2_IRQHandler
                0x0000000008003920                EXTI0_IRQHandler
                0x0000000008003920                I2C2_EV_IRQHandler
                0x0000000008003920                CAN1_RX0_IRQHandler
                0x0000000008003920                FPU_IRQHandler
                0x0000000008003920                TIM1_UP_TIM16_IRQHandler
                0x0000000008003920                ADC1_2_IRQHandler
                0x0000000008003920                SPI1_IRQHandler
                0x0000000008003920                TIM6_DAC_IRQHandler
                0x0000000008003920                TIM8_UP_IRQHandler
                0x0000000008003920                DMA2_Channel2_IRQHandler
                0x0000000008003920                DMA1_Channel4_IRQHandler
                0x0000000008003920                SAI2_IRQHandler
                0x0000000008003920                DFSDM1_FLT3_IRQHandler
                0x0000000008003920                DMA1_Channel7_IRQHandler
                0x0000000008003920                CAN1_RX1_IRQHandler
                0x0000000008003920                UART5_IRQHandler
                0x0000000008003920                ADC3_IRQHandler
                0x0000000008003920                TIM4_IRQHandler
                0x0000000008003920                DMA2_Channel1_IRQHandler
                0x0000000008003920                QUADSPI_IRQHandler
                0x0000000008003920                I2C1_EV_IRQHandler
                0x0000000008003920                DMA1_Channel6_IRQHandler
                0x0000000008003920                UART4_IRQHandler
                0x0000000008003920                DMA2_Channel4_IRQHandler
                0x0000000008003920                TIM3_IRQHandler
                0x0000000008003920                RCC_IRQHandler
                0x0000000008003920                DMA1_Channel1_IRQHandler
                0x0000000008003920                Default_Handler
                0x0000000008003920                DMA2_Channel7_IRQHandler
                0x0000000008003920                EXTI15_10_IRQHandler
                0x0000000008003920                TIM7_IRQHandler
                0x0000000008003920                SDMMC1_IRQHandler
                0x0000000008003920                TIM5_IRQHandler
                0x0000000008003920                I2C3_EV_IRQHandler
                0x0000000008003920                EXTI9_5_IRQHandler
                0x0000000008003920                RTC_WKUP_IRQHandler
                0x0000000008003920                PVD_PVM_IRQHandler
                0x0000000008003920                SPI2_IRQHandler
                0x0000000008003920                CAN1_TX_IRQHandler
                0x0000000008003920                DMA2_Channel5_IRQHandler
                0x0000000008003920                DMA1_Channel5_IRQHandler
                0x0000000008003920                EXTI4_IRQHandler
                0x0000000008003920                RNG_IRQHandler
                0x0000000008003920                TIM1_TRG_COM_TIM17_IRQHandler
                0x0000000008003920                DMA1_Channel3_IRQHandler
                0x0000000008003920                COMP_IRQHandler
                0x0000000008003920                WWDG_IRQHandler
                0x0000000008003920                LPUART1_IRQHandler
                0x0000000008003920                DMA2_Channel6_IRQHandler
                0x0000000008003920                USART2_IRQHandler
                0x0000000008003920                DFSDM1_FLT0_IRQHandler
                0x0000000008003920                I2C2_ER_IRQHandler
                0x0000000008003920                DMA1_Channel2_IRQHandler
                0x0000000008003920                TIM8_BRK_IRQHandler
                0x0000000008003920                CAN1_SCE_IRQHandler
                0x0000000008003920                FLASH_IRQHandler
                0x0000000008003920                USART1_IRQHandler
                0x0000000008003920                OTG_FS_IRQHandler
                0x0000000008003920                I2C1_ER_IRQHandler
                0x0000000008003920                FMC_IRQHandler
                0x0000000008003920                SWPMI1_IRQHandler
                0x0000000008003920                LPTIM1_IRQHandler
                0x0000000008003920                SAI1_IRQHandler
                0x0000000008003920                DMA2_Channel3_IRQHandler
                0x0000000008003920                TIM1_BRK_TIM15_IRQHandler
 *fill*         0x0000000008003922        0x2 
 .text.BSP_LED_Init
                0x0000000008003924       0x60 Drivers/BSP/B-L475E-IOT01/stm32l475e_iot01.o
                0x0000000008003924                BSP_LED_Init
 .text.BSP_LED_On
                0x0000000008003984       0x2c Drivers/BSP/B-L475E-IOT01/stm32l475e_iot01.o
                0x0000000008003984                BSP_LED_On
 .text.BSP_COM_Init
                0x00000000080039b0       0xd8 Drivers/BSP/B-L475E-IOT01/stm32l475e_iot01.o
                0x00000000080039b0                BSP_COM_Init
 .text.I2Cx_MspInit
                0x0000000008003a88       0xb0 Drivers/BSP/B-L475E-IOT01/stm32l475e_iot01.o
 .text.I2Cx_Init
                0x0000000008003b38       0x5c Drivers/BSP/B-L475E-IOT01/stm32l475e_iot01.o
 .text.I2Cx_ReadMultiple
                0x0000000008003b94       0x5a Drivers/BSP/B-L475E-IOT01/stm32l475e_iot01.o
 .text.I2Cx_WriteMultiple
                0x0000000008003bee       0x5a Drivers/BSP/B-L475E-IOT01/stm32l475e_iot01.o
 .text.I2Cx_Error
                0x0000000008003c48       0x20 Drivers/BSP/B-L475E-IOT01/stm32l475e_iot01.o
 .text.SENSOR_IO_Init
                0x0000000008003c68       0x14 Drivers/BSP/B-L475E-IOT01/stm32l475e_iot01.o
                0x0000000008003c68                SENSOR_IO_Init
 .text.SENSOR_IO_Write
                0x0000000008003c7c       0x34 Drivers/BSP/B-L475E-IOT01/stm32l475e_iot01.o
                0x0000000008003c7c                SENSOR_IO_Write
 .text.SENSOR_IO_Read
                0x0000000008003cb0       0x3c Drivers/BSP/B-L475E-IOT01/stm32l475e_iot01.o
                0x0000000008003cb0                SENSOR_IO_Read
 .text.SENSOR_IO_ReadMultiple
                0x0000000008003cec       0x3c Drivers/BSP/B-L475E-IOT01/stm32l475e_iot01.o
                0x0000000008003cec                SENSOR_IO_ReadMultiple
 .text.BSP_ACCELERO_Init
                0x0000000008003d28       0x7c Drivers/BSP/B-L475E-IOT01/stm32l475e_iot01_accelero.o
                0x0000000008003d28                BSP_ACCELERO_Init
 .text.BSP_ACCELERO_AccGetXYZ
                0x0000000008003da4       0x30 Drivers/BSP/B-L475E-IOT01/stm32l475e_iot01_accelero.o
                0x0000000008003da4                BSP_ACCELERO_AccGetXYZ
 .text.BSP_PSENSOR_Init
                0x0000000008003dd4       0x40 Drivers/BSP/B-L475E-IOT01/stm32l475e_iot01_psensor.o
                0x0000000008003dd4                BSP_PSENSOR_Init
 .text.BSP_PSENSOR_ReadPressure
                0x0000000008003e14       0x1c Drivers/BSP/B-L475E-IOT01/stm32l475e_iot01_psensor.o
                0x0000000008003e14                BSP_PSENSOR_ReadPressure
 .text.BSP_TSENSOR_Init
                0x0000000008003e30       0x38 Drivers/BSP/B-L475E-IOT01/stm32l475e_iot01_tsensor.o
                0x0000000008003e30                BSP_TSENSOR_Init
 .text.BSP_TSENSOR_ReadTemp
                0x0000000008003e68       0x1c Drivers/BSP/B-L475E-IOT01/stm32l475e_iot01_tsensor.o
                0x0000000008003e68                BSP_TSENSOR_ReadTemp
 .text.HTS221_T_Init
                0x0000000008003e84       0x5a Drivers/BSP/Components/hts221/hts221.o
                0x0000000008003e84                HTS221_T_Init
 .text.HTS221_T_ReadTemp
                0x0000000008003ede      0x10e Drivers/BSP/Components/hts221/hts221.o
                0x0000000008003ede                HTS221_T_ReadTemp
 .text.LPS22HB_P_Init
                0x0000000008003fec       0x1a Drivers/BSP/Components/lps22hb/lps22hb.o
                0x0000000008003fec                LPS22HB_P_Init
 .text.LPS22HB_P_ReadID
                0x0000000008004006       0x2c Drivers/BSP/Components/lps22hb/lps22hb.o
                0x0000000008004006                LPS22HB_P_ReadID
 *fill*         0x0000000008004032        0x2 
 .text.LPS22HB_P_ReadPressure
                0x0000000008004034       0xc0 Drivers/BSP/Components/lps22hb/lps22hb.o
                0x0000000008004034                LPS22HB_P_ReadPressure
 .text.LPS22HB_Init
                0x00000000080040f4       0x7e Drivers/BSP/Components/lps22hb/lps22hb.o
 .text.LSM6DSL_AccInit
                0x0000000008004172       0x72 Drivers/BSP/Components/lsm6dsl/lsm6dsl.o
                0x0000000008004172                LSM6DSL_AccInit
 .text.LSM6DSL_AccDeInit
                0x00000000080041e4       0x32 Drivers/BSP/Components/lsm6dsl/lsm6dsl.o
                0x00000000080041e4                LSM6DSL_AccDeInit
 .text.LSM6DSL_AccReadID
                0x0000000008004216       0x16 Drivers/BSP/Components/lsm6dsl/lsm6dsl.o
                0x0000000008004216                LSM6DSL_AccReadID
 .text.LSM6DSL_AccLowPower
                0x000000000800422c       0x44 Drivers/BSP/Components/lsm6dsl/lsm6dsl.o
                0x000000000800422c                LSM6DSL_AccLowPower
 .text.LSM6DSL_AccReadXYZ
                0x0000000008004270      0x138 Drivers/BSP/Components/lsm6dsl/lsm6dsl.o
                0x0000000008004270                LSM6DSL_AccReadXYZ
 .text.HAL_Init
                0x00000000080043a8       0x30 Drivers/STM32L4xx_HAL_Driver/Src/stm32l4xx_hal.o
                0x00000000080043a8                HAL_Init
 .text.HAL_InitTick
                0x00000000080043d8       0x78 Drivers/STM32L4xx_HAL_Driver/Src/stm32l4xx_hal.o
                0x00000000080043d8                HAL_InitTick
 .text.HAL_IncTick
                0x0000000008004450       0x28 Drivers/STM32L4xx_HAL_Driver/Src/stm32l4xx_hal.o
                0x0000000008004450                HAL_IncTick
 .text.HAL_GetTick
                0x0000000008004478       0x18 Drivers/STM32L4xx_HAL_Driver/Src/stm32l4xx_hal.o
                0x0000000008004478                HAL_GetTick
 .text.HAL_Delay
                0x0000000008004490       0x48 Drivers/STM32L4xx_HAL_Driver/Src/stm32l4xx_hal.o
                0x0000000008004490                HAL_Delay
 .text.__NVIC_SetPriorityGrouping
                0x00000000080044d8       0x48 Drivers/STM32L4xx_HAL_Driver/Src/stm32l4xx_hal_cortex.o
 .text.__NVIC_GetPriorityGrouping
                0x0000000008004520       0x1c Drivers/STM32L4xx_HAL_Driver/Src/stm32l4xx_hal_cortex.o
 .text.__NVIC_EnableIRQ
                0x000000000800453c       0x3c Drivers/STM32L4xx_HAL_Driver/Src/stm32l4xx_hal_cortex.o
 .text.__NVIC_SetPriority
                0x0000000008004578       0x54 Drivers/STM32L4xx_HAL_Driver/Src/stm32l4xx_hal_cortex.o
 .text.NVIC_EncodePriority
                0x00000000080045cc       0x66 Drivers/STM32L4xx_HAL_Driver/Src/stm32l4xx_hal_cortex.o
 *fill*         0x0000000008004632        0x2 
 .text.SysTick_Config
                0x0000000008004634       0x44 Drivers/STM32L4xx_HAL_Driver/Src/stm32l4xx_hal_cortex.o
 .text.HAL_NVIC_SetPriorityGrouping
                0x0000000008004678       0x16 Drivers/STM32L4xx_HAL_Driver/Src/stm32l4xx_hal_cortex.o
                0x0000000008004678                HAL_NVIC_SetPriorityGrouping
 .text.HAL_NVIC_SetPriority
                0x000000000800468e       0x38 Drivers/STM32L4xx_HAL_Driver/Src/stm32l4xx_hal_cortex.o
                0x000000000800468e                HAL_NVIC_SetPriority
 .text.HAL_NVIC_EnableIRQ
                0x00000000080046c6       0x1c Drivers/STM32L4xx_HAL_Driver/Src/stm32l4xx_hal_cortex.o
                0x00000000080046c6                HAL_NVIC_EnableIRQ
 .text.HAL_SYSTICK_Config
                0x00000000080046e2       0x18 Drivers/STM32L4xx_HAL_Driver/Src/stm32l4xx_hal_cortex.o
                0x00000000080046e2                HAL_SYSTICK_Config
 .text.HAL_DMA_Abort_IT
                0x00000000080046fa       0x82 Drivers/STM32L4xx_HAL_Driver/Src/stm32l4xx_hal_dma.o
                0x00000000080046fa                HAL_DMA_Abort_IT
 .text.HAL_GPIO_Init
                0x000000000800477c      0x354 Drivers/STM32L4xx_HAL_Driver/Src/stm32l4xx_hal_gpio.o
                0x000000000800477c                HAL_GPIO_Init
 .text.HAL_GPIO_ReadPin
                0x0000000008004ad0       0x30 Drivers/STM32L4xx_HAL_Driver/Src/stm32l4xx_hal_gpio.o
                0x0000000008004ad0                HAL_GPIO_ReadPin
 .text.HAL_GPIO_WritePin
                0x0000000008004b00       0x30 Drivers/STM32L4xx_HAL_Driver/Src/stm32l4xx_hal_gpio.o
                0x0000000008004b00                HAL_GPIO_WritePin
 .text.HAL_GPIO_EXTI_IRQHandler
                0x0000000008004b30       0x30 Drivers/STM32L4xx_HAL_Driver/Src/stm32l4xx_hal_gpio.o
                0x0000000008004b30                HAL_GPIO_EXTI_IRQHandler
 .text.HAL_I2C_Init
                0x0000000008004b60      0x11e Drivers/STM32L4xx_HAL_Driver/Src/stm32l4xx_hal_i2c.o
                0x0000000008004b60                HAL_I2C_Init
 .text.HAL_I2C_DeInit
                0x0000000008004c7e       0x5e Drivers/STM32L4xx_HAL_Driver/Src/stm32l4xx_hal_i2c.o
                0x0000000008004c7e                HAL_I2C_DeInit
 .text.HAL_I2C_MspInit
                0x0000000008004cdc       0x14 Drivers/STM32L4xx_HAL_Driver/Src/stm32l4xx_hal_i2c.o
                0x0000000008004cdc                HAL_I2C_MspInit
 .text.HAL_I2C_MspDeInit
                0x0000000008004cf0       0x14 Drivers/STM32L4xx_HAL_Driver/Src/stm32l4xx_hal_i2c.o
                0x0000000008004cf0                HAL_I2C_MspDeInit
 .text.HAL_I2C_Mem_Write
                0x0000000008004d04      0x228 Drivers/STM32L4xx_HAL_Driver/Src/stm32l4xx_hal_i2c.o
                0x0000000008004d04                HAL_I2C_Mem_Write
 .text.HAL_I2C_Mem_Read
                0x0000000008004f2c      0x234 Drivers/STM32L4xx_HAL_Driver/Src/stm32l4xx_hal_i2c.o
                0x0000000008004f2c                HAL_I2C_Mem_Read
 .text.I2C_RequestMemoryWrite
                0x0000000008005160       0xa8 Drivers/STM32L4xx_HAL_Driver/Src/stm32l4xx_hal_i2c.o
 .text.I2C_RequestMemoryRead
                0x0000000008005208       0xa8 Drivers/STM32L4xx_HAL_Driver/Src/stm32l4xx_hal_i2c.o
 .text.I2C_Flush_TXDR
                0x00000000080052b0       0x48 Drivers/STM32L4xx_HAL_Driver/Src/stm32l4xx_hal_i2c.o
 .text.I2C_WaitOnFlagUntilTimeout
                0x00000000080052f8       0x80 Drivers/STM32L4xx_HAL_Driver/Src/stm32l4xx_hal_i2c.o
 .text.I2C_WaitOnTXISFlagUntilTimeout
                0x0000000008005378       0x80 Drivers/STM32L4xx_HAL_Driver/Src/stm32l4xx_hal_i2c.o
 .text.I2C_WaitOnSTOPFlagUntilTimeout
                0x00000000080053f8       0x78 Drivers/STM32L4xx_HAL_Driver/Src/stm32l4xx_hal_i2c.o
 .text.I2C_IsAcknowledgeFailed
                0x0000000008005470       0xcc Drivers/STM32L4xx_HAL_Driver/Src/stm32l4xx_hal_i2c.o
 .text.I2C_TransferConfig
                0x000000000800553c       0x5c Drivers/STM32L4xx_HAL_Driver/Src/stm32l4xx_hal_i2c.o
 .text.HAL_I2CEx_ConfigAnalogFilter
                0x0000000008005598       0x96 Drivers/STM32L4xx_HAL_Driver/Src/stm32l4xx_hal_i2c_ex.o
                0x0000000008005598                HAL_I2CEx_ConfigAnalogFilter
 *fill*         0x000000000800562e        0x2 
 .text.HAL_PWREx_GetVoltageRange
                0x0000000008005630       0x1c Drivers/STM32L4xx_HAL_Driver/Src/stm32l4xx_hal_pwr_ex.o
                0x0000000008005630                HAL_PWREx_GetVoltageRange
 .text.HAL_PWREx_ControlVoltageScaling
                0x000000000800564c       0xac Drivers/STM32L4xx_HAL_Driver/Src/stm32l4xx_hal_pwr_ex.o
                0x000000000800564c                HAL_PWREx_ControlVoltageScaling
 .text.HAL_RCC_OscConfig
                0x00000000080056f8      0x7cc Drivers/STM32L4xx_HAL_Driver/Src/stm32l4xx_hal_rcc.o
                0x00000000080056f8                HAL_RCC_OscConfig
 .text.HAL_RCC_ClockConfig
                0x0000000008005ec4      0x1c4 Drivers/STM32L4xx_HAL_Driver/Src/stm32l4xx_hal_rcc.o
                0x0000000008005ec4                HAL_RCC_ClockConfig
 .text.HAL_RCC_GetSysClockFreq
                0x0000000008006088      0x118 Drivers/STM32L4xx_HAL_Driver/Src/stm32l4xx_hal_rcc.o
                0x0000000008006088                HAL_RCC_GetSysClockFreq
 .text.HAL_RCC_GetHCLKFreq
                0x00000000080061a0       0x18 Drivers/STM32L4xx_HAL_Driver/Src/stm32l4xx_hal_rcc.o
                0x00000000080061a0                HAL_RCC_GetHCLKFreq
 .text.HAL_RCC_GetPCLK1Freq
                0x00000000080061b8       0x2c Drivers/STM32L4xx_HAL_Driver/Src/stm32l4xx_hal_rcc.o
                0x00000000080061b8                HAL_RCC_GetPCLK1Freq
 .text.HAL_RCC_GetPCLK2Freq
                0x00000000080061e4       0x2c Drivers/STM32L4xx_HAL_Driver/Src/stm32l4xx_hal_rcc.o
                0x00000000080061e4                HAL_RCC_GetPCLK2Freq
 .text.RCC_SetFlashLatencyFromMSIRange
                0x0000000008006210       0xc0 Drivers/STM32L4xx_HAL_Driver/Src/stm32l4xx_hal_rcc.o
 .text.HAL_RCCEx_PeriphCLKConfig
                0x00000000080062d0      0x5d4 Drivers/STM32L4xx_HAL_Driver/Src/stm32l4xx_hal_rcc_ex.o
                0x00000000080062d0                HAL_RCCEx_PeriphCLKConfig
 .text.RCCEx_PLLSAI1_Config
                0x00000000080068a4      0x1e8 Drivers/STM32L4xx_HAL_Driver/Src/stm32l4xx_hal_rcc_ex.o
 .text.RCCEx_PLLSAI2_Config
                0x0000000008006a8c      0x1bc Drivers/STM32L4xx_HAL_Driver/Src/stm32l4xx_hal_rcc_ex.o
 .text.HAL_SPI_Init
                0x0000000008006c48      0x198 Drivers/STM32L4xx_HAL_Driver/Src/stm32l4xx_hal_spi.o
                0x0000000008006c48                HAL_SPI_Init
 .text.HAL_SPI_DeInit
                0x0000000008006de0       0x50 Drivers/STM32L4xx_HAL_Driver/Src/stm32l4xx_hal_spi.o
                0x0000000008006de0                HAL_SPI_DeInit
 .text.HAL_SPI_MspInit
                0x0000000008006e30       0x14 Drivers/STM32L4xx_HAL_Driver/Src/stm32l4xx_hal_spi.o
                0x0000000008006e30                HAL_SPI_MspInit
 .text.HAL_SPI_MspDeInit
                0x0000000008006e44       0x14 Drivers/STM32L4xx_HAL_Driver/Src/stm32l4xx_hal_spi.o
                0x0000000008006e44                HAL_SPI_MspDeInit
 .text.HAL_SPI_Receive
                0x0000000008006e58      0x3ba Drivers/STM32L4xx_HAL_Driver/Src/stm32l4xx_hal_spi.o
                0x0000000008006e58                HAL_SPI_Receive
 .text.HAL_SPI_TransmitReceive
                0x0000000008007212      0x5c4 Drivers/STM32L4xx_HAL_Driver/Src/stm32l4xx_hal_spi.o
                0x0000000008007212                HAL_SPI_TransmitReceive
 *fill*         0x00000000080077d6        0x2 
 .text.HAL_SPI_Transmit_IT
                0x00000000080077d8      0x144 Drivers/STM32L4xx_HAL_Driver/Src/stm32l4xx_hal_spi.o
                0x00000000080077d8                HAL_SPI_Transmit_IT
 .text.HAL_SPI_Receive_IT
                0x000000000800791c      0x1b0 Drivers/STM32L4xx_HAL_Driver/Src/stm32l4xx_hal_spi.o
                0x000000000800791c                HAL_SPI_Receive_IT
 .text.HAL_SPI_TransmitReceive_IT
                0x0000000008007acc      0x1b0 Drivers/STM32L4xx_HAL_Driver/Src/stm32l4xx_hal_spi.o
                0x0000000008007acc                HAL_SPI_TransmitReceive_IT
 .text.HAL_SPI_IRQHandler
                0x0000000008007c7c      0x200 Drivers/STM32L4xx_HAL_Driver/Src/stm32l4xx_hal_spi.o
                0x0000000008007c7c                HAL_SPI_IRQHandler
 .text.HAL_SPI_TxRxCpltCallback
                0x0000000008007e7c       0x14 Drivers/STM32L4xx_HAL_Driver/Src/stm32l4xx_hal_spi.o
                0x0000000008007e7c                HAL_SPI_TxRxCpltCallback
 .text.HAL_SPI_ErrorCallback
                0x0000000008007e90       0x14 Drivers/STM32L4xx_HAL_Driver/Src/stm32l4xx_hal_spi.o
                0x0000000008007e90                HAL_SPI_ErrorCallback
 .text.SPI_DMAAbortOnError
                0x0000000008007ea4       0x2a Drivers/STM32L4xx_HAL_Driver/Src/stm32l4xx_hal_spi.o
 *fill*         0x0000000008007ece        0x2 
 .text.SPI_2linesRxISR_8BIT
                0x0000000008007ed0       0xe4 Drivers/STM32L4xx_HAL_Driver/Src/stm32l4xx_hal_spi.o
 .text.SPI_2linesRxISR_8BITCRC
                0x0000000008007fb4       0x54 Drivers/STM32L4xx_HAL_Driver/Src/stm32l4xx_hal_spi.o
 .text.SPI_2linesTxISR_8BIT
                0x0000000008008008       0xbc Drivers/STM32L4xx_HAL_Driver/Src/stm32l4xx_hal_spi.o
 .text.SPI_2linesRxISR_16BIT
                0x00000000080080c4       0x7c Drivers/STM32L4xx_HAL_Driver/Src/stm32l4xx_hal_spi.o
 .text.SPI_2linesRxISR_16BITCRC
                0x0000000008008140       0x34 Drivers/STM32L4xx_HAL_Driver/Src/stm32l4xx_hal_spi.o
 .text.SPI_2linesTxISR_16BIT
                0x0000000008008174       0x8a Drivers/STM32L4xx_HAL_Driver/Src/stm32l4xx_hal_spi.o
 .text.SPI_RxISR_8BITCRC
                0x00000000080081fe       0x3a Drivers/STM32L4xx_HAL_Driver/Src/stm32l4xx_hal_spi.o
 .text.SPI_RxISR_8BIT
                0x0000000008008238       0x8c Drivers/STM32L4xx_HAL_Driver/Src/stm32l4xx_hal_spi.o
 .text.SPI_RxISR_16BITCRC
                0x00000000080082c4       0x34 Drivers/STM32L4xx_HAL_Driver/Src/stm32l4xx_hal_spi.o
 .text.SPI_RxISR_16BIT
                0x00000000080082f8       0x88 Drivers/STM32L4xx_HAL_Driver/Src/stm32l4xx_hal_spi.o
 .text.SPI_TxISR_8BIT
                0x0000000008008380       0x60 Drivers/STM32L4xx_HAL_Driver/Src/stm32l4xx_hal_spi.o
 .text.SPI_TxISR_16BIT
                0x00000000080083e0       0x5e Drivers/STM32L4xx_HAL_Driver/Src/stm32l4xx_hal_spi.o
 *fill*         0x000000000800843e        0x2 
 .text.SPI_WaitFlagStateUntilTimeout
                0x0000000008008440      0x110 Drivers/STM32L4xx_HAL_Driver/Src/stm32l4xx_hal_spi.o
 .text.SPI_WaitFifoStateUntilTimeout
                0x0000000008008550      0x124 Drivers/STM32L4xx_HAL_Driver/Src/stm32l4xx_hal_spi.o
 .text.SPI_EndRxTransaction
                0x0000000008008674       0xb0 Drivers/STM32L4xx_HAL_Driver/Src/stm32l4xx_hal_spi.o
 .text.SPI_EndRxTxTransaction
                0x0000000008008724       0x8c Drivers/STM32L4xx_HAL_Driver/Src/stm32l4xx_hal_spi.o
 .text.SPI_CloseRxTx_ISR
                0x00000000080087b0       0xb8 Drivers/STM32L4xx_HAL_Driver/Src/stm32l4xx_hal_spi.o
 .text.SPI_CloseRx_ISR
                0x0000000008008868       0x8c Drivers/STM32L4xx_HAL_Driver/Src/stm32l4xx_hal_spi.o
 .text.SPI_CloseTx_ISR
                0x00000000080088f4       0x7e Drivers/STM32L4xx_HAL_Driver/Src/stm32l4xx_hal_spi.o
 .text.HAL_TIM_Base_Init
                0x0000000008008972       0xae Drivers/STM32L4xx_HAL_Driver/Src/stm32l4xx_hal_tim.o
                0x0000000008008972                HAL_TIM_Base_Init
 .text.HAL_TIM_Base_Start
                0x0000000008008a20       0xd0 Drivers/STM32L4xx_HAL_Driver/Src/stm32l4xx_hal_tim.o
                0x0000000008008a20                HAL_TIM_Base_Start
 .text.HAL_TIM_PWM_Init
                0x0000000008008af0       0xae Drivers/STM32L4xx_HAL_Driver/Src/stm32l4xx_hal_tim.o
                0x0000000008008af0                HAL_TIM_PWM_Init
 .text.HAL_TIM_PWM_MspInit
                0x0000000008008b9e       0x14 Drivers/STM32L4xx_HAL_Driver/Src/stm32l4xx_hal_tim.o
                0x0000000008008b9e                HAL_TIM_PWM_MspInit
 *fill*         0x0000000008008bb2        0x2 
 .text.HAL_TIM_PWM_Start
                0x0000000008008bb4      0x20c Drivers/STM32L4xx_HAL_Driver/Src/stm32l4xx_hal_tim.o
                0x0000000008008bb4                HAL_TIM_PWM_Start
 .text.HAL_TIM_IRQHandler
                0x0000000008008dc0      0x23e Drivers/STM32L4xx_HAL_Driver/Src/stm32l4xx_hal_tim.o
                0x0000000008008dc0                HAL_TIM_IRQHandler
 *fill*         0x0000000008008ffe        0x2 
 .text.HAL_TIM_PWM_ConfigChannel
                0x0000000008009000      0x220 Drivers/STM32L4xx_HAL_Driver/Src/stm32l4xx_hal_tim.o
                0x0000000008009000                HAL_TIM_PWM_ConfigChannel
 .text.HAL_TIM_ConfigClockSource
                0x0000000008009220      0x18c Drivers/STM32L4xx_HAL_Driver/Src/stm32l4xx_hal_tim.o
                0x0000000008009220                HAL_TIM_ConfigClockSource
 .text.HAL_TIM_PeriodElapsedCallback
                0x00000000080093ac       0x14 Drivers/STM32L4xx_HAL_Driver/Src/stm32l4xx_hal_tim.o
                0x00000000080093ac                HAL_TIM_PeriodElapsedCallback
 .text.HAL_TIM_OC_DelayElapsedCallback
                0x00000000080093c0       0x14 Drivers/STM32L4xx_HAL_Driver/Src/stm32l4xx_hal_tim.o
                0x00000000080093c0                HAL_TIM_OC_DelayElapsedCallback
 .text.HAL_TIM_IC_CaptureCallback
                0x00000000080093d4       0x14 Drivers/STM32L4xx_HAL_Driver/Src/stm32l4xx_hal_tim.o
                0x00000000080093d4                HAL_TIM_IC_CaptureCallback
 .text.HAL_TIM_PWM_PulseFinishedCallback
                0x00000000080093e8       0x14 Drivers/STM32L4xx_HAL_Driver/Src/stm32l4xx_hal_tim.o
                0x00000000080093e8                HAL_TIM_PWM_PulseFinishedCallback
 .text.HAL_TIM_TriggerCallback
                0x00000000080093fc       0x14 Drivers/STM32L4xx_HAL_Driver/Src/stm32l4xx_hal_tim.o
                0x00000000080093fc                HAL_TIM_TriggerCallback
 .text.TIM_Base_SetConfig
                0x0000000008009410      0x134 Drivers/STM32L4xx_HAL_Driver/Src/stm32l4xx_hal_tim.o
                0x0000000008009410                TIM_Base_SetConfig
 .text.TIM_OC1_SetConfig
                0x0000000008009544      0x120 Drivers/STM32L4xx_HAL_Driver/Src/stm32l4xx_hal_tim.o
 .text.TIM_OC2_SetConfig
                0x0000000008009664      0x114 Drivers/STM32L4xx_HAL_Driver/Src/stm32l4xx_hal_tim.o
                0x0000000008009664                TIM_OC2_SetConfig
 .text.TIM_OC3_SetConfig
                0x0000000008009778      0x110 Drivers/STM32L4xx_HAL_Driver/Src/stm32l4xx_hal_tim.o
 .text.TIM_OC4_SetConfig
                0x0000000008009888       0xd4 Drivers/STM32L4xx_HAL_Driver/Src/stm32l4xx_hal_tim.o
 .text.TIM_OC5_SetConfig
                0x000000000800995c       0xc8 Drivers/STM32L4xx_HAL_Driver/Src/stm32l4xx_hal_tim.o
 .text.TIM_OC6_SetConfig
                0x0000000008009a24       0xcc Drivers/STM32L4xx_HAL_Driver/Src/stm32l4xx_hal_tim.o
 .text.TIM_TI1_ConfigInputStage
                0x0000000008009af0       0x5e Drivers/STM32L4xx_HAL_Driver/Src/stm32l4xx_hal_tim.o
 .text.TIM_TI2_ConfigInputStage
                0x0000000008009b4e       0x60 Drivers/STM32L4xx_HAL_Driver/Src/stm32l4xx_hal_tim.o
 .text.TIM_ITRx_SetConfig
                0x0000000008009bae       0x36 Drivers/STM32L4xx_HAL_Driver/Src/stm32l4xx_hal_tim.o
 .text.TIM_ETR_SetConfig
                0x0000000008009be4       0x40 Drivers/STM32L4xx_HAL_Driver/Src/stm32l4xx_hal_tim.o
                0x0000000008009be4                TIM_ETR_SetConfig
 .text.TIM_CCxChannelCmd
                0x0000000008009c24       0x4a Drivers/STM32L4xx_HAL_Driver/Src/stm32l4xx_hal_tim.o
                0x0000000008009c24                TIM_CCxChannelCmd
 *fill*         0x0000000008009c6e        0x2 
 .text.HAL_TIMEx_MasterConfigSynchronization
                0x0000000008009c70      0x110 Drivers/STM32L4xx_HAL_Driver/Src/stm32l4xx_hal_tim_ex.o
                0x0000000008009c70                HAL_TIMEx_MasterConfigSynchronization
 .text.HAL_TIMEx_CommutCallback
                0x0000000008009d80       0x14 Drivers/STM32L4xx_HAL_Driver/Src/stm32l4xx_hal_tim_ex.o
                0x0000000008009d80                HAL_TIMEx_CommutCallback
 .text.HAL_TIMEx_BreakCallback
                0x0000000008009d94       0x14 Drivers/STM32L4xx_HAL_Driver/Src/stm32l4xx_hal_tim_ex.o
                0x0000000008009d94                HAL_TIMEx_BreakCallback
 .text.HAL_TIMEx_Break2Callback
                0x0000000008009da8       0x14 Drivers/STM32L4xx_HAL_Driver/Src/stm32l4xx_hal_tim_ex.o
                0x0000000008009da8                HAL_TIMEx_Break2Callback
 .text.HAL_UART_Init
                0x0000000008009dbc       0x9c Drivers/STM32L4xx_HAL_Driver/Src/stm32l4xx_hal_uart.o
                0x0000000008009dbc                HAL_UART_Init
 .text.HAL_UART_Transmit
                0x0000000008009e58      0x126 Drivers/STM32L4xx_HAL_Driver/Src/stm32l4xx_hal_uart.o
                0x0000000008009e58                HAL_UART_Transmit
 *fill*         0x0000000008009f7e        0x2 
 .text.HAL_UART_Receive_IT
                0x0000000008009f80      0x144 Drivers/STM32L4xx_HAL_Driver/Src/stm32l4xx_hal_uart.o
                0x0000000008009f80                HAL_UART_Receive_IT
 .text.HAL_UART_IRQHandler
                0x000000000800a0c4      0x28c Drivers/STM32L4xx_HAL_Driver/Src/stm32l4xx_hal_uart.o
                0x000000000800a0c4                HAL_UART_IRQHandler
 .text.HAL_UART_TxCpltCallback
                0x000000000800a350       0x14 Drivers/STM32L4xx_HAL_Driver/Src/stm32l4xx_hal_uart.o
                0x000000000800a350                HAL_UART_TxCpltCallback
 .text.HAL_UART_ErrorCallback
                0x000000000800a364       0x14 Drivers/STM32L4xx_HAL_Driver/Src/stm32l4xx_hal_uart.o
                0x000000000800a364                HAL_UART_ErrorCallback
 .text.UART_SetConfig
                0x000000000800a378      0x514 Drivers/STM32L4xx_HAL_Driver/Src/stm32l4xx_hal_uart.o
                0x000000000800a378                UART_SetConfig
 .text.UART_AdvFeatureConfig
                0x000000000800a88c      0x144 Drivers/STM32L4xx_HAL_Driver/Src/stm32l4xx_hal_uart.o
                0x000000000800a88c                UART_AdvFeatureConfig
 .text.UART_CheckIdleState
                0x000000000800a9d0       0x8a Drivers/STM32L4xx_HAL_Driver/Src/stm32l4xx_hal_uart.o
                0x000000000800a9d0                UART_CheckIdleState
 .text.UART_WaitOnFlagUntilTimeout
                0x000000000800aa5a       0xf6 Drivers/STM32L4xx_HAL_Driver/Src/stm32l4xx_hal_uart.o
                0x000000000800aa5a                UART_WaitOnFlagUntilTimeout
 .text.UART_EndRxTransfer
                0x000000000800ab50       0x40 Drivers/STM32L4xx_HAL_Driver/Src/stm32l4xx_hal_uart.o
 .text.UART_DMAAbortOnError
                0x000000000800ab90       0x2c Drivers/STM32L4xx_HAL_Driver/Src/stm32l4xx_hal_uart.o
 .text.UART_EndTransmit_IT
                0x000000000800abbc       0x32 Drivers/STM32L4xx_HAL_Driver/Src/stm32l4xx_hal_uart.o
 .text.UART_RxISR_8BIT
                0x000000000800abee       0xaa Drivers/STM32L4xx_HAL_Driver/Src/stm32l4xx_hal_uart.o
 .text.UART_RxISR_16BIT
                0x000000000800ac98       0xaa Drivers/STM32L4xx_HAL_Driver/Src/stm32l4xx_hal_uart.o
 .text.HAL_UARTEx_WakeupCallback
                0x000000000800ad42       0x14 Drivers/STM32L4xx_HAL_Driver/Src/stm32l4xx_hal_uart_ex.o
                0x000000000800ad42                HAL_UARTEx_WakeupCallback
 .text.makeFreeRtosPriority
                0x000000000800ad56       0x30 Middlewares/Third_Party/FreeRTOS/Source/CMSIS_RTOS/cmsis_os.o
 .text.inHandlerMode
                0x000000000800ad86       0x24 Middlewares/Third_Party/FreeRTOS/Source/CMSIS_RTOS/cmsis_os.o
 .text.osKernelStart
                0x000000000800adaa        0xe Middlewares/Third_Party/FreeRTOS/Source/CMSIS_RTOS/cmsis_os.o
                0x000000000800adaa                osKernelStart
 .text.osThreadCreate
                0x000000000800adb8       0x98 Middlewares/Third_Party/FreeRTOS/Source/CMSIS_RTOS/cmsis_os.o
                0x000000000800adb8                osThreadCreate
 .text.osDelay  0x000000000800ae50       0x28 Middlewares/Third_Party/FreeRTOS/Source/CMSIS_RTOS/cmsis_os.o
                0x000000000800ae50                osDelay
 .text.osSemaphoreCreate
                0x000000000800ae78       0x64 Middlewares/Third_Party/FreeRTOS/Source/CMSIS_RTOS/cmsis_os.o
                0x000000000800ae78                osSemaphoreCreate
 .text.osSemaphoreWait
                0x000000000800aedc       0x9c Middlewares/Third_Party/FreeRTOS/Source/CMSIS_RTOS/cmsis_os.o
                0x000000000800aedc                osSemaphoreWait
 .text.osSemaphoreRelease
                0x000000000800af78       0x6c Middlewares/Third_Party/FreeRTOS/Source/CMSIS_RTOS/cmsis_os.o
                0x000000000800af78                osSemaphoreRelease
 .text.osMessageCreate
                0x000000000800afe4       0x50 Middlewares/Third_Party/FreeRTOS/Source/CMSIS_RTOS/cmsis_os.o
                0x000000000800afe4                osMessageCreate
 .text.osMessagePut
                0x000000000800b034       0x80 Middlewares/Third_Party/FreeRTOS/Source/CMSIS_RTOS/cmsis_os.o
                0x000000000800b034                osMessagePut
 .text.osMessageGet
                0x000000000800b0b4       0xe8 Middlewares/Third_Party/FreeRTOS/Source/CMSIS_RTOS/cmsis_os.o
                0x000000000800b0b4                osMessageGet
 .text.vListInitialise
                0x000000000800b19c       0x40 Middlewares/Third_Party/FreeRTOS/Source/list.o
                0x000000000800b19c                vListInitialise
 .text.vListInitialiseItem
                0x000000000800b1dc       0x1a Middlewares/Third_Party/FreeRTOS/Source/list.o
                0x000000000800b1dc                vListInitialiseItem
 .text.vListInsertEnd
                0x000000000800b1f6       0x48 Middlewares/Third_Party/FreeRTOS/Source/list.o
                0x000000000800b1f6                vListInsertEnd
 .text.vListInsert
                0x000000000800b23e       0x72 Middlewares/Third_Party/FreeRTOS/Source/list.o
                0x000000000800b23e                vListInsert
 .text.uxListRemove
                0x000000000800b2b0       0x54 Middlewares/Third_Party/FreeRTOS/Source/list.o
                0x000000000800b2b0                uxListRemove
 .text.xQueueGenericReset
                0x000000000800b304       0xd0 Middlewares/Third_Party/FreeRTOS/Source/queue.o
                0x000000000800b304                xQueueGenericReset
 .text.xQueueGenericCreateStatic
                0x000000000800b3d4       0xf0 Middlewares/Third_Party/FreeRTOS/Source/queue.o
                0x000000000800b3d4                xQueueGenericCreateStatic
 .text.xQueueGenericCreate
                0x000000000800b4c4       0x80 Middlewares/Third_Party/FreeRTOS/Source/queue.o
                0x000000000800b4c4                xQueueGenericCreate
 .text.prvInitialiseNewQueue
                0x000000000800b544       0x3e Middlewares/Third_Party/FreeRTOS/Source/queue.o
 *fill*         0x000000000800b582        0x2 
 .text.xQueueGenericSend
                0x000000000800b584      0x1fc Middlewares/Third_Party/FreeRTOS/Source/queue.o
                0x000000000800b584                xQueueGenericSend
 .text.xQueueGenericSendFromISR
                0x000000000800b780      0x130 Middlewares/Third_Party/FreeRTOS/Source/queue.o
                0x000000000800b780                xQueueGenericSendFromISR
 .text.xQueueGiveFromISR
                0x000000000800b8b0      0x11a Middlewares/Third_Party/FreeRTOS/Source/queue.o
                0x000000000800b8b0                xQueueGiveFromISR
 *fill*         0x000000000800b9ca        0x2 
 .text.xQueueReceive
                0x000000000800b9cc      0x1c0 Middlewares/Third_Party/FreeRTOS/Source/queue.o
                0x000000000800b9cc                xQueueReceive
 .text.xQueueSemaphoreTake
                0x000000000800bb8c      0x218 Middlewares/Third_Party/FreeRTOS/Source/queue.o
                0x000000000800bb8c                xQueueSemaphoreTake
 .text.xQueueReceiveFromISR
                0x000000000800bda4      0x100 Middlewares/Third_Party/FreeRTOS/Source/queue.o
                0x000000000800bda4                xQueueReceiveFromISR
 .text.prvGetDisinheritPriorityAfterTimeout
                0x000000000800bea4       0x30 Middlewares/Third_Party/FreeRTOS/Source/queue.o
 .text.prvCopyDataToQueue
                0x000000000800bed4       0xd4 Middlewares/Third_Party/FreeRTOS/Source/queue.o
 .text.prvCopyDataFromQueue
                0x000000000800bfa8       0x4c Middlewares/Third_Party/FreeRTOS/Source/queue.o
 .text.prvUnlockQueue
                0x000000000800bff4       0xa4 Middlewares/Third_Party/FreeRTOS/Source/queue.o
 .text.prvIsQueueEmpty
                0x000000000800c098       0x2c Middlewares/Third_Party/FreeRTOS/Source/queue.o
 .text.prvIsQueueFull
                0x000000000800c0c4       0x30 Middlewares/Third_Party/FreeRTOS/Source/queue.o
 .text.xTaskCreateStatic
                0x000000000800c0f4       0xba Middlewares/Third_Party/FreeRTOS/Source/tasks.o
                0x000000000800c0f4                xTaskCreateStatic
 .text.xTaskCreate
                0x000000000800c1ae       0x8a Middlewares/Third_Party/FreeRTOS/Source/tasks.o
                0x000000000800c1ae                xTaskCreate
 .text.prvInitialiseNewTask
                0x000000000800c238      0x10e Middlewares/Third_Party/FreeRTOS/Source/tasks.o
 *fill*         0x000000000800c346        0x2 
 .text.prvAddNewTaskToReadyList
                0x000000000800c348       0xd4 Middlewares/Third_Party/FreeRTOS/Source/tasks.o
 .text.vTaskDelay
                0x000000000800c41c       0x68 Middlewares/Third_Party/FreeRTOS/Source/tasks.o
                0x000000000800c41c                vTaskDelay
 .text.vTaskStartScheduler
                0x000000000800c484       0xc0 Middlewares/Third_Party/FreeRTOS/Source/tasks.o
                0x000000000800c484                vTaskStartScheduler
 .text.vTaskSuspendAll
                0x000000000800c544       0x1c Middlewares/Third_Party/FreeRTOS/Source/tasks.o
                0x000000000800c544                vTaskSuspendAll
 .text.xTaskResumeAll
                0x000000000800c560      0x138 Middlewares/Third_Party/FreeRTOS/Source/tasks.o
                0x000000000800c560                xTaskResumeAll
 .text.xTaskIncrementTick
                0x000000000800c698      0x170 Middlewares/Third_Party/FreeRTOS/Source/tasks.o
                0x000000000800c698                xTaskIncrementTick
 .text.vTaskSwitchContext
                0x000000000800c808       0xb8 Middlewares/Third_Party/FreeRTOS/Source/tasks.o
                0x000000000800c808                vTaskSwitchContext
 .text.vTaskPlaceOnEventList
                0x000000000800c8c0       0x48 Middlewares/Third_Party/FreeRTOS/Source/tasks.o
                0x000000000800c8c0                vTaskPlaceOnEventList
 .text.xTaskRemoveFromEventList
                0x000000000800c908       0xc4 Middlewares/Third_Party/FreeRTOS/Source/tasks.o
                0x000000000800c908                xTaskRemoveFromEventList
 .text.vTaskInternalSetTimeOutState
                0x000000000800c9cc       0x2c Middlewares/Third_Party/FreeRTOS/Source/tasks.o
                0x000000000800c9cc                vTaskInternalSetTimeOutState
 .text.xTaskCheckForTimeOut
                0x000000000800c9f8       0xc4 Middlewares/Third_Party/FreeRTOS/Source/tasks.o
                0x000000000800c9f8                xTaskCheckForTimeOut
 .text.vTaskMissedYield
                0x000000000800cabc       0x18 Middlewares/Third_Party/FreeRTOS/Source/tasks.o
                0x000000000800cabc                vTaskMissedYield
 .text.prvIdleTask
                0x000000000800cad4       0x30 Middlewares/Third_Party/FreeRTOS/Source/tasks.o
 .text.prvInitialiseTaskLists
                0x000000000800cb04       0x80 Middlewares/Third_Party/FreeRTOS/Source/tasks.o
 .text.prvCheckTasksWaitingTermination
                0x000000000800cb84       0x5c Middlewares/Third_Party/FreeRTOS/Source/tasks.o
 .text.prvDeleteTCB
                0x000000000800cbe0       0x5e Middlewares/Third_Party/FreeRTOS/Source/tasks.o
 *fill*         0x000000000800cc3e        0x2 
 .text.prvResetNextTaskUnblockTime
                0x000000000800cc40       0x40 Middlewares/Third_Party/FreeRTOS/Source/tasks.o
 .text.xTaskGetSchedulerState
                0x000000000800cc80       0x3c Middlewares/Third_Party/FreeRTOS/Source/tasks.o
                0x000000000800cc80                xTaskGetSchedulerState
 .text.xTaskPriorityInherit
                0x000000000800ccbc      0x100 Middlewares/Third_Party/FreeRTOS/Source/tasks.o
                0x000000000800ccbc                xTaskPriorityInherit
 .text.xTaskPriorityDisinherit
                0x000000000800cdbc      0x10c Middlewares/Third_Party/FreeRTOS/Source/tasks.o
                0x000000000800cdbc                xTaskPriorityDisinherit
 .text.vTaskPriorityDisinheritAfterTimeout
                0x000000000800cec8      0x134 Middlewares/Third_Party/FreeRTOS/Source/tasks.o
                0x000000000800cec8                vTaskPriorityDisinheritAfterTimeout
 .text.pvTaskIncrementMutexHeldCount
                0x000000000800cffc       0x28 Middlewares/Third_Party/FreeRTOS/Source/tasks.o
                0x000000000800cffc                pvTaskIncrementMutexHeldCount
 .text.prvAddCurrentTaskToDelayedList
                0x000000000800d024       0xcc Middlewares/Third_Party/FreeRTOS/Source/tasks.o
 .text.pxPortInitialiseStack
                0x000000000800d0f0       0x68 Middlewares/Third_Party/FreeRTOS/Source/portable/GCC/ARM_CM4F/port.o
                0x000000000800d0f0                pxPortInitialiseStack
 .text.prvTaskExitError
                0x000000000800d158       0x58 Middlewares/Third_Party/FreeRTOS/Source/portable/GCC/ARM_CM4F/port.o
 .text.SVC_Handler
                0x000000000800d1b0       0x28 Middlewares/Third_Party/FreeRTOS/Source/portable/GCC/ARM_CM4F/port.o
                0x000000000800d1b0                SVC_Handler
 .text.prvPortStartFirstTask
                0x000000000800d1d8       0x28 Middlewares/Third_Party/FreeRTOS/Source/portable/GCC/ARM_CM4F/port.o
 .text.xPortStartScheduler
                0x000000000800d200      0x144 Middlewares/Third_Party/FreeRTOS/Source/portable/GCC/ARM_CM4F/port.o
                0x000000000800d200                xPortStartScheduler
 .text.vPortEnterCritical
                0x000000000800d344       0x60 Middlewares/Third_Party/FreeRTOS/Source/portable/GCC/ARM_CM4F/port.o
                0x000000000800d344                vPortEnterCritical
 .text.vPortExitCritical
                0x000000000800d3a4       0x54 Middlewares/Third_Party/FreeRTOS/Source/portable/GCC/ARM_CM4F/port.o
                0x000000000800d3a4                vPortExitCritical
 *fill*         0x000000000800d3f8        0x8 
 .text.PendSV_Handler
                0x000000000800d400       0x68 Middlewares/Third_Party/FreeRTOS/Source/portable/GCC/ARM_CM4F/port.o
                0x000000000800d400                PendSV_Handler
 .text.xPortSysTickHandler
                0x000000000800d468       0x44 Middlewares/Third_Party/FreeRTOS/Source/portable/GCC/ARM_CM4F/port.o
                0x000000000800d468                xPortSysTickHandler
 .text.vPortSetupTimerInterrupt
                0x000000000800d4ac       0x48 Middlewares/Third_Party/FreeRTOS/Source/portable/GCC/ARM_CM4F/port.o
                0x000000000800d4ac                vPortSetupTimerInterrupt
 .text.vPortEnableVFP
                0x000000000800d4f4       0x14 Middlewares/Third_Party/FreeRTOS/Source/portable/GCC/ARM_CM4F/port.o
 .text.vPortValidateInterruptPriority
                0x000000000800d508       0x80 Middlewares/Third_Party/FreeRTOS/Source/portable/GCC/ARM_CM4F/port.o
                0x000000000800d508                vPortValidateInterruptPriority
 .text.pvPortMalloc
                0x000000000800d588      0x188 Middlewares/Third_Party/FreeRTOS/Source/portable/MemMang/heap_4.o
                0x000000000800d588                pvPortMalloc
 .text.vPortFree
                0x000000000800d710       0xb4 Middlewares/Third_Party/FreeRTOS/Source/portable/MemMang/heap_4.o
                0x000000000800d710                vPortFree
 .text.prvHeapInit
                0x000000000800d7c4       0xc4 Middlewares/Third_Party/FreeRTOS/Source/portable/MemMang/heap_4.o
 .text.prvInsertBlockIntoFreeList
                0x000000000800d888       0xb4 Middlewares/Third_Party/FreeRTOS/Source/portable/MemMang/heap_4.o
 .text.__errno  0x000000000800d93c        0xc d:/programmi/stm32cubeide/stm32cubeide_1.4.0/stm32cubeide/plugins/com.st.stm32cube.ide.mcu.externaltools.gnu-tools-for-stm32.9-2020-q2-update.win32_1.5.0.202011040924/tools/bin/../lib/gcc/arm-none-eabi/9.3.1/../../../../arm-none-eabi/lib/thumb/v7e-m+fp/hard\libc_nano.a(lib_a-errno.o)
                0x000000000800d93c                __errno
 .text.__libc_init_array
                0x000000000800d948       0x48 d:/programmi/stm32cubeide/stm32cubeide_1.4.0/stm32cubeide/plugins/com.st.stm32cube.ide.mcu.externaltools.gnu-tools-for-stm32.9-2020-q2-update.win32_1.5.0.202011040924/tools/bin/../lib/gcc/arm-none-eabi/9.3.1/../../../../arm-none-eabi/lib/thumb/v7e-m+fp/hard\libc_nano.a(lib_a-init.o)
                0x000000000800d948                __libc_init_array
 .text.memcpy   0x000000000800d990       0x1c d:/programmi/stm32cubeide/stm32cubeide_1.4.0/stm32cubeide/plugins/com.st.stm32cube.ide.mcu.externaltools.gnu-tools-for-stm32.9-2020-q2-update.win32_1.5.0.202011040924/tools/bin/../lib/gcc/arm-none-eabi/9.3.1/../../../../arm-none-eabi/lib/thumb/v7e-m+fp/hard\libc_nano.a(lib_a-memcpy-stub.o)
                0x000000000800d990                memcpy
 .text.memset   0x000000000800d9ac       0x10 d:/programmi/stm32cubeide/stm32cubeide_1.4.0/stm32cubeide/plugins/com.st.stm32cube.ide.mcu.externaltools.gnu-tools-for-stm32.9-2020-q2-update.win32_1.5.0.202011040924/tools/bin/../lib/gcc/arm-none-eabi/9.3.1/../../../../arm-none-eabi/lib/thumb/v7e-m+fp/hard\libc_nano.a(lib_a-memset.o)
                0x000000000800d9ac                memset
 .text.__cvt    0x000000000800d9bc       0xc4 d:/programmi/stm32cubeide/stm32cubeide_1.4.0/stm32cubeide/plugins/com.st.stm32cube.ide.mcu.externaltools.gnu-tools-for-stm32.9-2020-q2-update.win32_1.5.0.202011040924/tools/bin/../lib/gcc/arm-none-eabi/9.3.1/../../../../arm-none-eabi/lib/thumb/v7e-m+fp/hard\libc_nano.a(lib_a-nano-vfprintf_float.o)
                0x000000000800d9bc                __cvt
 .text.__exponent
                0x000000000800da80       0x7c d:/programmi/stm32cubeide/stm32cubeide_1.4.0/stm32cubeide/plugins/com.st.stm32cube.ide.mcu.externaltools.gnu-tools-for-stm32.9-2020-q2-update.win32_1.5.0.202011040924/tools/bin/../lib/gcc/arm-none-eabi/9.3.1/../../../../arm-none-eabi/lib/thumb/v7e-m+fp/hard\libc_nano.a(lib_a-nano-vfprintf_float.o)
                0x000000000800da80                __exponent
 .text._printf_float
                0x000000000800dafc      0x46c d:/programmi/stm32cubeide/stm32cubeide_1.4.0/stm32cubeide/plugins/com.st.stm32cube.ide.mcu.externaltools.gnu-tools-for-stm32.9-2020-q2-update.win32_1.5.0.202011040924/tools/bin/../lib/gcc/arm-none-eabi/9.3.1/../../../../arm-none-eabi/lib/thumb/v7e-m+fp/hard\libc_nano.a(lib_a-nano-vfprintf_float.o)
                0x000000000800dafc                _printf_float
 .text._printf_common
                0x000000000800df68       0xda d:/programmi/stm32cubeide/stm32cubeide_1.4.0/stm32cubeide/plugins/com.st.stm32cube.ide.mcu.externaltools.gnu-tools-for-stm32.9-2020-q2-update.win32_1.5.0.202011040924/tools/bin/../lib/gcc/arm-none-eabi/9.3.1/../../../../arm-none-eabi/lib/thumb/v7e-m+fp/hard\libc_nano.a(lib_a-nano-vfprintf_i.o)
                0x000000000800df68                _printf_common
 *fill*         0x000000000800e042        0x2 
 .text._printf_i
                0x000000000800e044      0x24c d:/programmi/stm32cubeide/stm32cubeide_1.4.0/stm32cubeide/plugins/com.st.stm32cube.ide.mcu.externaltools.gnu-tools-for-stm32.9-2020-q2-update.win32_1.5.0.202011040924/tools/bin/../lib/gcc/arm-none-eabi/9.3.1/../../../../arm-none-eabi/lib/thumb/v7e-m+fp/hard\libc_nano.a(lib_a-nano-vfprintf_i.o)
                0x000000000800e044                _printf_i
 .text.printf   0x000000000800e290       0x30 d:/programmi/stm32cubeide/stm32cubeide_1.4.0/stm32cubeide/plugins/com.st.stm32cube.ide.mcu.externaltools.gnu-tools-for-stm32.9-2020-q2-update.win32_1.5.0.202011040924/tools/bin/../lib/gcc/arm-none-eabi/9.3.1/../../../../arm-none-eabi/lib/thumb/v7e-m+fp/hard\libc_nano.a(lib_a-printf.o)
                0x000000000800e290                iprintf
                0x000000000800e290                printf
 .text._puts_r  0x000000000800e2c0       0xdc d:/programmi/stm32cubeide/stm32cubeide_1.4.0/stm32cubeide/plugins/com.st.stm32cube.ide.mcu.externaltools.gnu-tools-for-stm32.9-2020-q2-update.win32_1.5.0.202011040924/tools/bin/../lib/gcc/arm-none-eabi/9.3.1/../../../../arm-none-eabi/lib/thumb/v7e-m+fp/hard\libc_nano.a(lib_a-puts.o)
                0x000000000800e2c0                _puts_r
 .text.puts     0x000000000800e39c       0x10 d:/programmi/stm32cubeide/stm32cubeide_1.4.0/stm32cubeide/plugins/com.st.stm32cube.ide.mcu.externaltools.gnu-tools-for-stm32.9-2020-q2-update.win32_1.5.0.202011040924/tools/bin/../lib/gcc/arm-none-eabi/9.3.1/../../../../arm-none-eabi/lib/thumb/v7e-m+fp/hard\libc_nano.a(lib_a-puts.o)
                0x000000000800e39c                puts
 .text.sprintf  0x000000000800e3ac       0x40 d:/programmi/stm32cubeide/stm32cubeide_1.4.0/stm32cubeide/plugins/com.st.stm32cube.ide.mcu.externaltools.gnu-tools-for-stm32.9-2020-q2-update.win32_1.5.0.202011040924/tools/bin/../lib/gcc/arm-none-eabi/9.3.1/../../../../arm-none-eabi/lib/thumb/v7e-m+fp/hard\libc_nano.a(lib_a-sprintf.o)
                0x000000000800e3ac                siprintf
                0x000000000800e3ac                sprintf
 .text.strncpy  0x000000000800e3ec       0x26 d:/programmi/stm32cubeide/stm32cubeide_1.4.0/stm32cubeide/plugins/com.st.stm32cube.ide.mcu.externaltools.gnu-tools-for-stm32.9-2020-q2-update.win32_1.5.0.202011040924/tools/bin/../lib/gcc/arm-none-eabi/9.3.1/../../../../arm-none-eabi/lib/thumb/v7e-m+fp/hard\libc_nano.a(lib_a-strncpy.o)
                0x000000000800e3ec                strncpy
 .text.strstr   0x000000000800e412       0x2e d:/programmi/stm32cubeide/stm32cubeide_1.4.0/stm32cubeide/plugins/com.st.stm32cube.ide.mcu.externaltools.gnu-tools-for-stm32.9-2020-q2-update.win32_1.5.0.202011040924/tools/bin/../lib/gcc/arm-none-eabi/9.3.1/../../../../arm-none-eabi/lib/thumb/v7e-m+fp/hard\libc_nano.a(lib_a-strstr.o)
                0x000000000800e412                strstr
 .text.strtok   0x000000000800e440       0x68 d:/programmi/stm32cubeide/stm32cubeide_1.4.0/stm32cubeide/plugins/com.st.stm32cube.ide.mcu.externaltools.gnu-tools-for-stm32.9-2020-q2-update.win32_1.5.0.202011040924/tools/bin/../lib/gcc/arm-none-eabi/9.3.1/../../../../arm-none-eabi/lib/thumb/v7e-m+fp/hard\libc_nano.a(lib_a-strtok.o)
                0x000000000800e440                strtok
 .text.__strtok_r
                0x000000000800e4a8       0x50 d:/programmi/stm32cubeide/stm32cubeide_1.4.0/stm32cubeide/plugins/com.st.stm32cube.ide.mcu.externaltools.gnu-tools-for-stm32.9-2020-q2-update.win32_1.5.0.202011040924/tools/bin/../lib/gcc/arm-none-eabi/9.3.1/../../../../arm-none-eabi/lib/thumb/v7e-m+fp/hard\libc_nano.a(lib_a-strtok_r.o)
                0x000000000800e4a8                __strtok_r
 .text.__swbuf_r
                0x000000000800e4f8       0xa4 d:/programmi/stm32cubeide/stm32cubeide_1.4.0/stm32cubeide/plugins/com.st.stm32cube.ide.mcu.externaltools.gnu-tools-for-stm32.9-2020-q2-update.win32_1.5.0.202011040924/tools/bin/../lib/gcc/arm-none-eabi/9.3.1/../../../../arm-none-eabi/lib/thumb/v7e-m+fp/hard\libc_nano.a(lib_a-wbuf.o)
                0x000000000800e4f8                __swbuf_r
 .text.__swsetup_r
                0x000000000800e59c       0xdc d:/programmi/stm32cubeide/stm32cubeide_1.4.0/stm32cubeide/plugins/com.st.stm32cube.ide.mcu.externaltools.gnu-tools-for-stm32.9-2020-q2-update.win32_1.5.0.202011040924/tools/bin/../lib/gcc/arm-none-eabi/9.3.1/../../../../arm-none-eabi/lib/thumb/v7e-m+fp/hard\libc_nano.a(lib_a-wsetup.o)
                0x000000000800e59c                __swsetup_r
 .text.__assert_func
                0x000000000800e678       0x3c d:/programmi/stm32cubeide/stm32cubeide_1.4.0/stm32cubeide/plugins/com.st.stm32cube.ide.mcu.externaltools.gnu-tools-for-stm32.9-2020-q2-update.win32_1.5.0.202011040924/tools/bin/../lib/gcc/arm-none-eabi/9.3.1/../../../../arm-none-eabi/lib/thumb/v7e-m+fp/hard\libc_nano.a(lib_a-assert.o)
                0x000000000800e678                __assert_func
 .text.quorem   0x000000000800e6b4      0x116 d:/programmi/stm32cubeide/stm32cubeide_1.4.0/stm32cubeide/plugins/com.st.stm32cube.ide.mcu.externaltools.gnu-tools-for-stm32.9-2020-q2-update.win32_1.5.0.202011040924/tools/bin/../lib/gcc/arm-none-eabi/9.3.1/../../../../arm-none-eabi/lib/thumb/v7e-m+fp/hard\libc_nano.a(lib_a-dtoa.o)
 *fill*         0x000000000800e7ca        0x6 
 .text._dtoa_r  0x000000000800e7d0      0xbd8 d:/programmi/stm32cubeide/stm32cubeide_1.4.0/stm32cubeide/plugins/com.st.stm32cube.ide.mcu.externaltools.gnu-tools-for-stm32.9-2020-q2-update.win32_1.5.0.202011040924/tools/bin/../lib/gcc/arm-none-eabi/9.3.1/../../../../arm-none-eabi/lib/thumb/v7e-m+fp/hard\libc_nano.a(lib_a-dtoa.o)
                0x000000000800e7d0                _dtoa_r
 .text.__sflush_r
                0x000000000800f3a8      0x10c d:/programmi/stm32cubeide/stm32cubeide_1.4.0/stm32cubeide/plugins/com.st.stm32cube.ide.mcu.externaltools.gnu-tools-for-stm32.9-2020-q2-update.win32_1.5.0.202011040924/tools/bin/../lib/gcc/arm-none-eabi/9.3.1/../../../../arm-none-eabi/lib/thumb/v7e-m+fp/hard\libc_nano.a(lib_a-fflush.o)
                0x000000000800f3a8                __sflush_r
 .text._fflush_r
                0x000000000800f4b4       0x78 d:/programmi/stm32cubeide/stm32cubeide_1.4.0/stm32cubeide/plugins/com.st.stm32cube.ide.mcu.externaltools.gnu-tools-for-stm32.9-2020-q2-update.win32_1.5.0.202011040924/tools/bin/../lib/gcc/arm-none-eabi/9.3.1/../../../../arm-none-eabi/lib/thumb/v7e-m+fp/hard\libc_nano.a(lib_a-fflush.o)
                0x000000000800f4b4                _fflush_r
 .text.std      0x000000000800f52c       0x48 d:/programmi/stm32cubeide/stm32cubeide_1.4.0/stm32cubeide/plugins/com.st.stm32cube.ide.mcu.externaltools.gnu-tools-for-stm32.9-2020-q2-update.win32_1.5.0.202011040924/tools/bin/../lib/gcc/arm-none-eabi/9.3.1/../../../../arm-none-eabi/lib/thumb/v7e-m+fp/hard\libc_nano.a(lib_a-findfp.o)
 .text._cleanup_r
                0x000000000800f574        0xc d:/programmi/stm32cubeide/stm32cubeide_1.4.0/stm32cubeide/plugins/com.st.stm32cube.ide.mcu.externaltools.gnu-tools-for-stm32.9-2020-q2-update.win32_1.5.0.202011040924/tools/bin/../lib/gcc/arm-none-eabi/9.3.1/../../../../arm-none-eabi/lib/thumb/v7e-m+fp/hard\libc_nano.a(lib_a-findfp.o)
                0x000000000800f574                _cleanup_r
 .text.__sfmoreglue
                0x000000000800f580       0x2c d:/programmi/stm32cubeide/stm32cubeide_1.4.0/stm32cubeide/plugins/com.st.stm32cube.ide.mcu.externaltools.gnu-tools-for-stm32.9-2020-q2-update.win32_1.5.0.202011040924/tools/bin/../lib/gcc/arm-none-eabi/9.3.1/../../../../arm-none-eabi/lib/thumb/v7e-m+fp/hard\libc_nano.a(lib_a-findfp.o)
                0x000000000800f580                __sfmoreglue
 .text.__sfp_lock_acquire
                0x000000000800f5ac        0xc d:/programmi/stm32cubeide/stm32cubeide_1.4.0/stm32cubeide/plugins/com.st.stm32cube.ide.mcu.externaltools.gnu-tools-for-stm32.9-2020-q2-update.win32_1.5.0.202011040924/tools/bin/../lib/gcc/arm-none-eabi/9.3.1/../../../../arm-none-eabi/lib/thumb/v7e-m+fp/hard\libc_nano.a(lib_a-findfp.o)
                0x000000000800f5ac                __sfp_lock_acquire
 .text.__sfp_lock_release
                0x000000000800f5b8        0xc d:/programmi/stm32cubeide/stm32cubeide_1.4.0/stm32cubeide/plugins/com.st.stm32cube.ide.mcu.externaltools.gnu-tools-for-stm32.9-2020-q2-update.win32_1.5.0.202011040924/tools/bin/../lib/gcc/arm-none-eabi/9.3.1/../../../../arm-none-eabi/lib/thumb/v7e-m+fp/hard\libc_nano.a(lib_a-findfp.o)
                0x000000000800f5b8                __sfp_lock_release
 .text.__sinit_lock_acquire
                0x000000000800f5c4        0xc d:/programmi/stm32cubeide/stm32cubeide_1.4.0/stm32cubeide/plugins/com.st.stm32cube.ide.mcu.externaltools.gnu-tools-for-stm32.9-2020-q2-update.win32_1.5.0.202011040924/tools/bin/../lib/gcc/arm-none-eabi/9.3.1/../../../../arm-none-eabi/lib/thumb/v7e-m+fp/hard\libc_nano.a(lib_a-findfp.o)
                0x000000000800f5c4                __sinit_lock_acquire
 .text.__sinit_lock_release
                0x000000000800f5d0        0xc d:/programmi/stm32cubeide/stm32cubeide_1.4.0/stm32cubeide/plugins/com.st.stm32cube.ide.mcu.externaltools.gnu-tools-for-stm32.9-2020-q2-update.win32_1.5.0.202011040924/tools/bin/../lib/gcc/arm-none-eabi/9.3.1/../../../../arm-none-eabi/lib/thumb/v7e-m+fp/hard\libc_nano.a(lib_a-findfp.o)
                0x000000000800f5d0                __sinit_lock_release
 .text.__sinit  0x000000000800f5dc       0x70 d:/programmi/stm32cubeide/stm32cubeide_1.4.0/stm32cubeide/plugins/com.st.stm32cube.ide.mcu.externaltools.gnu-tools-for-stm32.9-2020-q2-update.win32_1.5.0.202011040924/tools/bin/../lib/gcc/arm-none-eabi/9.3.1/../../../../arm-none-eabi/lib/thumb/v7e-m+fp/hard\libc_nano.a(lib_a-findfp.o)
                0x000000000800f5dc                __sinit
 .text.__sfp    0x000000000800f64c       0x8c d:/programmi/stm32cubeide/stm32cubeide_1.4.0/stm32cubeide/plugins/com.st.stm32cube.ide.mcu.externaltools.gnu-tools-for-stm32.9-2020-q2-update.win32_1.5.0.202011040924/tools/bin/../lib/gcc/arm-none-eabi/9.3.1/../../../../arm-none-eabi/lib/thumb/v7e-m+fp/hard\libc_nano.a(lib_a-findfp.o)
                0x000000000800f64c                __sfp
 .text.fprintf  0x000000000800f6d8       0x24 d:/programmi/stm32cubeide/stm32cubeide_1.4.0/stm32cubeide/plugins/com.st.stm32cube.ide.mcu.externaltools.gnu-tools-for-stm32.9-2020-q2-update.win32_1.5.0.202011040924/tools/bin/../lib/gcc/arm-none-eabi/9.3.1/../../../../arm-none-eabi/lib/thumb/v7e-m+fp/hard\libc_nano.a(lib_a-fprintf.o)
                0x000000000800f6d8                fiprintf
                0x000000000800f6d8                fprintf
 .text._fwalk_reent
                0x000000000800f6fc       0x3e d:/programmi/stm32cubeide/stm32cubeide_1.4.0/stm32cubeide/plugins/com.st.stm32cube.ide.mcu.externaltools.gnu-tools-for-stm32.9-2020-q2-update.win32_1.5.0.202011040924/tools/bin/../lib/gcc/arm-none-eabi/9.3.1/../../../../arm-none-eabi/lib/thumb/v7e-m+fp/hard\libc_nano.a(lib_a-fwalk.o)
                0x000000000800f6fc                _fwalk_reent
 *fill*         0x000000000800f73a        0x2 
 .text._localeconv_r
                0x000000000800f73c        0x8 d:/programmi/stm32cubeide/stm32cubeide_1.4.0/stm32cubeide/plugins/com.st.stm32cube.ide.mcu.externaltools.gnu-tools-for-stm32.9-2020-q2-update.win32_1.5.0.202011040924/tools/bin/../lib/gcc/arm-none-eabi/9.3.1/../../../../arm-none-eabi/lib/thumb/v7e-m+fp/hard\libc_nano.a(lib_a-localeconv.o)
                0x000000000800f73c                _localeconv_r
 .text.__retarget_lock_init_recursive
                0x000000000800f744        0x2 d:/programmi/stm32cubeide/stm32cubeide_1.4.0/stm32cubeide/plugins/com.st.stm32cube.ide.mcu.externaltools.gnu-tools-for-stm32.9-2020-q2-update.win32_1.5.0.202011040924/tools/bin/../lib/gcc/arm-none-eabi/9.3.1/../../../../arm-none-eabi/lib/thumb/v7e-m+fp/hard\libc_nano.a(lib_a-lock.o)
                0x000000000800f744                __retarget_lock_init_recursive
 .text.__retarget_lock_acquire_recursive
                0x000000000800f746        0x2 d:/programmi/stm32cubeide/stm32cubeide_1.4.0/stm32cubeide/plugins/com.st.stm32cube.ide.mcu.externaltools.gnu-tools-for-stm32.9-2020-q2-update.win32_1.5.0.202011040924/tools/bin/../lib/gcc/arm-none-eabi/9.3.1/../../../../arm-none-eabi/lib/thumb/v7e-m+fp/hard\libc_nano.a(lib_a-lock.o)
                0x000000000800f746                __retarget_lock_acquire_recursive
 .text.__retarget_lock_release_recursive
                0x000000000800f748        0x2 d:/programmi/stm32cubeide/stm32cubeide_1.4.0/stm32cubeide/plugins/com.st.stm32cube.ide.mcu.externaltools.gnu-tools-for-stm32.9-2020-q2-update.win32_1.5.0.202011040924/tools/bin/../lib/gcc/arm-none-eabi/9.3.1/../../../../arm-none-eabi/lib/thumb/v7e-m+fp/hard\libc_nano.a(lib_a-lock.o)
                0x000000000800f748                __retarget_lock_release_recursive
 .text.__swhatbuf_r
                0x000000000800f74a       0x48 d:/programmi/stm32cubeide/stm32cubeide_1.4.0/stm32cubeide/plugins/com.st.stm32cube.ide.mcu.externaltools.gnu-tools-for-stm32.9-2020-q2-update.win32_1.5.0.202011040924/tools/bin/../lib/gcc/arm-none-eabi/9.3.1/../../../../arm-none-eabi/lib/thumb/v7e-m+fp/hard\libc_nano.a(lib_a-makebuf.o)
                0x000000000800f74a                __swhatbuf_r
 *fill*         0x000000000800f792        0x2 
 .text.__smakebuf_r
                0x000000000800f794       0x80 d:/programmi/stm32cubeide/stm32cubeide_1.4.0/stm32cubeide/plugins/com.st.stm32cube.ide.mcu.externaltools.gnu-tools-for-stm32.9-2020-q2-update.win32_1.5.0.202011040924/tools/bin/../lib/gcc/arm-none-eabi/9.3.1/../../../../arm-none-eabi/lib/thumb/v7e-m+fp/hard\libc_nano.a(lib_a-makebuf.o)
                0x000000000800f794                __smakebuf_r
 .text.malloc   0x000000000800f814       0x10 d:/programmi/stm32cubeide/stm32cubeide_1.4.0/stm32cubeide/plugins/com.st.stm32cube.ide.mcu.externaltools.gnu-tools-for-stm32.9-2020-q2-update.win32_1.5.0.202011040924/tools/bin/../lib/gcc/arm-none-eabi/9.3.1/../../../../arm-none-eabi/lib/thumb/v7e-m+fp/hard\libc_nano.a(lib_a-malloc.o)
                0x000000000800f814                malloc
 .text._Balloc  0x000000000800f824       0x80 d:/programmi/stm32cubeide/stm32cubeide_1.4.0/stm32cubeide/plugins/com.st.stm32cube.ide.mcu.externaltools.gnu-tools-for-stm32.9-2020-q2-update.win32_1.5.0.202011040924/tools/bin/../lib/gcc/arm-none-eabi/9.3.1/../../../../arm-none-eabi/lib/thumb/v7e-m+fp/hard\libc_nano.a(lib_a-mprec.o)
                0x000000000800f824                _Balloc
 .text._Bfree   0x000000000800f8a4       0x44 d:/programmi/stm32cubeide/stm32cubeide_1.4.0/stm32cubeide/plugins/com.st.stm32cube.ide.mcu.externaltools.gnu-tools-for-stm32.9-2020-q2-update.win32_1.5.0.202011040924/tools/bin/../lib/gcc/arm-none-eabi/9.3.1/../../../../arm-none-eabi/lib/thumb/v7e-m+fp/hard\libc_nano.a(lib_a-mprec.o)
                0x000000000800f8a4                _Bfree
 .text.__multadd
                0x000000000800f8e8       0x94 d:/programmi/stm32cubeide/stm32cubeide_1.4.0/stm32cubeide/plugins/com.st.stm32cube.ide.mcu.externaltools.gnu-tools-for-stm32.9-2020-q2-update.win32_1.5.0.202011040924/tools/bin/../lib/gcc/arm-none-eabi/9.3.1/../../../../arm-none-eabi/lib/thumb/v7e-m+fp/hard\libc_nano.a(lib_a-mprec.o)
                0x000000000800f8e8                __multadd
 .text.__hi0bits
                0x000000000800f97c       0x40 d:/programmi/stm32cubeide/stm32cubeide_1.4.0/stm32cubeide/plugins/com.st.stm32cube.ide.mcu.externaltools.gnu-tools-for-stm32.9-2020-q2-update.win32_1.5.0.202011040924/tools/bin/../lib/gcc/arm-none-eabi/9.3.1/../../../../arm-none-eabi/lib/thumb/v7e-m+fp/hard\libc_nano.a(lib_a-mprec.o)
                0x000000000800f97c                __hi0bits
 .text.__lo0bits
                0x000000000800f9bc       0x60 d:/programmi/stm32cubeide/stm32cubeide_1.4.0/stm32cubeide/plugins/com.st.stm32cube.ide.mcu.externaltools.gnu-tools-for-stm32.9-2020-q2-update.win32_1.5.0.202011040924/tools/bin/../lib/gcc/arm-none-eabi/9.3.1/../../../../arm-none-eabi/lib/thumb/v7e-m+fp/hard\libc_nano.a(lib_a-mprec.o)
                0x000000000800f9bc                __lo0bits
 .text.__i2b    0x000000000800fa1c       0x2c d:/programmi/stm32cubeide/stm32cubeide_1.4.0/stm32cubeide/plugins/com.st.stm32cube.ide.mcu.externaltools.gnu-tools-for-stm32.9-2020-q2-update.win32_1.5.0.202011040924/tools/bin/../lib/gcc/arm-none-eabi/9.3.1/../../../../arm-none-eabi/lib/thumb/v7e-m+fp/hard\libc_nano.a(lib_a-mprec.o)
                0x000000000800fa1c                __i2b
 .text.__multiply
                0x000000000800fa48      0x14c d:/programmi/stm32cubeide/stm32cubeide_1.4.0/stm32cubeide/plugins/com.st.stm32cube.ide.mcu.externaltools.gnu-tools-for-stm32.9-2020-q2-update.win32_1.5.0.202011040924/tools/bin/../lib/gcc/arm-none-eabi/9.3.1/../../../../arm-none-eabi/lib/thumb/v7e-m+fp/hard\libc_nano.a(lib_a-mprec.o)
                0x000000000800fa48                __multiply
 .text.__pow5mult
                0x000000000800fb94       0xb4 d:/programmi/stm32cubeide/stm32cubeide_1.4.0/stm32cubeide/plugins/com.st.stm32cube.ide.mcu.externaltools.gnu-tools-for-stm32.9-2020-q2-update.win32_1.5.0.202011040924/tools/bin/../lib/gcc/arm-none-eabi/9.3.1/../../../../arm-none-eabi/lib/thumb/v7e-m+fp/hard\libc_nano.a(lib_a-mprec.o)
                0x000000000800fb94                __pow5mult
 .text.__lshift
                0x000000000800fc48       0xd8 d:/programmi/stm32cubeide/stm32cubeide_1.4.0/stm32cubeide/plugins/com.st.stm32cube.ide.mcu.externaltools.gnu-tools-for-stm32.9-2020-q2-update.win32_1.5.0.202011040924/tools/bin/../lib/gcc/arm-none-eabi/9.3.1/../../../../arm-none-eabi/lib/thumb/v7e-m+fp/hard\libc_nano.a(lib_a-mprec.o)
                0x000000000800fc48                __lshift
 .text.__mcmp   0x000000000800fd20       0x38 d:/programmi/stm32cubeide/stm32cubeide_1.4.0/stm32cubeide/plugins/com.st.stm32cube.ide.mcu.externaltools.gnu-tools-for-stm32.9-2020-q2-update.win32_1.5.0.202011040924/tools/bin/../lib/gcc/arm-none-eabi/9.3.1/../../../../arm-none-eabi/lib/thumb/v7e-m+fp/hard\libc_nano.a(lib_a-mprec.o)
                0x000000000800fd20                __mcmp
 .text.__mdiff  0x000000000800fd58      0x110 d:/programmi/stm32cubeide/stm32cubeide_1.4.0/stm32cubeide/plugins/com.st.stm32cube.ide.mcu.externaltools.gnu-tools-for-stm32.9-2020-q2-update.win32_1.5.0.202011040924/tools/bin/../lib/gcc/arm-none-eabi/9.3.1/../../../../arm-none-eabi/lib/thumb/v7e-m+fp/hard\libc_nano.a(lib_a-mprec.o)
                0x000000000800fd58                __mdiff
 .text.__d2b    0x000000000800fe68       0xb8 d:/programmi/stm32cubeide/stm32cubeide_1.4.0/stm32cubeide/plugins/com.st.stm32cube.ide.mcu.externaltools.gnu-tools-for-stm32.9-2020-q2-update.win32_1.5.0.202011040924/tools/bin/../lib/gcc/arm-none-eabi/9.3.1/../../../../arm-none-eabi/lib/thumb/v7e-m+fp/hard\libc_nano.a(lib_a-mprec.o)
                0x000000000800fe68                __d2b
 .text._calloc_r
                0x000000000800ff20       0x1e d:/programmi/stm32cubeide/stm32cubeide_1.4.0/stm32cubeide/plugins/com.st.stm32cube.ide.mcu.externaltools.gnu-tools-for-stm32.9-2020-q2-update.win32_1.5.0.202011040924/tools/bin/../lib/gcc/arm-none-eabi/9.3.1/../../../../arm-none-eabi/lib/thumb/v7e-m+fp/hard\libc_nano.a(lib_a-nano-callocr.o)
                0x000000000800ff20                _calloc_r
 *fill*         0x000000000800ff3e        0x2 
 .text._free_r  0x000000000800ff40       0xa0 d:/programmi/stm32cubeide/stm32cubeide_1.4.0/stm32cubeide/plugins/com.st.stm32cube.ide.mcu.externaltools.gnu-tools-for-stm32.9-2020-q2-update.win32_1.5.0.202011040924/tools/bin/../lib/gcc/arm-none-eabi/9.3.1/../../../../arm-none-eabi/lib/thumb/v7e-m+fp/hard\libc_nano.a(lib_a-nano-freer.o)
                0x000000000800ff40                _free_r
 .text._malloc_r
                0x000000000800ffe0       0xb4 d:/programmi/stm32cubeide/stm32cubeide_1.4.0/stm32cubeide/plugins/com.st.stm32cube.ide.mcu.externaltools.gnu-tools-for-stm32.9-2020-q2-update.win32_1.5.0.202011040924/tools/bin/../lib/gcc/arm-none-eabi/9.3.1/../../../../arm-none-eabi/lib/thumb/v7e-m+fp/hard\libc_nano.a(lib_a-nano-mallocr.o)
                0x000000000800ffe0                _malloc_r
 .text.__ssputs_r