Archive member included to satisfy reference by file (symbol)

d:/programmi/stm32cubeide/stm32cubeide_1.4.0/stm32cubeide/plugins/com.st.stm32cube.ide.mcu.externaltools.gnu-tools-for-stm32.9-2020-q2-update.win32_1.5.0.202011040924/tools/bin/../lib/gcc/arm-none-eabi/9.3.1/../../../../arm-none-eabi/lib/thumb/v7e-m+fp/hard\libc_nano.a(lib_a-errno.o)
                              Core/Src/syscalls.o (__errno)
d:/programmi/stm32cubeide/stm32cubeide_1.4.0/stm32cubeide/plugins/com.st.stm32cube.ide.mcu.externaltools.gnu-tools-for-stm32.9-2020-q2-update.win32_1.5.0.202011040924/tools/bin/../lib/gcc/arm-none-eabi/9.3.1/../../../../arm-none-eabi/lib/thumb/v7e-m+fp/hard\libc_nano.a(lib_a-exit.o)
                              d:/programmi/stm32cubeide/stm32cubeide_1.4.0/stm32cubeide/plugins/com.st.stm32cube.ide.mcu.externaltools.gnu-tools-for-stm32.9-2020-q2-update.win32_1.5.0.202011040924/tools/bin/../lib/gcc/arm-none-eabi/9.3.1/../../../../arm-none-eabi/lib/thumb/v7e-m+fp/hard/crt0.o (exit)
d:/programmi/stm32cubeide/stm32cubeide_1.4.0/stm32cubeide/plugins/com.st.stm32cube.ide.mcu.externaltools.gnu-tools-for-stm32.9-2020-q2-update.win32_1.5.0.202011040924/tools/bin/../lib/gcc/arm-none-eabi/9.3.1/../../../../arm-none-eabi/lib/thumb/v7e-m+fp/hard\libc_nano.a(lib_a-impure.o)
                              d:/programmi/stm32cubeide/stm32cubeide_1.4.0/stm32cubeide/plugins/com.st.stm32cube.ide.mcu.externaltools.gnu-tools-for-stm32.9-2020-q2-update.win32_1.5.0.202011040924/tools/bin/../lib/gcc/arm-none-eabi/9.3.1/../../../../arm-none-eabi/lib/thumb/v7e-m+fp/hard\libc_nano.a(lib_a-exit.o) (_global_impure_ptr)
d:/programmi/stm32cubeide/stm32cubeide_1.4.0/stm32cubeide/plugins/com.st.stm32cube.ide.mcu.externaltools.gnu-tools-for-stm32.9-2020-q2-update.win32_1.5.0.202011040924/tools/bin/../lib/gcc/arm-none-eabi/9.3.1/../../../../arm-none-eabi/lib/thumb/v7e-m+fp/hard\libc_nano.a(lib_a-init.o)
                              d:/programmi/stm32cubeide/stm32cubeide_1.4.0/stm32cubeide/plugins/com.st.stm32cube.ide.mcu.externaltools.gnu-tools-for-stm32.9-2020-q2-update.win32_1.5.0.202011040924/tools/bin/../lib/gcc/arm-none-eabi/9.3.1/../../../../arm-none-eabi/lib/thumb/v7e-m+fp/hard/crt0.o (__libc_init_array)
d:/programmi/stm32cubeide/stm32cubeide_1.4.0/stm32cubeide/plugins/com.st.stm32cube.ide.mcu.externaltools.gnu-tools-for-stm32.9-2020-q2-update.win32_1.5.0.202011040924/tools/bin/../lib/gcc/arm-none-eabi/9.3.1/../../../../arm-none-eabi/lib/thumb/v7e-m+fp/hard\libc_nano.a(lib_a-memcmp.o)
                              Core/Src/WIFI/es_wifi.o (memcmp)
d:/programmi/stm32cubeide/stm32cubeide_1.4.0/stm32cubeide/plugins/com.st.stm32cube.ide.mcu.externaltools.gnu-tools-for-stm32.9-2020-q2-update.win32_1.5.0.202011040924/tools/bin/../lib/gcc/arm-none-eabi/9.3.1/../../../../arm-none-eabi/lib/thumb/v7e-m+fp/hard\libc_nano.a(lib_a-memcpy-stub.o)
                              Core/Src/WIFI/es_wifi.o (memcpy)
d:/programmi/stm32cubeide/stm32cubeide_1.4.0/stm32cubeide/plugins/com.st.stm32cube.ide.mcu.externaltools.gnu-tools-for-stm32.9-2020-q2-update.win32_1.5.0.202011040924/tools/bin/../lib/gcc/arm-none-eabi/9.3.1/../../../../arm-none-eabi/lib/thumb/v7e-m+fp/hard\libc_nano.a(lib_a-memset.o)
                              d:/programmi/stm32cubeide/stm32cubeide_1.4.0/stm32cubeide/plugins/com.st.stm32cube.ide.mcu.externaltools.gnu-tools-for-stm32.9-2020-q2-update.win32_1.5.0.202011040924/tools/bin/../lib/gcc/arm-none-eabi/9.3.1/../../../../arm-none-eabi/lib/thumb/v7e-m+fp/hard/crt0.o (memset)
d:/programmi/stm32cubeide/stm32cubeide_1.4.0/stm32cubeide/plugins/com.st.stm32cube.ide.mcu.externaltools.gnu-tools-for-stm32.9-2020-q2-update.win32_1.5.0.202011040924/tools/bin/../lib/gcc/arm-none-eabi/9.3.1/../../../../arm-none-eabi/lib/thumb/v7e-m+fp/hard\libc_nano.a(lib_a-nano-vfprintf_float.o)
                              (_printf_float)
d:/programmi/stm32cubeide/stm32cubeide_1.4.0/stm32cubeide/plugins/com.st.stm32cube.ide.mcu.externaltools.gnu-tools-for-stm32.9-2020-q2-update.win32_1.5.0.202011040924/tools/bin/../lib/gcc/arm-none-eabi/9.3.1/../../../../arm-none-eabi/lib/thumb/v7e-m+fp/hard\libc_nano.a(lib_a-nano-vfprintf_i.o)
                              d:/programmi/stm32cubeide/stm32cubeide_1.4.0/stm32cubeide/plugins/com.st.stm32cube.ide.mcu.externaltools.gnu-tools-for-stm32.9-2020-q2-update.win32_1.5.0.202011040924/tools/bin/../lib/gcc/arm-none-eabi/9.3.1/../../../../arm-none-eabi/lib/thumb/v7e-m+fp/hard\libc_nano.a(lib_a-nano-vfprintf_float.o) (_printf_common)
d:/programmi/stm32cubeide/stm32cubeide_1.4.0/stm32cubeide/plugins/com.st.stm32cube.ide.mcu.externaltools.gnu-tools-for-stm32.9-2020-q2-update.win32_1.5.0.202011040924/tools/bin/../lib/gcc/arm-none-eabi/9.3.1/../../../../arm-none-eabi/lib/thumb/v7e-m+fp/hard\libc_nano.a(lib_a-printf.o)
                              Core/Src/WIFI/es_wifi.o (printf)
[...]
Memory Configuration

Name             Origin             Length             Attributes
RAM              0x0000000020000000 0x0000000000018000 xrw
RAM2             0x0000000010000000 0x0000000000008000 xrw
FLASH            0x0000000008000000 0x0000000000100000 xr
*default*        0x0000000000000000 0xffffffffffffffff

Linker script and memory map

LOAD d:/programmi/stm32cubeide/stm32cubeide_1.4.0/stm32cubeide/plugins/com.st.stm32cube.ide.mcu.externaltools.gnu-tools-for-stm32.9-2020-q2-update.win32_1.5.0.202011040924/tools/bin/../lib/gcc/arm-none-eabi/9.3.1/thumb/v7e-m+fp/hard/crti.o
LOAD d:/programmi/stm32cubeide/stm32cubeide_1.4.0/stm32cubeide/plugins/com.st.stm32cube.ide.mcu.externaltools.gnu-tools-for-stm32.9-2020-q2-update.win32_1.5.0.202011040924/tools/bin/../lib/gcc/arm-none-eabi/9.3.1/thumb/v7e-m+fp/hard/crtbegin.o
LOAD d:/programmi/stm32cubeide/stm32cubeide_1.4.0/stm32cubeide/plugins/com.st.stm32cube.ide.mcu.externaltools.gnu-tools-for-stm32.9-2020-q2-update.win32_1.5.0.202011040924/tools/bin/../lib/gcc/arm-none-eabi/9.3.1/../../../../arm-none-eabi/lib/thumb/v7e-m+fp/hard/crt0.o
LOAD Core/Src/WIFI/es_wifi.o
LOAD Core/Src/WIFI/es_wifi_io.o
LOAD Core/Src/WIFI/wifi.o
LOAD Core/Src/freertos.o
LOAD Core/Src/main.o
LOAD Core/Src/stepper.o
LOAD Core/Src/stm32l4xx_hal_msp.o
LOAD Core/Src/stm32l4xx_it.o
LOAD Core/Src/syscalls.o
LOAD Core/Src/sysmem.o
LOAD Core/Src/system_stm32l4xx.o
LOAD Core/Startup/startup_stm32l475vgtx.o
LOAD Drivers/BSP/B-L475E-IOT01/stm32l475e_iot01.o
LOAD Drivers/BSP/B-L475E-IOT01/stm32l475e_iot01_accelero.o
LOAD Drivers/BSP/B-L475E-IOT01/stm32l475e_iot01_gyro.o
LOAD Drivers/BSP/B-L475E-IOT01/stm32l475e_iot01_hsensor.o
LOAD Drivers/BSP/B-L475E-IOT01/stm32l475e_iot01_magneto.o
LOAD Drivers/BSP/B-L475E-IOT01/stm32l475e_iot01_psensor.o
LOAD Drivers/BSP/B-L475E-IOT01/stm32l475e_iot01_tsensor.o
LOAD Drivers/BSP/Components/hts221/hts221.o
LOAD Drivers/BSP/Components/lis3mdl/lis3mdl.o
LOAD Drivers/BSP/Components/lps22hb/lps22hb.o
LOAD Drivers/BSP/Components/lsm6dsl/lsm6dsl.o
LOAD Drivers/STM32L4xx_HAL_Driver/Src/stm32l4xx_hal.o
LOAD Drivers/STM32L4xx_HAL_Driver/Src/stm32l4xx_hal_cortex.o
LOAD Drivers/STM32L4xx_HAL_Driver/Src/stm32l4xx_hal_dma.o
LOAD Drivers/STM32L4xx_HAL_Driver/Src/stm32l4xx_hal_dma_ex.o
LOAD Drivers/STM32L4xx_HAL_Driver/Src/stm32l4xx_hal_exti.o
LOAD Drivers/STM32L4xx_HAL_Driver/Src/stm32l4xx_hal_flash.o
LOAD Drivers/STM32L4xx_HAL_Driver/Src/stm32l4xx_hal_flash_ex.o
LOAD Drivers/STM32L4xx_HAL_Driver/Src/stm32l4xx_hal_flash_ramfunc.o
LOAD Drivers/STM32L4xx_HAL_Driver/Src/stm32l4xx_hal_gpio.o
LOAD Drivers/STM32L4xx_HAL_Driver/Src/stm32l4xx_hal_i2c.o
LOAD Drivers/STM32L4xx_HAL_Driver/Src/stm32l4xx_hal_i2c_ex.o
LOAD Drivers/STM32L4xx_HAL_Driver/Src/stm32l4xx_hal_pwr.o
LOAD Drivers/STM32L4xx_HAL_Driver/Src/stm32l4xx_hal_pwr_ex.o
LOAD Drivers/STM32L4xx_HAL_Driver/Src/stm32l4xx_hal_rcc.o
LOAD Drivers/STM32L4xx_HAL_Driver/Src/stm32l4xx_hal_rcc_ex.o
LOAD Drivers/STM32L4xx_HAL_Driver/Src/stm32l4xx_hal_spi.o
LOAD Drivers/STM32L4xx_HAL_Driver/Src/stm32l4xx_hal_spi_ex.o
LOAD Drivers/STM32L4xx_HAL_Driver/Src/stm32l4xx_hal_tim.o
LOAD Drivers/STM32L4xx_HAL_Driver/Src/stm32l4xx_hal_tim_ex.o
LOAD Drivers/STM32L4xx_HAL_Driver/Src/stm32l4xx_hal_uart.o
LOAD Drivers/STM32L4xx_HAL_Driver/Src/stm32l4xx_hal_uart_ex.o
LOAD Middlewares/Third_Party/FreeRTOS/Source/CMSIS_RTOS/cmsis_os.o
LOAD Middlewares/Third_Party/FreeRTOS/Source/croutine.o
LOAD Middlewares/Third_Party/FreeRTOS/Source/event_groups.o
LOAD Middlewares/Third_Party/FreeRTOS/Source/list.o
LOAD Middlewares/Third_Party/FreeRTOS/Source/queue.o
LOAD Middlewares/Third_Party/FreeRTOS/Source/stream_buffer.o
LOAD Middlewares/Third_Party/FreeRTOS/Source/tasks.o
LOAD Middlewares/Third_Party/FreeRTOS/Source/timers.o
LOAD Middlewares/Third_Party/FreeRTOS/Source/portable/GCC/ARM_CM4F/port.o
LOAD Middlewares/Third_Party/FreeRTOS/Source/portable/MemMang/heap_4.o
START GROUP
LOAD d:/programmi/stm32cubeide/stm32cubeide_1.4.0/stm32cubeide/plugins/com.st.stm32cube.ide.mcu.externaltools.gnu-tools-for-stm32.9-2020-q2-update.win32_1.5.0.202011040924/tools/bin/../lib/gcc/arm-none-eabi/9.3.1/../../../../arm-none-eabi/lib/thumb/v7e-m+fp/hard\libc_nano.a
LOAD d:/programmi/stm32cubeide/stm32cubeide_1.4.0/stm32cubeide/plugins/com.st.stm32cube.ide.mcu.externaltools.gnu-tools-for-stm32.9-2020-q2-update.win32_1.5.0.202011040924/tools/bin/../lib/gcc/arm-none-eabi/9.3.1/../../../../arm-none-eabi/lib/thumb/v7e-m+fp/hard\libm.a
END GROUP
START GROUP
LOAD d:/programmi/stm32cubeide/stm32cubeide_1.4.0/stm32cubeide/plugins/com.st.stm32cube.ide.mcu.externaltools.gnu-tools-for-stm32.9-2020-q2-update.win32_1.5.0.202011040924/tools/bin/../lib/gcc/arm-none-eabi/9.3.1/thumb/v7e-m+fp/hard\libgcc.a
LOAD d:/programmi/stm32cubeide/stm32cubeide_1.4.0/stm32cubeide/plugins/com.st.stm32cube.ide.mcu.externaltools.gnu-tools-for-stm32.9-2020-q2-update.win32_1.5.0.202011040924/tools/bin/../lib/gcc/arm-none-eabi/9.3.1/../../../../arm-none-eabi/lib/thumb/v7e-m+fp/hard\libc_nano.a
END GROUP
START GROUP
LOAD d:/programmi/stm32cubeide/stm32cubeide_1.4.0/stm32cubeide/plugins/com.st.stm32cube.ide.mcu.externaltools.gnu-tools-for-stm32.9-2020-q2-update.win32_1.5.0.202011040924/tools/bin/../lib/gcc/arm-none-eabi/9.3.1/thumb/v7e-m+fp/hard\libgcc.a
LOAD d:/programmi/stm32cubeide/stm32cubeide_1.4.0/stm32cubeide/plugins/com.st.stm32cube.ide.mcu.externaltools.gnu-tools-for-stm32.9-2020-q2-update.win32_1.5.0.202011040924/tools/bin/../lib/gcc/arm-none-eabi/9.3.1/../../../../arm-none-eabi/lib/thumb/v7e-m+fp/hard\libc_nano.a
LOAD d:/programmi/stm32cubeide/stm32cubeide_1.4.0/stm32cubeide/plugins/com.st.stm32cube.ide.mcu.externaltools.gnu-tools-for-stm32.9-2020-q2-update.win32_1.5.0.202011040924/tools/bin/../lib/gcc/arm-none-eabi/9.3.1/../../../../arm-none-eabi/lib/thumb/v7e-m+fp/hard\libnosys.a
END GROUP
START GROUP
LOAD d:/programmi/stm32cubeide/stm32cubeide_1.4.0/stm32cubeide/plugins/com.st.stm32cube.ide.mcu.externaltools.gnu-tools-for-stm32.9-2020-q2-update.win32_1.5.0.202011040924/tools/bin/../lib/gcc/arm-none-eabi/9.3.1/thumb/v7e-m+fp/hard\libgcc.a
LOAD d:/programmi/stm32cubeide/stm32cubeide_1.4.0/stm32cubeide/plugins/com.st.stm32cube.ide.mcu.externaltools.gnu-tools-for-stm32.9-2020-q2-update.win32_1.5.0.202011040924/tools/bin/../lib/gcc/arm-none-eabi/9.3.1/../../../../arm-none-eabi/lib/thumb/v7e-m+fp/hard\libc_nano.a
LOAD d:/programmi/stm32cubeide/stm32cubeide_1.4.0/stm32cubeide/plugins/com.st.stm32cube.ide.mcu.externaltools.gnu-tools-for-stm32.9-2020-q2-update.win32_1.5.0.202011040924/tools/bin/../lib/gcc/arm-none-eabi/9.3.1/../../../../arm-none-eabi/lib/thumb/v7e-m+fp/hard\libnosys.a
END GROUP
LOAD d:/programmi/stm32cubeide/stm32cubeide_1.4.0/stm32cubeide/plugins/com.st.stm32cube.ide.mcu.externaltools.gnu-tools-for-stm32.9-2020-q2-update.win32_1.5.0.202011040924/tools/bin/../lib/gcc/arm-none-eabi/9.3.1/thumb/v7e-m+fp/hard/crtend.o
LOAD d:/programmi/stm32cubeide/stm32cubeide_1.4.0/stm32cubeide/plugins/com.st.stm32cube.ide.mcu.externaltools.gnu-tools-for-stm32.9-2020-q2-update.win32_1.5.0.202011040924/tools/bin/../lib/gcc/arm-none-eabi/9.3.1/thumb/v7e-m+fp/hard/crtn.o
                0x0000000020018000                _estack = (ORIGIN (RAM) + LENGTH (RAM))
                0x0000000000000300                _Min_Heap_Size = 0x300
                0x0000000000000400                _Min_Stack_Size = 0x400

.isr_vector     0x0000000008000000      0x188
                0x0000000008000000                . = ALIGN (0x4)
 *(.isr_vector)
 .isr_vector    0x0000000008000000      0x188 Core/Startup/startup_stm32l475vgtx.o
                0x0000000008000000                g_pfnVectors
                0x0000000008000188                . = ALIGN (0x4)

.text           0x0000000008000190    0x10930
                0x0000000008000190                . = ALIGN (0x4)
 *(.text)
 .text          0x0000000008000190       0x40 d:/programmi/stm32cubeide/stm32cubeide_1.4.0/stm32cubeide/plugins/com.st.stm32cube.ide.mcu.externaltools.gnu-tools-for-stm32.9-2020-q2-update.win32_1.5.0.202011040924/tools/bin/../lib/gcc/arm-none-eabi/9.3.1/thumb/v7e-m+fp/hard/crtbegin.o
 .text          0x00000000080001d0       0x10 d:/programmi/stm32cubeide/stm32cubeide_1.4.0/stm32cubeide/plugins/com.st.stm32cube.ide.mcu.externaltools.gnu-tools-for-stm32.9-2020-q2-update.win32_1.5.0.202011040924/tools/bin/../lib/gcc/arm-none-eabi/9.3.1/../../../../arm-none-eabi/lib/thumb/v7e-m+fp/hard\libc_nano.a(lib_a-strlen.o)
                0x00000000080001d0                strlen
 .text          0x00000000080001e0       0xa0 d:/programmi/stm32cubeide/stm32cubeide_1.4.0/stm32cubeide/plugins/com.st.stm32cube.ide.mcu.externaltools.gnu-tools-for-stm32.9-2020-q2-update.win32_1.5.0.202011040924/tools/bin/../lib/gcc/arm-none-eabi/9.3.1/../../../../arm-none-eabi/lib/thumb/v7e-m+fp/hard\libc_nano.a(lib_a-memchr.o)
                0x00000000080001e0                memchr
 .text          0x0000000008000280      0x378 d:/programmi/stm32cubeide/stm32cubeide_1.4.0/stm32cubeide/plugins/com.st.stm32cube.ide.mcu.externaltools.gnu-tools-for-stm32.9-2020-q2-update.win32_1.5.0.202011040924/tools/bin/../lib/gcc/arm-none-eabi/9.3.1/thumb/v7e-m+fp/hard\libgcc.a(_arm_addsubdf3.o)
                0x0000000008000280                __aeabi_drsub
                0x0000000008000288                __aeabi_dsub
                0x0000000008000288                __subdf3
                0x000000000800028c                __aeabi_dadd
                0x000000000800028c                __adddf3
                0x0000000008000504                __floatunsidf
                0x0000000008000504                __aeabi_ui2d
                0x0000000008000524                __floatsidf
                0x0000000008000524                __aeabi_i2d
                0x0000000008000548                __aeabi_f2d
                0x0000000008000548                __extendsfdf2
                0x000000000800058c                __floatundidf
                0x000000000800058c                __aeabi_ul2d
                0x000000000800059c                __floatdidf
                0x000000000800059c                __aeabi_l2d
 .text          0x00000000080005f8      0x424 d:/programmi/stm32cubeide/stm32cubeide_1.4.0/stm32cubeide/plugins/com.st.stm32cube.ide.mcu.externaltools.gnu-tools-for-stm32.9-2020-q2-update.win32_1.5.0.202011040924/tools/bin/../lib/gcc/arm-none-eabi/9.3.1/thumb/v7e-m+fp/hard\libgcc.a(_arm_muldivdf3.o)
                0x00000000080005f8                __aeabi_dmul
                0x00000000080005f8                __muldf3
                0x000000000800084c                __divdf3
                0x000000000800084c                __aeabi_ddiv
 .text          0x0000000008000a1c      0x110 d:/programmi/stm32cubeide/stm32cubeide_1.4.0/stm32cubeide/plugins/com.st.stm32cube.ide.mcu.externaltools.gnu-tools-for-stm32.9-2020-q2-update.win32_1.5.0.202011040924/tools/bin/../lib/gcc/arm-none-eabi/9.3.1/thumb/v7e-m+fp/hard\libgcc.a(_arm_cmpdf2.o)
                0x0000000008000a1c                __gtdf2
                0x0000000008000a1c                __gedf2
                0x0000000008000a24                __ltdf2
                0x0000000008000a24                __ledf2
                0x0000000008000a2c                __nedf2
                0x0000000008000a2c                __eqdf2
                0x0000000008000a2c                __cmpdf2
                0x0000000008000aa8                __aeabi_cdrcmple
                0x0000000008000ab8                __aeabi_cdcmpeq
                0x0000000008000ab8                __aeabi_cdcmple
                0x0000000008000ac8                __aeabi_dcmpeq
                0x0000000008000adc                __aeabi_dcmplt
                0x0000000008000af0                __aeabi_dcmple
                0x0000000008000b04                __aeabi_dcmpge
                0x0000000008000b18                __aeabi_dcmpgt
 .text          0x0000000008000b2c       0x2c d:/programmi/stm32cubeide/stm32cubeide_1.4.0/stm32cubeide/plugins/com.st.stm32cube.ide.mcu.externaltools.gnu-tools-for-stm32.9-2020-q2-update.win32_1.5.0.202011040924/tools/bin/../lib/gcc/arm-none-eabi/9.3.1/thumb/v7e-m+fp/hard\libgcc.a(_arm_unorddf2.o)
                0x0000000008000b2c                __unorddf2
                0x0000000008000b2c                __aeabi_dcmpun
 .text          0x0000000008000b58       0x50 d:/programmi/stm32cubeide/stm32cubeide_1.4.0/stm32cubeide/plugins/com.st.stm32cube.ide.mcu.externaltools.gnu-tools-for-stm32.9-2020-q2-update.win32_1.5.0.202011040924/tools/bin/../lib/gcc/arm-none-eabi/9.3.1/thumb/v7e-m+fp/hard\libgcc.a(_arm_fixdfsi.o)
                0x0000000008000b58                __aeabi_d2iz
                0x0000000008000b58                __fixdfsi
 .text          0x0000000008000ba8       0x30 d:/programmi/stm32cubeide/stm32cubeide_1.4.0/stm32cubeide/plugins/com.st.stm32cube.ide.mcu.externaltools.gnu-tools-for-stm32.9-2020-q2-update.win32_1.5.0.202011040924/tools/bin/../lib/gcc/arm-none-eabi/9.3.1/thumb/v7e-m+fp/hard\libgcc.a(_aeabi_uldivmod.o)
                0x0000000008000ba8                __aeabi_uldivmod
 .text          0x0000000008000bd8      0x2c4 d:/programmi/stm32cubeide/stm32cubeide_1.4.0/stm32cubeide/plugins/com.st.stm32cube.ide.mcu.externaltools.gnu-tools-for-stm32.9-2020-q2-update.win32_1.5.0.202011040924/tools/bin/../lib/gcc/arm-none-eabi/9.3.1/thumb/v7e-m+fp/hard\libgcc.a(_udivmoddi4.o)
                0x0000000008000bd8                __udivmoddi4
 .text          0x0000000008000e9c        0x4 d:/programmi/stm32cubeide/stm32cubeide_1.4.0/stm32cubeide/plugins/com.st.stm32cube.ide.mcu.externaltools.gnu-tools-for-stm32.9-2020-q2-update.win32_1.5.0.202011040924/tools/bin/../lib/gcc/arm-none-eabi/9.3.1/thumb/v7e-m+fp/hard\libgcc.a(_dvmd_tls.o)
                0x0000000008000e9c                __aeabi_idiv0
                0x0000000008000e9c                __aeabi_ldiv0
 *(.text*)
 .text.Hex2Num  0x0000000008000ea0       0x54 Core/Src/WIFI/es_wifi.o
 .text.ParseHexNumber
                0x0000000008000ef4       0x80 Core/Src/WIFI/es_wifi.o
 .text.ParseNumber
                0x0000000008000f74       0x88 Core/Src/WIFI/es_wifi.o
 .text.ParseMAC
                0x0000000008000ffc       0x56 Core/Src/WIFI/es_wifi.o
 .text.ParseIP  0x0000000008001052       0x56 Core/Src/WIFI/es_wifi.o
 .text.AT_ParseInfo
                0x00000000080010a8       0xec Core/Src/WIFI/es_wifi.o
 .text.AT_ParseConnSettings
                0x0000000008001194      0x160 Core/Src/WIFI/es_wifi.o
 .text.AT_ParseIsConnected
                0x00000000080012f4       0x2c Core/Src/WIFI/es_wifi.o
 .text.AT_ExecuteCommand
                0x0000000008001320       0xcc Core/Src/WIFI/es_wifi.o
 .text.AT_RequestSendData
                0x00000000080013ec       0xec Core/Src/WIFI/es_wifi.o
 .text.ES_WIFI_Init
                0x00000000080014d8       0x5c Core/Src/WIFI/es_wifi.o
                0x00000000080014d8                ES_WIFI_Init
 .text.ES_WIFI_RegisterBusIO
                0x0000000008001534       0x66 Core/Src/WIFI/es_wifi.o
                0x0000000008001534                ES_WIFI_RegisterBusIO
 *fill*         0x000000000800159a        0x2 
 .text.ES_WIFI_Connect
                0x000000000800159c       0xf0 Core/Src/WIFI/es_wifi.o
                0x000000000800159c                ES_WIFI_Connect
 .text.ES_WIFI_IsConnected
                0x000000000800168c       0x58 Core/Src/WIFI/es_wifi.o
                0x000000000800168c                ES_WIFI_IsConnected
 .text.ES_WIFI_GetNetworkSettings
                0x00000000080016e4       0x54 Core/Src/WIFI/es_wifi.o
                0x00000000080016e4                ES_WIFI_GetNetworkSettings
 .text.ES_WIFI_GetMACAddress
                0x0000000008001738       0x64 Core/Src/WIFI/es_wifi.o
                0x0000000008001738                ES_WIFI_GetMACAddress
 .text.ES_WIFI_StartClientConnection
                0x000000000800179c      0x1d4 Core/Src/WIFI/es_wifi.o
                0x000000000800179c                ES_WIFI_StartClientConnection
 .text.ES_WIFI_SendData
                0x0000000008001970      0x178 Core/Src/WIFI/es_wifi.o
                0x0000000008001970                ES_WIFI_SendData
 .text.SPI_WIFI_MspInit
                0x0000000008001ae8      0x178 Core/Src/WIFI/es_wifi_io.o
                0x0000000008001ae8                SPI_WIFI_MspInit
 .text.SPI_WIFI_Init
                0x0000000008001c60       0xbc Core/Src/WIFI/es_wifi_io.o
                0x0000000008001c60                SPI_WIFI_Init
 .text.SPI_WIFI_ResetModule
                0x0000000008001d1c       0xe0 Core/Src/WIFI/es_wifi_io.o
                0x0000000008001d1c                SPI_WIFI_ResetModule
 .text.SPI_WIFI_DeInit
                0x0000000008001dfc       0x14 Core/Src/WIFI/es_wifi_io.o
                0x0000000008001dfc                SPI_WIFI_DeInit
 .text.wait_cmddata_rdy_high
                0x0000000008001e10       0x44 Core/Src/WIFI/es_wifi_io.o
 .text.wait_cmddata_rdy_rising_event
                0x0000000008001e54       0x40 Core/Src/WIFI/es_wifi_io.o
 .text.wait_spi_rx_event
                0x0000000008001e94       0x40 Core/Src/WIFI/es_wifi_io.o
 .text.wait_spi_tx_event
                0x0000000008001ed4       0x40 Core/Src/WIFI/es_wifi_io.o
 .text.SPI_WIFI_ReceiveData
                0x0000000008001f14       0xf4 Core/Src/WIFI/es_wifi_io.o
                0x0000000008001f14                SPI_WIFI_ReceiveData
 .text.SPI_WIFI_SendData
                0x0000000008002008       0xdc Core/Src/WIFI/es_wifi_io.o
                0x0000000008002008                SPI_WIFI_SendData
 .text.SPI_WIFI_Delay
                0x00000000080020e4       0x16 Core/Src/WIFI/es_wifi_io.o
                0x00000000080020e4                SPI_WIFI_Delay
 *fill*         0x00000000080020fa        0x2 
 .text.SPI_WIFI_DelayUs
                0x00000000080020fc       0xa4 Core/Src/WIFI/es_wifi_io.o
 .text.HAL_SPI_RxCpltCallback
                0x00000000080021a0       0x28 Core/Src/WIFI/es_wifi_io.o
                0x00000000080021a0                HAL_SPI_RxCpltCallback
 .text.HAL_SPI_TxCpltCallback
                0x00000000080021c8       0x28 Core/Src/WIFI/es_wifi_io.o
                0x00000000080021c8                HAL_SPI_TxCpltCallback
 .text.SPI_WIFI_ISR
                0x00000000080021f0       0x20 Core/Src/WIFI/es_wifi_io.o
                0x00000000080021f0                SPI_WIFI_ISR
 .text.WIFI_Init
                0x0000000008002210       0x58 Core/Src/WIFI/wifi.o
                0x0000000008002210                WIFI_Init
 .text.WIFI_Connect
                0x0000000008002268       0x44 Core/Src/WIFI/wifi.o
                0x0000000008002268                WIFI_Connect
 .text.WIFI_GetMAC_Address
                0x00000000080022ac       0x2c Core/Src/WIFI/wifi.o
                0x00000000080022ac                WIFI_GetMAC_Address
 .text.WIFI_GetIP_Address
                0x00000000080022d8       0x38 Core/Src/WIFI/wifi.o
                0x00000000080022d8                WIFI_GetIP_Address
 .text.WIFI_OpenClientConnection
                0x0000000008002310       0x74 Core/Src/WIFI/wifi.o
                0x0000000008002310                WIFI_OpenClientConnection
 .text.WIFI_SendData
                0x0000000008002384       0x44 Core/Src/WIFI/wifi.o
                0x0000000008002384                WIFI_SendData
 .text.vApplicationGetIdleTaskMemory
                0x00000000080023c8       0x34 Core/Src/freertos.o
                0x00000000080023c8                vApplicationGetIdleTaskMemory
 .text.delayStepM
                0x00000000080023fc       0x34 Core/Src/main.o
                0x00000000080023fc                delayStepM
 .text.HAL_UART_RxCpltCallback
                0x0000000008002430       0x20 Core/Src/main.o
                0x0000000008002430                HAL_UART_RxCpltCallback
 .text.HAL_GPIO_EXTI_Callback
                0x0000000008002450       0x20 Core/Src/main.o
                0x0000000008002450                HAL_GPIO_EXTI_Callback
 .text.SPI3_IRQHandler
                0x0000000008002470       0x14 Core/Src/main.o
                0x0000000008002470                SPI3_IRQHandler
 .text._write   0x0000000008002484       0x28 Core/Src/main.o
                0x0000000008002484                _write
 .text.main     0x00000000080024ac      0x29c Core/Src/main.o
                0x00000000080024ac                main
 .text.SystemClock_Config
                0x0000000008002748       0xf0 Core/Src/main.o
                0x0000000008002748                SystemClock_Config
 .text.MX_TIM2_Init
                0x0000000008002838       0xf0 Core/Src/main.o
 .text.MX_TIM8_Init
                0x0000000008002928       0xa8 Core/Src/main.o
 .text.MX_USART1_UART_Init
                0x00000000080029d0       0x60 Core/Src/main.o
 .text.MX_USART3_UART_Init
                0x0000000008002a30       0x60 Core/Src/main.o
 .text.MX_GPIO_Init
                0x0000000008002a90      0x128 Core/Src/main.o
 .text.StartDefaultTask
                0x0000000008002bb8        0xa Core/Src/main.o
                0x0000000008002bb8                StartDefaultTask
 *fill*         0x0000000008002bc2        0x2 
 .text.StartServo
                0x0000000008002bc4       0x68 Core/Src/main.o
                0x0000000008002bc4                StartServo
 .text.StartStepper
                0x0000000008002c2c       0x84 Core/Src/main.o
                0x0000000008002c2c                StartStepper
 .text.StartWifi
                0x0000000008002cb0      0x264 Core/Src/main.o
                0x0000000008002cb0                StartWifi
 .text.StartDistance
                0x0000000008002f14       0x80 Core/Src/main.o
                0x0000000008002f14                StartDistance
 .text.StartSensors
                0x0000000008002f94       0xa8 Core/Src/main.o
                0x0000000008002f94                StartSensors
 .text.StartManager
                0x000000000800303c      0x15c Core/Src/main.o
                0x000000000800303c                StartManager
 .text.Error_Handler
                0x0000000008003198        0xa Core/Src/main.o
                0x0000000008003198                Error_Handler
 .text.stepper_set_rpm
                0x00000000080031a2       0x22 Core/Src/stepper.o
                0x00000000080031a2                stepper_set_rpm
 .text.stepper_half_drive
                0x00000000080031c4      0x1a4 Core/Src/stepper.o
                0x00000000080031c4                stepper_half_drive
 .text.stepper_step_angle
                0x0000000008003368       0x94 Core/Src/stepper.o
                0x0000000008003368                stepper_step_angle
 .text.HAL_MspInit
                0x00000000080033fc       0x50 Core/Src/stm32l4xx_hal_msp.o
                0x00000000080033fc                HAL_MspInit
 .text.HAL_TIM_Base_MspInit
                0x000000000800344c       0x70 Core/Src/stm32l4xx_hal_msp.o
                0x000000000800344c                HAL_TIM_Base_MspInit
 .text.HAL_TIM_MspPostInit
                0x00000000080034bc       0x68 Core/Src/stm32l4xx_hal_msp.o
                0x00000000080034bc                HAL_TIM_MspPostInit
 .text.HAL_UART_MspInit
                0x0000000008003524       0xfc Core/Src/stm32l4xx_hal_msp.o
                0x0000000008003524                HAL_UART_MspInit
 .text.NMI_Handler
                0x0000000008003620        0x6 Core/Src/stm32l4xx_it.o
                0x0000000008003620                NMI_Handler
 .text.HardFault_Handler
                0x0000000008003626        0x6 Core/Src/stm32l4xx_it.o
                0x0000000008003626                HardFault_Handler
 .text.MemManage_Handler
                0x000000000800362c        0x6 Core/Src/stm32l4xx_it.o
                0x000000000800362c                MemManage_Handler
 .text.BusFault_Handler
                0x0000000008003632        0x6 Core/Src/stm32l4xx_it.o
                0x0000000008003632                BusFault_Handler
 .text.EXTI1_IRQHandler
                0x0000000008003638        0xe Core/Src/stm32l4xx_it.o
                0x0000000008003638                EXTI1_IRQHandler
 .text.UsageFault_Handler
                0x0000000008003646        0x6 Core/Src/stm32l4xx_it.o
                0x0000000008003646                UsageFault_Handler
 .text.DebugMon_Handler
                0x000000000800364c        0xe Core/Src/stm32l4xx_it.o
                0x000000000800364c                DebugMon_Handler
 .text.SysTick_Handler
                0x000000000800365a       0x1a Core/Src/stm32l4xx_it.o
                0x000000000800365a                SysTick_Handler
 .text.TIM2_IRQHandler
                0x0000000008003674       0x14 Core/Src/stm32l4xx_it.o
                0x0000000008003674                TIM2_IRQHandler
 .text.USART3_IRQHandler
                0x0000000008003688       0x14 Core/Src/stm32l4xx_it.o
                0x0000000008003688                USART3_IRQHandler
 .text._getpid  0x000000000800369c       0x10 Core/Src/syscalls.o
                0x000000000800369c                _getpid
 .text._kill    0x00000000080036ac       0x20 Core/Src/syscalls.o
                0x00000000080036ac                _kill
 .text._exit    0x00000000080036cc       0x14 Core/Src/syscalls.o
                0x00000000080036cc                _exit
 .text._read    0x00000000080036e0       0x3a Core/Src/syscalls.o
                0x00000000080036e0                _read
 .text._close   0x000000000800371a       0x18 Core/Src/syscalls.o
                0x000000000800371a                _close
 .text._fstat   0x0000000008003732       0x20 Core/Src/syscalls.o
                0x0000000008003732                _fstat
 .text._isatty  0x0000000008003752       0x16 Core/Src/syscalls.o
                0x0000000008003752                _isatty
 .text._lseek   0x0000000008003768       0x1a Core/Src/syscalls.o
                0x0000000008003768                _lseek
 *fill*         0x0000000008003782        0x2 
 .text._sbrk    0x0000000008003784       0x6c Core/Src/sysmem.o
                0x0000000008003784                _sbrk
 .text.SystemInit
                0x00000000080037f0       0x6c Core/Src/system_stm32l4xx.o
                0x00000000080037f0                SystemInit
 .text.Reset_Handler
                0x000000000800385c       0x50 Core/Startup/startup_stm32l475vgtx.o
                0x000000000800385c                Reset_Handler
 .text.Default_Handler
                0x00000000080038ac        0x2 Core/Startup/startup_stm32l475vgtx.o
                0x00000000080038ac                RTC_Alarm_IRQHandler
                0x00000000080038ac                EXTI2_IRQHandler
                0x00000000080038ac                TIM8_TRG_COM_IRQHandler
                0x00000000080038ac                TIM8_CC_IRQHandler
                0x00000000080038ac                TIM1_CC_IRQHandler
                0x00000000080038ac                TSC_IRQHandler
                0x00000000080038ac                TAMP_STAMP_IRQHandler
                0x00000000080038ac                EXTI3_IRQHandler
                0x00000000080038ac                LPTIM2_IRQHandler
                0x00000000080038ac                DFSDM1_FLT1_IRQHandler
                0x00000000080038ac                I2C3_ER_IRQHandler
                0x00000000080038ac                DFSDM1_FLT2_IRQHandler
                0x00000000080038ac                EXTI0_IRQHandler
                0x00000000080038ac                I2C2_EV_IRQHandler
                0x00000000080038ac                CAN1_RX0_IRQHandler
                0x00000000080038ac                FPU_IRQHandler
                0x00000000080038ac                TIM1_UP_TIM16_IRQHandler
                0x00000000080038ac                ADC1_2_IRQHandler
                0x00000000080038ac                SPI1_IRQHandler
                0x00000000080038ac                TIM6_DAC_IRQHandler
                0x00000000080038ac                TIM8_UP_IRQHandler
                0x00000000080038ac                DMA2_Channel2_IRQHandler
                0x00000000080038ac                DMA1_Channel4_IRQHandler
                0x00000000080038ac                SAI2_IRQHandler
                0x00000000080038ac                DFSDM1_FLT3_IRQHandler
                0x00000000080038ac                DMA1_Channel7_IRQHandler
                0x00000000080038ac                CAN1_RX1_IRQHandler
                0x00000000080038ac                UART5_IRQHandler
                0x00000000080038ac                ADC3_IRQHandler
                0x00000000080038ac                TIM4_IRQHandler
                0x00000000080038ac                DMA2_Channel1_IRQHandler
                0x00000000080038ac                QUADSPI_IRQHandler
                0x00000000080038ac                I2C1_EV_IRQHandler
                0x00000000080038ac                DMA1_Channel6_IRQHandler
                0x00000000080038ac                UART4_IRQHandler
                0x00000000080038ac                DMA2_Channel4_IRQHandler
                0x00000000080038ac                TIM3_IRQHandler
                0x00000000080038ac                RCC_IRQHandler
                0x00000000080038ac                DMA1_Channel1_IRQHandler
                0x00000000080038ac                Default_Handler
                0x00000000080038ac                DMA2_Channel7_IRQHandler
                0x00000000080038ac                EXTI15_10_IRQHandler
                0x00000000080038ac                TIM7_IRQHandler
                0x00000000080038ac                SDMMC1_IRQHandler
                0x00000000080038ac                TIM5_IRQHandler
                0x00000000080038ac                I2C3_EV_IRQHandler
                0x00000000080038ac                EXTI9_5_IRQHandler
                0x00000000080038ac                RTC_WKUP_IRQHandler
                0x00000000080038ac                PVD_PVM_IRQHandler
                0x00000000080038ac                SPI2_IRQHandler
                0x00000000080038ac                CAN1_TX_IRQHandler
                0x00000000080038ac                DMA2_Channel5_IRQHandler
                0x00000000080038ac                DMA1_Channel5_IRQHandler
                0x00000000080038ac                EXTI4_IRQHandler
                0x00000000080038ac                RNG_IRQHandler
                0x00000000080038ac                TIM1_TRG_COM_TIM17_IRQHandler
                0x00000000080038ac                DMA1_Channel3_IRQHandler
                0x00000000080038ac                COMP_IRQHandler
                0x00000000080038ac                WWDG_IRQHandler
                0x00000000080038ac                LPUART1_IRQHandler
                0x00000000080038ac                DMA2_Channel6_IRQHandler
                0x00000000080038ac                USART2_IRQHandler
                0x00000000080038ac                DFSDM1_FLT0_IRQHandler
                0x00000000080038ac                I2C2_ER_IRQHandler
                0x00000000080038ac                DMA1_Channel2_IRQHandler
                0x00000000080038ac                TIM8_BRK_IRQHandler
                0x00000000080038ac                CAN1_SCE_IRQHandler
                0x00000000080038ac                FLASH_IRQHandler
                0x00000000080038ac                USART1_IRQHandler
                0x00000000080038ac                OTG_FS_IRQHandler
                0x00000000080038ac                I2C1_ER_IRQHandler
                0x00000000080038ac                FMC_IRQHandler
                0x00000000080038ac                SWPMI1_IRQHandler
                0x00000000080038ac                LPTIM1_IRQHandler
                0x00000000080038ac                SAI1_IRQHandler
                0x00000000080038ac                DMA2_Channel3_IRQHandler
                0x00000000080038ac                TIM1_BRK_TIM15_IRQHandler
 *fill*         0x00000000080038ae        0x2 
 .text.BSP_LED_Init
                0x00000000080038b0       0x60 Drivers/BSP/B-L475E-IOT01/stm32l475e_iot01.o
                0x00000000080038b0                BSP_LED_Init
 .text.BSP_LED_On
                0x0000000008003910       0x2c Drivers/BSP/B-L475E-IOT01/stm32l475e_iot01.o
                0x0000000008003910                BSP_LED_On
 .text.BSP_COM_Init
                0x000000000800393c       0xd8 Drivers/BSP/B-L475E-IOT01/stm32l475e_iot01.o
                0x000000000800393c                BSP_COM_Init
 .text.I2Cx_MspInit
                0x0000000008003a14       0xb0 Drivers/BSP/B-L475E-IOT01/stm32l475e_iot01.o
 .text.I2Cx_Init
                0x0000000008003ac4       0x5c Drivers/BSP/B-L475E-IOT01/stm32l475e_iot01.o
 .text.I2Cx_ReadMultiple
                0x0000000008003b20       0x5a Drivers/BSP/B-L475E-IOT01/stm32l475e_iot01.o
 .text.I2Cx_WriteMultiple
                0x0000000008003b7a       0x5a Drivers/BSP/B-L475E-IOT01/stm32l475e_iot01.o
 .text.I2Cx_Error
                0x0000000008003bd4       0x20 Drivers/BSP/B-L475E-IOT01/stm32l475e_iot01.o
 .text.SENSOR_IO_Init
                0x0000000008003bf4       0x14 Drivers/BSP/B-L475E-IOT01/stm32l475e_iot01.o
                0x0000000008003bf4                SENSOR_IO_Init
 .text.SENSOR_IO_Write
                0x0000000008003c08       0x34 Drivers/BSP/B-L475E-IOT01/stm32l475e_iot01.o
                0x0000000008003c08                SENSOR_IO_Write
 .text.SENSOR_IO_Read
                0x0000000008003c3c       0x3c Drivers/BSP/B-L475E-IOT01/stm32l475e_iot01.o
                0x0000000008003c3c                SENSOR_IO_Read
 .text.SENSOR_IO_ReadMultiple
                0x0000000008003c78       0x3c Drivers/BSP/B-L475E-IOT01/stm32l475e_iot01.o
                0x0000000008003c78                SENSOR_IO_ReadMultiple
 .text.BSP_ACCELERO_Init
                0x0000000008003cb4       0x7c Drivers/BSP/B-L475E-IOT01/stm32l475e_iot01_accelero.o
                0x0000000008003cb4                BSP_ACCELERO_Init
 .text.BSP_ACCELERO_AccGetXYZ
                0x0000000008003d30       0x30 Drivers/BSP/B-L475E-IOT01/stm32l475e_iot01_accelero.o
                0x0000000008003d30                BSP_ACCELERO_AccGetXYZ
 .text.BSP_GYRO_Init
                0x0000000008003d60       0x84 Drivers/BSP/B-L475E-IOT01/stm32l475e_iot01_gyro.o
                0x0000000008003d60                BSP_GYRO_Init
 .text.BSP_HSENSOR_Init
                0x0000000008003de4       0x40 Drivers/BSP/B-L475E-IOT01/stm32l475e_iot01_hsensor.o
                0x0000000008003de4                BSP_HSENSOR_Init
 .text.BSP_MAGNETO_Init
                0x0000000008003e24       0x58 Drivers/BSP/B-L475E-IOT01/stm32l475e_iot01_magneto.o
                0x0000000008003e24                BSP_MAGNETO_Init
 .text.BSP_PSENSOR_Init
                0x0000000008003e7c       0x40 Drivers/BSP/B-L475E-IOT01/stm32l475e_iot01_psensor.o
                0x0000000008003e7c                BSP_PSENSOR_Init
 .text.BSP_TSENSOR_Init
                0x0000000008003ebc       0x38 Drivers/BSP/B-L475E-IOT01/stm32l475e_iot01_tsensor.o
                0x0000000008003ebc                BSP_TSENSOR_Init
 .text.HTS221_H_Init
                0x0000000008003ef4       0x58 Drivers/BSP/Components/hts221/hts221.o
                0x0000000008003ef4                HTS221_H_Init
 .text.HTS221_H_ReadID
                0x0000000008003f4c       0x2c Drivers/BSP/Components/hts221/hts221.o
                0x0000000008003f4c                HTS221_H_ReadID
 .text.HTS221_H_ReadHumidity
                0x0000000008003f78      0x138 Drivers/BSP/Components/hts221/hts221.o
                0x0000000008003f78                HTS221_H_ReadHumidity
 .text.HTS221_T_Init
                0x00000000080040b0       0x5a Drivers/BSP/Components/hts221/hts221.o
                0x00000000080040b0                HTS221_T_Init
 .text.HTS221_T_ReadTemp
                0x000000000800410a      0x10e Drivers/BSP/Components/hts221/hts221.o
                0x000000000800410a                HTS221_T_ReadTemp
 .text.LIS3MDL_MagInit
                0x0000000008004218       0x50 Drivers/BSP/Components/lis3mdl/lis3mdl.o
                0x0000000008004218                LIS3MDL_MagInit
 .text.LIS3MDL_MagDeInit
                0x0000000008004268       0x3a Drivers/BSP/Components/lis3mdl/lis3mdl.o
                0x0000000008004268                LIS3MDL_MagDeInit
 .text.LIS3MDL_MagReadID
                0x00000000080042a2       0x16 Drivers/BSP/Components/lis3mdl/lis3mdl.o
                0x00000000080042a2                LIS3MDL_MagReadID
 .text.LIS3MDL_MagLowPower
                0x00000000080042b8       0x44 Drivers/BSP/Components/lis3mdl/lis3mdl.o
                0x00000000080042b8                LIS3MDL_MagLowPower
 .text.LIS3MDL_MagReadXYZ
                0x00000000080042fc      0x114 Drivers/BSP/Components/lis3mdl/lis3mdl.o
                0x00000000080042fc                LIS3MDL_MagReadXYZ
 .text.LPS22HB_P_Init
                0x0000000008004410       0x1a Drivers/BSP/Components/lps22hb/lps22hb.o
                0x0000000008004410                LPS22HB_P_Init
 .text.LPS22HB_P_ReadID
                0x000000000800442a       0x2c Drivers/BSP/Components/lps22hb/lps22hb.o
                0x000000000800442a                LPS22HB_P_ReadID
 *fill*         0x0000000008004456        0x2 
 .text.LPS22HB_P_ReadPressure
                0x0000000008004458       0xc0 Drivers/BSP/Components/lps22hb/lps22hb.o
                0x0000000008004458                LPS22HB_P_ReadPressure
 .text.LPS22HB_Init
                0x0000000008004518       0x7e Drivers/BSP/Components/lps22hb/lps22hb.o
 .text.LSM6DSL_AccInit
                0x0000000008004596       0x72 Drivers/BSP/Components/lsm6dsl/lsm6dsl.o
                0x0000000008004596                LSM6DSL_AccInit
 .text.LSM6DSL_AccDeInit
                0x0000000008004608       0x32 Drivers/BSP/Components/lsm6dsl/lsm6dsl.o
                0x0000000008004608                LSM6DSL_AccDeInit
 .text.LSM6DSL_AccReadID
                0x000000000800463a       0x16 Drivers/BSP/Components/lsm6dsl/lsm6dsl.o
                0x000000000800463a                LSM6DSL_AccReadID
 .text.LSM6DSL_AccLowPower
                0x0000000008004650       0x44 Drivers/BSP/Components/lsm6dsl/lsm6dsl.o
                0x0000000008004650                LSM6DSL_AccLowPower
 .text.LSM6DSL_AccReadXYZ
                0x0000000008004694      0x138 Drivers/BSP/Components/lsm6dsl/lsm6dsl.o
                0x0000000008004694                LSM6DSL_AccReadXYZ
 .text.LSM6DSL_GyroInit
                0x00000000080047cc       0x72 Drivers/BSP/Components/lsm6dsl/lsm6dsl.o
                0x00000000080047cc                LSM6DSL_GyroInit
 .text.LSM6DSL_GyroDeInit
                0x000000000800483e       0x32 Drivers/BSP/Components/lsm6dsl/lsm6dsl.o
                0x000000000800483e                LSM6DSL_GyroDeInit
 .text.LSM6DSL_GyroReadID
                0x0000000008004870       0x16 Drivers/BSP/Components/lsm6dsl/lsm6dsl.o
                0x0000000008004870                LSM6DSL_GyroReadID
 .text.LSM6DSL_GyroLowPower
                0x0000000008004886       0x44 Drivers/BSP/Components/lsm6dsl/lsm6dsl.o
                0x0000000008004886                LSM6DSL_GyroLowPower
 *fill*         0x00000000080048ca        0x2 
 .text.LSM6DSL_GyroReadXYZAngRate
                0x00000000080048cc      0x130 Drivers/BSP/Components/lsm6dsl/lsm6dsl.o
                0x00000000080048cc                LSM6DSL_GyroReadXYZAngRate
 .text.HAL_Init
                0x00000000080049fc       0x30 Drivers/STM32L4xx_HAL_Driver/Src/stm32l4xx_hal.o
                0x00000000080049fc                HAL_Init
 .text.HAL_InitTick
                0x0000000008004a2c       0x78 Drivers/STM32L4xx_HAL_Driver/Src/stm32l4xx_hal.o
                0x0000000008004a2c                HAL_InitTick
 .text.HAL_IncTick
                0x0000000008004aa4       0x28 Drivers/STM32L4xx_HAL_Driver/Src/stm32l4xx_hal.o
                0x0000000008004aa4                HAL_IncTick
 .text.HAL_GetTick
                0x0000000008004acc       0x18 Drivers/STM32L4xx_HAL_Driver/Src/stm32l4xx_hal.o
                0x0000000008004acc                HAL_GetTick
 .text.HAL_Delay
                0x0000000008004ae4       0x48 Drivers/STM32L4xx_HAL_Driver/Src/stm32l4xx_hal.o
                0x0000000008004ae4                HAL_Delay
 .text.__NVIC_SetPriorityGrouping
                0x0000000008004b2c       0x48 Drivers/STM32L4xx_HAL_Driver/Src/stm32l4xx_hal_cortex.o
 .text.__NVIC_GetPriorityGrouping
                0x0000000008004b74       0x1c Drivers/STM32L4xx_HAL_Driver/Src/stm32l4xx_hal_cortex.o
 .text.__NVIC_EnableIRQ
                0x0000000008004b90       0x3c Drivers/STM32L4xx_HAL_Driver/Src/stm32l4xx_hal_cortex.o
 .text.__NVIC_SetPriority
                0x0000000008004bcc       0x54 Drivers/STM32L4xx_HAL_Driver/Src/stm32l4xx_hal_cortex.o
 .text.NVIC_EncodePriority
                0x0000000008004c20       0x66 Drivers/STM32L4xx_HAL_Driver/Src/stm32l4xx_hal_cortex.o
 *fill*         0x0000000008004c86        0x2 
 .text.SysTick_Config
                0x0000000008004c88       0x44 Drivers/STM32L4xx_HAL_Driver/Src/stm32l4xx_hal_cortex.o
 .text.HAL_NVIC_SetPriorityGrouping
                0x0000000008004ccc       0x16 Drivers/STM32L4xx_HAL_Driver/Src/stm32l4xx_hal_cortex.o
                0x0000000008004ccc                HAL_NVIC_SetPriorityGrouping
 .text.HAL_NVIC_SetPriority
                0x0000000008004ce2       0x38 Drivers/STM32L4xx_HAL_Driver/Src/stm32l4xx_hal_cortex.o
                0x0000000008004ce2                HAL_NVIC_SetPriority
 .text.HAL_NVIC_EnableIRQ
                0x0000000008004d1a       0x1c Drivers/STM32L4xx_HAL_Driver/Src/stm32l4xx_hal_cortex.o
                0x0000000008004d1a                HAL_NVIC_EnableIRQ
 .text.HAL_SYSTICK_Config
                0x0000000008004d36       0x18 Drivers/STM32L4xx_HAL_Driver/Src/stm32l4xx_hal_cortex.o
                0x0000000008004d36                HAL_SYSTICK_Config
 .text.HAL_DMA_Abort_IT
                0x0000000008004d4e       0x82 Drivers/STM32L4xx_HAL_Driver/Src/stm32l4xx_hal_dma.o
                0x0000000008004d4e                HAL_DMA_Abort_IT
 .text.HAL_GPIO_Init
                0x0000000008004dd0      0x354 Drivers/STM32L4xx_HAL_Driver/Src/stm32l4xx_hal_gpio.o
                0x0000000008004dd0                HAL_GPIO_Init
 .text.HAL_GPIO_ReadPin
                0x0000000008005124       0x30 Drivers/STM32L4xx_HAL_Driver/Src/stm32l4xx_hal_gpio.o
                0x0000000008005124                HAL_GPIO_ReadPin
 .text.HAL_GPIO_WritePin
                0x0000000008005154       0x30 Drivers/STM32L4xx_HAL_Driver/Src/stm32l4xx_hal_gpio.o
                0x0000000008005154                HAL_GPIO_WritePin
 .text.HAL_GPIO_EXTI_IRQHandler
                0x0000000008005184       0x30 Drivers/STM32L4xx_HAL_Driver/Src/stm32l4xx_hal_gpio.o
                0x0000000008005184                HAL_GPIO_EXTI_IRQHandler
 .text.HAL_I2C_Init
                0x00000000080051b4      0x11e Drivers/STM32L4xx_HAL_Driver/Src/stm32l4xx_hal_i2c.o
                0x00000000080051b4                HAL_I2C_Init
 .text.HAL_I2C_DeInit
                0x00000000080052d2       0x5e Drivers/STM32L4xx_HAL_Driver/Src/stm32l4xx_hal_i2c.o
                0x00000000080052d2                HAL_I2C_DeInit
 .text.HAL_I2C_MspInit
                0x0000000008005330       0x14 Drivers/STM32L4xx_HAL_Driver/Src/stm32l4xx_hal_i2c.o
                0x0000000008005330                HAL_I2C_MspInit
 .text.HAL_I2C_MspDeInit
                0x0000000008005344       0x14 Drivers/STM32L4xx_HAL_Driver/Src/stm32l4xx_hal_i2c.o
                0x0000000008005344                HAL_I2C_MspDeInit
 .text.HAL_I2C_Mem_Write
                0x0000000008005358      0x228 Drivers/STM32L4xx_HAL_Driver/Src/stm32l4xx_hal_i2c.o
                0x0000000008005358                HAL_I2C_Mem_Write
 .text.HAL_I2C_Mem_Read
                0x0000000008005580      0x234 Drivers/STM32L4xx_HAL_Driver/Src/stm32l4xx_hal_i2c.o
                0x0000000008005580                HAL_I2C_Mem_Read
 .text.I2C_RequestMemoryWrite
                0x00000000080057b4       0xa8 Drivers/STM32L4xx_HAL_Driver/Src/stm32l4xx_hal_i2c.o
 .text.I2C_RequestMemoryRead
                0x000000000800585c       0xa8 Drivers/STM32L4xx_HAL_Driver/Src/stm32l4xx_hal_i2c.o
 .text.I2C_Flush_TXDR
                0x0000000008005904       0x48 Drivers/STM32L4xx_HAL_Driver/Src/stm32l4xx_hal_i2c.o
 .text.I2C_WaitOnFlagUntilTimeout
                0x000000000800594c       0x80 Drivers/STM32L4xx_HAL_Driver/Src/stm32l4xx_hal_i2c.o
 .text.I2C_WaitOnTXISFlagUntilTimeout
                0x00000000080059cc       0x80 Drivers/STM32L4xx_HAL_Driver/Src/stm32l4xx_hal_i2c.o
 .text.I2C_WaitOnSTOPFlagUntilTimeout
                0x0000000008005a4c       0x78 Drivers/STM32L4xx_HAL_Driver/Src/stm32l4xx_hal_i2c.o
 .text.I2C_IsAcknowledgeFailed
                0x0000000008005ac4       0xcc Drivers/STM32L4xx_HAL_Driver/Src/stm32l4xx_hal_i2c.o
 .text.I2C_TransferConfig
                0x0000000008005b90       0x5c Drivers/STM32L4xx_HAL_Driver/Src/stm32l4xx_hal_i2c.o
 .text.HAL_I2CEx_ConfigAnalogFilter
                0x0000000008005bec       0x96 Drivers/STM32L4xx_HAL_Driver/Src/stm32l4xx_hal_i2c_ex.o
                0x0000000008005bec                HAL_I2CEx_ConfigAnalogFilter
 *fill*         0x0000000008005c82        0x2 
 .text.HAL_PWREx_GetVoltageRange
                0x0000000008005c84       0x1c Drivers/STM32L4xx_HAL_Driver/Src/stm32l4xx_hal_pwr_ex.o
                0x0000000008005c84                HAL_PWREx_GetVoltageRange
 .text.HAL_PWREx_ControlVoltageScaling
                0x0000000008005ca0       0xac Drivers/STM32L4xx_HAL_Driver/Src/stm32l4xx_hal_pwr_ex.o
                0x0000000008005ca0                HAL_PWREx_ControlVoltageScaling
 .text.HAL_RCC_OscConfig
                0x0000000008005d4c      0x7cc Drivers/STM32L4xx_HAL_Driver/Src/stm32l4xx_hal_rcc.o
                0x0000000008005d4c                HAL_RCC_OscConfig
 .text.HAL_RCC_ClockConfig
                0x0000000008006518      0x1c4 Drivers/STM32L4xx_HAL_Driver/Src/stm32l4xx_hal_rcc.o
                0x0000000008006518                HAL_RCC_ClockConfig
 .text.HAL_RCC_GetSysClockFreq
                0x00000000080066dc      0x118 Drivers/STM32L4xx_HAL_Driver/Src/stm32l4xx_hal_rcc.o
                0x00000000080066dc                HAL_RCC_GetSysClockFreq
 .text.HAL_RCC_GetHCLKFreq
                0x00000000080067f4       0x18 Drivers/STM32L4xx_HAL_Driver/Src/stm32l4xx_hal_rcc.o
                0x00000000080067f4                HAL_RCC_GetHCLKFreq
 .text.HAL_RCC_GetPCLK1Freq
                0x000000000800680c       0x2c Drivers/STM32L4xx_HAL_Driver/Src/stm32l4xx_hal_rcc.o
                0x000000000800680c                HAL_RCC_GetPCLK1Freq
 .text.HAL_RCC_GetPCLK2Freq
                0x0000000008006838       0x2c Drivers/STM32L4xx_HAL_Driver/Src/stm32l4xx_hal_rcc.o
                0x0000000008006838                HAL_RCC_GetPCLK2Freq
 .text.RCC_SetFlashLatencyFromMSIRange
                0x0000000008006864       0xc0 Drivers/STM32L4xx_HAL_Driver/Src/stm32l4xx_hal_rcc.o
 .text.HAL_RCCEx_PeriphCLKConfig
                0x0000000008006924      0x5d4 Drivers/STM32L4xx_HAL_Driver/Src/stm32l4xx_hal_rcc_ex.o
                0x0000000008006924                HAL_RCCEx_PeriphCLKConfig
 .text.RCCEx_PLLSAI1_Config
                0x0000000008006ef8      0x1e8 Drivers/STM32L4xx_HAL_Driver/Src/stm32l4xx_hal_rcc_ex.o
 .text.RCCEx_PLLSAI2_Config
                0x00000000080070e0      0x1bc Drivers/STM32L4xx_HAL_Driver/Src/stm32l4xx_hal_rcc_ex.o
 .text.HAL_SPI_Init
                0x000000000800729c      0x198 Drivers/STM32L4xx_HAL_Driver/Src/stm32l4xx_hal_spi.o
                0x000000000800729c                HAL_SPI_Init
 .text.HAL_SPI_DeInit
                0x0000000008007434       0x50 Drivers/STM32L4xx_HAL_Driver/Src/stm32l4xx_hal_spi.o
                0x0000000008007434                HAL_SPI_DeInit
 .text.HAL_SPI_MspInit
                0x0000000008007484       0x14 Drivers/STM32L4xx_HAL_Driver/Src/stm32l4xx_hal_spi.o
                0x0000000008007484                HAL_SPI_MspInit
 .text.HAL_SPI_MspDeInit
                0x0000000008007498       0x14 Drivers/STM32L4xx_HAL_Driver/Src/stm32l4xx_hal_spi.o
                0x0000000008007498                HAL_SPI_MspDeInit
 .text.HAL_SPI_Receive
                0x00000000080074ac      0x3ba Drivers/STM32L4xx_HAL_Driver/Src/stm32l4xx_hal_spi.o
                0x00000000080074ac                HAL_SPI_Receive
 .text.HAL_SPI_TransmitReceive
                0x0000000008007866      0x5c4 Drivers/STM32L4xx_HAL_Driver/Src/stm32l4xx_hal_spi.o
                0x0000000008007866                HAL_SPI_TransmitReceive
 *fill*         0x0000000008007e2a        0x2 
 .text.HAL_SPI_Transmit_IT
                0x0000000008007e2c      0x144 Drivers/STM32L4xx_HAL_Driver/Src/stm32l4xx_hal_spi.o
                0x0000000008007e2c                HAL_SPI_Transmit_IT
 .text.HAL_SPI_Receive_IT
                0x0000000008007f70      0x1b0 Drivers/STM32L4xx_HAL_Driver/Src/stm32l4xx_hal_spi.o
                0x0000000008007f70                HAL_SPI_Receive_IT
 .text.HAL_SPI_TransmitReceive_IT
                0x0000000008008120      0x1b0 Drivers/STM32L4xx_HAL_Driver/Src/stm32l4xx_hal_spi.o
                0x0000000008008120                HAL_SPI_TransmitReceive_IT
 .text.HAL_SPI_IRQHandler
                0x00000000080082d0      0x200 Drivers/STM32L4xx_HAL_Driver/Src/stm32l4xx_hal_spi.o
                0x00000000080082d0                HAL_SPI_IRQHandler
 .text.HAL_SPI_TxRxCpltCallback
                0x00000000080084d0       0x14 Drivers/STM32L4xx_HAL_Driver/Src/stm32l4xx_hal_spi.o
                0x00000000080084d0                HAL_SPI_TxRxCpltCallback
 .text.HAL_SPI_ErrorCallback
                0x00000000080084e4       0x14 Drivers/STM32L4xx_HAL_Driver/Src/stm32l4xx_hal_spi.o
                0x00000000080084e4                HAL_SPI_ErrorCallback
 .text.SPI_DMAAbortOnError
                0x00000000080084f8       0x2a Drivers/STM32L4xx_HAL_Driver/Src/stm32l4xx_hal_spi.o
 *fill*         0x0000000008008522        0x2 
 .text.SPI_2linesRxISR_8BIT
                0x0000000008008524       0xe4 Drivers/STM32L4xx_HAL_Driver/Src/stm32l4xx_hal_spi.o
 .text.SPI_2linesRxISR_8BITCRC
                0x0000000008008608       0x54 Drivers/STM32L4xx_HAL_Driver/Src/stm32l4xx_hal_spi.o
 .text.SPI_2linesTxISR_8BIT
                0x000000000800865c       0xbc Drivers/STM32L4xx_HAL_Driver/Src/stm32l4xx_hal_spi.o
 .text.SPI_2linesRxISR_16BIT
                0x0000000008008718       0x7c Drivers/STM32L4xx_HAL_Driver/Src/stm32l4xx_hal_spi.o
 .text.SPI_2linesRxISR_16BITCRC
                0x0000000008008794       0x34 Drivers/STM32L4xx_HAL_Driver/Src/stm32l4xx_hal_spi.o
 .text.SPI_2linesTxISR_16BIT
                0x00000000080087c8       0x8a Drivers/STM32L4xx_HAL_Driver/Src/stm32l4xx_hal_spi.o
 .text.SPI_RxISR_8BITCRC
                0x0000000008008852       0x3a Drivers/STM32L4xx_HAL_Driver/Src/stm32l4xx_hal_spi.o
 .text.SPI_RxISR_8BIT
                0x000000000800888c       0x8c Drivers/STM32L4xx_HAL_Driver/Src/stm32l4xx_hal_spi.o
 .text.SPI_RxISR_16BITCRC
                0x0000000008008918       0x34 Drivers/STM32L4xx_HAL_Driver/Src/stm32l4xx_hal_spi.o
 .text.SPI_RxISR_16BIT
                0x000000000800894c       0x88 Drivers/STM32L4xx_HAL_Driver/Src/stm32l4xx_hal_spi.o
 .text.SPI_TxISR_8BIT
                0x00000000080089d4       0x60 Drivers/STM32L4xx_HAL_Driver/Src/stm32l4xx_hal_spi.o
 .text.SPI_TxISR_16BIT
                0x0000000008008a34       0x5e Drivers/STM32L4xx_HAL_Driver/Src/stm32l4xx_hal_spi.o
 *fill*         0x0000000008008a92        0x2 
 .text.SPI_WaitFlagStateUntilTimeout
                0x0000000008008a94      0x110 Drivers/STM32L4xx_HAL_Driver/Src/stm32l4xx_hal_spi.o
 .text.SPI_WaitFifoStateUntilTimeout
                0x0000000008008ba4      0x124 Drivers/STM32L4xx_HAL_Driver/Src/stm32l4xx_hal_spi.o
 .text.SPI_EndRxTransaction
                0x0000000008008cc8       0xb0 Drivers/STM32L4xx_HAL_Driver/Src/stm32l4xx_hal_spi.o
 .text.SPI_EndRxTxTransaction
                0x0000000008008d78       0x8c Drivers/STM32L4xx_HAL_Driver/Src/stm32l4xx_hal_spi.o
 .text.SPI_CloseRxTx_ISR
                0x0000000008008e04       0xb8 Drivers/STM32L4xx_HAL_Driver/Src/stm32l4xx_hal_spi.o
 .text.SPI_CloseRx_ISR
                0x0000000008008ebc       0x8c Drivers/STM32L4xx_HAL_Driver/Src/stm32l4xx_hal_spi.o
 .text.SPI_CloseTx_ISR
                0x0000000008008f48       0x7e Drivers/STM32L4xx_HAL_Driver/Src/stm32l4xx_hal_spi.o
 .text.HAL_TIM_Base_Init
                0x0000000008008fc6       0xae Drivers/STM32L4xx_HAL_Driver/Src/stm32l4xx_hal_tim.o
                0x0000000008008fc6                HAL_TIM_Base_Init
 .text.HAL_TIM_Base_Start
                0x0000000008009074       0xd0 Drivers/STM32L4xx_HAL_Driver/Src/stm32l4xx_hal_tim.o
                0x0000000008009074                HAL_TIM_Base_Start
 .text.HAL_TIM_PWM_Init
                0x0000000008009144       0xae Drivers/STM32L4xx_HAL_Driver/Src/stm32l4xx_hal_tim.o
                0x0000000008009144                HAL_TIM_PWM_Init
 .text.HAL_TIM_PWM_MspInit
                0x00000000080091f2       0x14 Drivers/STM32L4xx_HAL_Driver/Src/stm32l4xx_hal_tim.o
                0x00000000080091f2                HAL_TIM_PWM_MspInit
 *fill*         0x0000000008009206        0x2 
 .text.HAL_TIM_PWM_Start
                0x0000000008009208      0x20c Drivers/STM32L4xx_HAL_Driver/Src/stm32l4xx_hal_tim.o
                0x0000000008009208                HAL_TIM_PWM_Start
 .text.HAL_TIM_IRQHandler
                0x0000000008009414      0x23e Drivers/STM32L4xx_HAL_Driver/Src/stm32l4xx_hal_tim.o
                0x0000000008009414                HAL_TIM_IRQHandler
 *fill*         0x0000000008009652        0x2 
 .text.HAL_TIM_PWM_ConfigChannel
                0x0000000008009654      0x220 Drivers/STM32L4xx_HAL_Driver/Src/stm32l4xx_hal_tim.o
                0x0000000008009654                HAL_TIM_PWM_ConfigChannel
 .text.HAL_TIM_ConfigClockSource
                0x0000000008009874      0x18c Drivers/STM32L4xx_HAL_Driver/Src/stm32l4xx_hal_tim.o
                0x0000000008009874                HAL_TIM_ConfigClockSource
 .text.HAL_TIM_PeriodElapsedCallback
                0x0000000008009a00       0x14 Drivers/STM32L4xx_HAL_Driver/Src/stm32l4xx_hal_tim.o
                0x0000000008009a00                HAL_TIM_PeriodElapsedCallback
 .text.HAL_TIM_OC_DelayElapsedCallback
                0x0000000008009a14       0x14 Drivers/STM32L4xx_HAL_Driver/Src/stm32l4xx_hal_tim.o
                0x0000000008009a14                HAL_TIM_OC_DelayElapsedCallback
 .text.HAL_TIM_IC_CaptureCallback
                0x0000000008009a28       0x14 Drivers/STM32L4xx_HAL_Driver/Src/stm32l4xx_hal_tim.o
                0x0000000008009a28                HAL_TIM_IC_CaptureCallback
 .text.HAL_TIM_PWM_PulseFinishedCallback
                0x0000000008009a3c       0x14 Drivers/STM32L4xx_HAL_Driver/Src/stm32l4xx_hal_tim.o
                0x0000000008009a3c                HAL_TIM_PWM_PulseFinishedCallback
 .text.HAL_TIM_TriggerCallback
                0x0000000008009a50       0x14 Drivers/STM32L4xx_HAL_Driver/Src/stm32l4xx_hal_tim.o
                0x0000000008009a50                HAL_TIM_TriggerCallback
 .text.TIM_Base_SetConfig
                0x0000000008009a64      0x134 Drivers/STM32L4xx_HAL_Driver/Src/stm32l4xx_hal_tim.o
                0x0000000008009a64                TIM_Base_SetConfig
 .text.TIM_OC1_SetConfig
                0x0000000008009b98      0x120 Drivers/STM32L4xx_HAL_Driver/Src/stm32l4xx_hal_tim.o
 .text.TIM_OC2_SetConfig
                0x0000000008009cb8      0x114 Drivers/STM32L4xx_HAL_Driver/Src/stm32l4xx_hal_tim.o
                0x0000000008009cb8                TIM_OC2_SetConfig
 .text.TIM_OC3_SetConfig
                0x0000000008009dcc      0x110 Drivers/STM32L4xx_HAL_Driver/Src/stm32l4xx_hal_tim.o
 .text.TIM_OC4_SetConfig
                0x0000000008009edc       0xd4 Drivers/STM32L4xx_HAL_Driver/Src/stm32l4xx_hal_tim.o
 .text.TIM_OC5_SetConfig
                0x0000000008009fb0       0xc8 Drivers/STM32L4xx_HAL_Driver/Src/stm32l4xx_hal_tim.o
 .text.TIM_OC6_SetConfig
                0x000000000800a078       0xcc Drivers/STM32L4xx_HAL_Driver/Src/stm32l4xx_hal_tim.o
 .text.TIM_TI1_ConfigInputStage
                0x000000000800a144       0x5e Drivers/STM32L4xx_HAL_Driver/Src/stm32l4xx_hal_tim.o
 .text.TIM_TI2_ConfigInputStage
                0x000000000800a1a2       0x60 Drivers/STM32L4xx_HAL_Driver/Src/stm32l4xx_hal_tim.o
 .text.TIM_ITRx_SetConfig
                0x000000000800a202       0x36 Drivers/STM32L4xx_HAL_Driver/Src/stm32l4xx_hal_tim.o
 .text.TIM_ETR_SetConfig
                0x000000000800a238       0x40 Drivers/STM32L4xx_HAL_Driver/Src/stm32l4xx_hal_tim.o
                0x000000000800a238                TIM_ETR_SetConfig
 .text.TIM_CCxChannelCmd
                0x000000000800a278       0x4a Drivers/STM32L4xx_HAL_Driver/Src/stm32l4xx_hal_tim.o
                0x000000000800a278                TIM_CCxChannelCmd
 *fill*         0x000000000800a2c2        0x2 
 .text.HAL_TIMEx_MasterConfigSynchronization
                0x000000000800a2c4      0x110 Drivers/STM32L4xx_HAL_Driver/Src/stm32l4xx_hal_tim_ex.o
                0x000000000800a2c4                HAL_TIMEx_MasterConfigSynchronization
 .text.HAL_TIMEx_CommutCallback
                0x000000000800a3d4       0x14 Drivers/STM32L4xx_HAL_Driver/Src/stm32l4xx_hal_tim_ex.o
                0x000000000800a3d4                HAL_TIMEx_CommutCallback
 .text.HAL_TIMEx_BreakCallback
                0x000000000800a3e8       0x14 Drivers/STM32L4xx_HAL_Driver/Src/stm32l4xx_hal_tim_ex.o
                0x000000000800a3e8                HAL_TIMEx_BreakCallback
 .text.HAL_TIMEx_Break2Callback
                0x000000000800a3fc       0x14 Drivers/STM32L4xx_HAL_Driver/Src/stm32l4xx_hal_tim_ex.o
                0x000000000800a3fc                HAL_TIMEx_Break2Callback
 .text.HAL_UART_Init
                0x000000000800a410       0x9c Drivers/STM32L4xx_HAL_Driver/Src/stm32l4xx_hal_uart.o
                0x000000000800a410                HAL_UART_Init
 .text.HAL_UART_Transmit
                0x000000000800a4ac      0x126 Drivers/STM32L4xx_HAL_Driver/Src/stm32l4xx_hal_uart.o
                0x000000000800a4ac                HAL_UART_Transmit
 *fill*         0x000000000800a5d2        0x2 
 .text.HAL_UART_Receive_IT
                0x000000000800a5d4      0x144 Drivers/STM32L4xx_HAL_Driver/Src/stm32l4xx_hal_uart.o
                0x000000000800a5d4                HAL_UART_Receive_IT
 .text.HAL_UART_IRQHandler
                0x000000000800a718      0x28c Drivers/STM32L4xx_HAL_Driver/Src/stm32l4xx_hal_uart.o
                0x000000000800a718                HAL_UART_IRQHandler
 .text.HAL_UART_TxCpltCallback
                0x000000000800a9a4       0x14 Drivers/STM32L4xx_HAL_Driver/Src/stm32l4xx_hal_uart.o
                0x000000000800a9a4                HAL_UART_TxCpltCallback
 .text.HAL_UART_ErrorCallback
                0x000000000800a9b8       0x14 Drivers/STM32L4xx_HAL_Driver/Src/stm32l4xx_hal_uart.o
                0x000000000800a9b8                HAL_UART_ErrorCallback
 .text.UART_SetConfig
                0x000000000800a9cc      0x514 Drivers/STM32L4xx_HAL_Driver/Src/stm32l4xx_hal_uart.o
                0x000000000800a9cc                UART_SetConfig
 .text.UART_AdvFeatureConfig
                0x000000000800aee0      0x144 Drivers/STM32L4xx_HAL_Driver/Src/stm32l4xx_hal_uart.o
                0x000000000800aee0                UART_AdvFeatureConfig
 .text.UART_CheckIdleState
                0x000000000800b024       0x8a Drivers/STM32L4xx_HAL_Driver/Src/stm32l4xx_hal_uart.o
                0x000000000800b024                UART_CheckIdleState
 .text.UART_WaitOnFlagUntilTimeout
                0x000000000800b0ae       0xf6 Drivers/STM32L4xx_HAL_Driver/Src/stm32l4xx_hal_uart.o
                0x000000000800b0ae                UART_WaitOnFlagUntilTimeout
 .text.UART_EndRxTransfer
                0x000000000800b1a4       0x40 Drivers/STM32L4xx_HAL_Driver/Src/stm32l4xx_hal_uart.o
 .text.UART_DMAAbortOnError
                0x000000000800b1e4       0x2c Drivers/STM32L4xx_HAL_Driver/Src/stm32l4xx_hal_uart.o
 .text.UART_EndTransmit_IT
                0x000000000800b210       0x32 Drivers/STM32L4xx_HAL_Driver/Src/stm32l4xx_hal_uart.o
 .text.UART_RxISR_8BIT
                0x000000000800b242       0xaa Drivers/STM32L4xx_HAL_Driver/Src/stm32l4xx_hal_uart.o
 .text.UART_RxISR_16BIT
                0x000000000800b2ec       0xaa Drivers/STM32L4xx_HAL_Driver/Src/stm32l4xx_hal_uart.o
 .text.HAL_UARTEx_WakeupCallback
                0x000000000800b396       0x14 Drivers/STM32L4xx_HAL_Driver/Src/stm32l4xx_hal_uart_ex.o
                0x000000000800b396                HAL_UARTEx_WakeupCallback
 .text.makeFreeRtosPriority
                0x000000000800b3aa       0x30 Middlewares/Third_Party/FreeRTOS/Source/CMSIS_RTOS/cmsis_os.o
 .text.inHandlerMode
                0x000000000800b3da       0x24 Middlewares/Third_Party/FreeRTOS/Source/CMSIS_RTOS/cmsis_os.o
 .text.osKernelStart
                0x000000000800b3fe        0xe Middlewares/Third_Party/FreeRTOS/Source/CMSIS_RTOS/cmsis_os.o
                0x000000000800b3fe                osKernelStart
 .text.osThreadCreate
                0x000000000800b40c       0x98 Middlewares/Third_Party/FreeRTOS/Source/CMSIS_RTOS/cmsis_os.o
                0x000000000800b40c                osThreadCreate
 .text.osDelay  0x000000000800b4a4       0x28 Middlewares/Third_Party/FreeRTOS/Source/CMSIS_RTOS/cmsis_os.o
                0x000000000800b4a4                osDelay
 .text.osSemaphoreCreate
                0x000000000800b4cc       0x64 Middlewares/Third_Party/FreeRTOS/Source/CMSIS_RTOS/cmsis_os.o
                0x000000000800b4cc                osSemaphoreCreate
 .text.osSemaphoreWait
                0x000000000800b530       0x9c Middlewares/Third_Party/FreeRTOS/Source/CMSIS_RTOS/cmsis_os.o
                0x000000000800b530                osSemaphoreWait
 .text.osSemaphoreRelease
                0x000000000800b5cc       0x6c Middlewares/Third_Party/FreeRTOS/Source/CMSIS_RTOS/cmsis_os.o
                0x000000000800b5cc                osSemaphoreRelease
 .text.vListInitialise
                0x000000000800b638       0x40 Middlewares/Third_Party/FreeRTOS/Source/list.o
                0x000000000800b638                vListInitialise
 .text.vListInitialiseItem
                0x000000000800b678       0x1a Middlewares/Third_Party/FreeRTOS/Source/list.o
                0x000000000800b678                vListInitialiseItem
 .text.vListInsertEnd
                0x000000000800b692       0x48 Middlewares/Third_Party/FreeRTOS/Source/list.o
                0x000000000800b692                vListInsertEnd
 .text.vListInsert
                0x000000000800b6da       0x72 Middlewares/Third_Party/FreeRTOS/Source/list.o
                0x000000000800b6da                vListInsert
 .text.uxListRemove
                0x000000000800b74c       0x54 Middlewares/Third_Party/FreeRTOS/Source/list.o
                0x000000000800b74c                uxListRemove
 .text.xQueueGenericReset
                0x000000000800b7a0       0xd0 Middlewares/Third_Party/FreeRTOS/Source/queue.o
                0x000000000800b7a0                xQueueGenericReset
 .text.xQueueGenericCreateStatic
                0x000000000800b870       0xf0 Middlewares/Third_Party/FreeRTOS/Source/queue.o
                0x000000000800b870                xQueueGenericCreateStatic
 .text.xQueueGenericCreate
                0x000000000800b960       0x80 Middlewares/Third_Party/FreeRTOS/Source/queue.o
                0x000000000800b960                xQueueGenericCreate
 .text.prvInitialiseNewQueue
                0x000000000800b9e0       0x3e Middlewares/Third_Party/FreeRTOS/Source/queue.o
 *fill*         0x000000000800ba1e        0x2 
 .text.xQueueGenericSend
                0x000000000800ba20      0x1fc Middlewares/Third_Party/FreeRTOS/Source/queue.o
                0x000000000800ba20                xQueueGenericSend
 .text.xQueueGiveFromISR
                0x000000000800bc1c      0x11a Middlewares/Third_Party/FreeRTOS/Source/queue.o
                0x000000000800bc1c                xQueueGiveFromISR
 *fill*         0x000000000800bd36        0x2 
 .text.xQueueSemaphoreTake
                0x000000000800bd38      0x218 Middlewares/Third_Party/FreeRTOS/Source/queue.o
                0x000000000800bd38                xQueueSemaphoreTake
 .text.xQueueReceiveFromISR
                0x000000000800bf50      0x100 Middlewares/Third_Party/FreeRTOS/Source/queue.o
                0x000000000800bf50                xQueueReceiveFromISR
 .text.prvGetDisinheritPriorityAfterTimeout
                0x000000000800c050       0x30 Middlewares/Third_Party/FreeRTOS/Source/queue.o
 .text.prvCopyDataToQueue
                0x000000000800c080       0xd4 Middlewares/Third_Party/FreeRTOS/Source/queue.o
 .text.prvCopyDataFromQueue
                0x000000000800c154       0x4c Middlewares/Third_Party/FreeRTOS/Source/queue.o
 .text.prvUnlockQueue
                0x000000000800c1a0       0xa4 Middlewares/Third_Party/FreeRTOS/Source/queue.o
 .text.prvIsQueueEmpty
                0x000000000800c244       0x2c Middlewares/Third_Party/FreeRTOS/Source/queue.o
 .text.prvIsQueueFull
                0x000000000800c270       0x30 Middlewares/Third_Party/FreeRTOS/Source/queue.o
 .text.xTaskCreateStatic
                0x000000000800c2a0       0xba Middlewares/Third_Party/FreeRTOS/Source/tasks.o
                0x000000000800c2a0                xTaskCreateStatic
 .text.xTaskCreate
                0x000000000800c35a       0x8a Middlewares/Third_Party/FreeRTOS/Source/tasks.o
                0x000000000800c35a                xTaskCreate
 .text.prvInitialiseNewTask
                0x000000000800c3e4      0x10e Middlewares/Third_Party/FreeRTOS/Source/tasks.o
 *fill*         0x000000000800c4f2        0x2 
 .text.prvAddNewTaskToReadyList
                0x000000000800c4f4       0xd4 Middlewares/Third_Party/FreeRTOS/Source/tasks.o
 .text.vTaskDelay
                0x000000000800c5c8       0x68 Middlewares/Third_Party/FreeRTOS/Source/tasks.o
                0x000000000800c5c8                vTaskDelay
 .text.vTaskStartScheduler
                0x000000000800c630       0xc0 Middlewares/Third_Party/FreeRTOS/Source/tasks.o
                0x000000000800c630                vTaskStartScheduler
 .text.vTaskSuspendAll
                0x000000000800c6f0       0x1c Middlewares/Third_Party/FreeRTOS/Source/tasks.o
                0x000000000800c6f0                vTaskSuspendAll
 .text.xTaskResumeAll
                0x000000000800c70c      0x138 Middlewares/Third_Party/FreeRTOS/Source/tasks.o
                0x000000000800c70c                xTaskResumeAll
 .text.xTaskIncrementTick
                0x000000000800c844      0x170 Middlewares/Third_Party/FreeRTOS/Source/tasks.o
                0x000000000800c844                xTaskIncrementTick
 .text.vTaskSwitchContext
                0x000000000800c9b4       0xb8 Middlewares/Third_Party/FreeRTOS/Source/tasks.o
                0x000000000800c9b4                vTaskSwitchContext
 .text.vTaskPlaceOnEventList
                0x000000000800ca6c       0x48 Middlewares/Third_Party/FreeRTOS/Source/tasks.o
                0x000000000800ca6c                vTaskPlaceOnEventList
 .text.xTaskRemoveFromEventList
                0x000000000800cab4       0xc4 Middlewares/Third_Party/FreeRTOS/Source/tasks.o
                0x000000000800cab4                xTaskRemoveFromEventList
 .text.vTaskInternalSetTimeOutState
                0x000000000800cb78       0x2c Middlewares/Third_Party/FreeRTOS/Source/tasks.o
                0x000000000800cb78                vTaskInternalSetTimeOutState
 .text.xTaskCheckForTimeOut
                0x000000000800cba4       0xc4 Middlewares/Third_Party/FreeRTOS/Source/tasks.o
                0x000000000800cba4                xTaskCheckForTimeOut
 .text.vTaskMissedYield
                0x000000000800cc68       0x18 Middlewares/Third_Party/FreeRTOS/Source/tasks.o
                0x000000000800cc68                vTaskMissedYield
 .text.prvIdleTask
                0x000000000800cc80       0x30 Middlewares/Third_Party/FreeRTOS/Source/tasks.o
 .text.prvInitialiseTaskLists
                0x000000000800ccb0       0x80 Middlewares/Third_Party/FreeRTOS/Source/tasks.o
 .text.prvCheckTasksWaitingTermination
                0x000000000800cd30       0x5c Middlewares/Third_Party/FreeRTOS/Source/tasks.o
 .text.prvDeleteTCB
                0x000000000800cd8c       0x5e Middlewares/Third_Party/FreeRTOS/Source/tasks.o
 *fill*         0x000000000800cdea        0x2 
 .text.prvResetNextTaskUnblockTime
                0x000000000800cdec       0x40 Middlewares/Third_Party/FreeRTOS/Source/tasks.o
 .text.xTaskGetSchedulerState
                0x000000000800ce2c       0x3c Middlewares/Third_Party/FreeRTOS/Source/tasks.o
                0x000000000800ce2c                xTaskGetSchedulerState
 .text.xTaskPriorityInherit
                0x000000000800ce68      0x100 Middlewares/Third_Party/FreeRTOS/Source/tasks.o
                0x000000000800ce68                xTaskPriorityInherit
 .text.xTaskPriorityDisinherit
                0x000000000800cf68      0x10c Middlewares/Third_Party/FreeRTOS/Source/tasks.o
                0x000000000800cf68                xTaskPriorityDisinherit
 .text.vTaskPriorityDisinheritAfterTimeout
                0x000000000800d074      0x134 Middlewares/Third_Party/FreeRTOS/Source/tasks.o
                0x000000000800d074                vTaskPriorityDisinheritAfterTimeout
 .text.pvTaskIncrementMutexHeldCount
                0x000000000800d1a8       0x28 Middlewares/Third_Party/FreeRTOS/Source/tasks.o
                0x000000000800d1a8                pvTaskIncrementMutexHeldCount
 .text.prvAddCurrentTaskToDelayedList
                0x000000000800d1d0       0xcc Middlewares/Third_Party/FreeRTOS/Source/tasks.o
 .text.pxPortInitialiseStack
                0x000000000800d29c       0x68 Middlewares/Third_Party/FreeRTOS/Source/portable/GCC/ARM_CM4F/port.o
                0x000000000800d29c                pxPortInitialiseStack
 .text.prvTaskExitError
                0x000000000800d304       0x58 Middlewares/Third_Party/FreeRTOS/Source/portable/GCC/ARM_CM4F/port.o
 *fill*         0x000000000800d35c        0x4 
 .text.SVC_Handler
                0x000000000800d360       0x28 Middlewares/Third_Party/FreeRTOS/Source/portable/GCC/ARM_CM4F/port.o
                0x000000000800d360                SVC_Handler
 .text.prvPortStartFirstTask
                0x000000000800d388       0x28 Middlewares/Third_Party/FreeRTOS/Source/portable/GCC/ARM_CM4F/port.o
 .text.xPortStartScheduler
                0x000000000800d3b0      0x144 Middlewares/Third_Party/FreeRTOS/Source/portable/GCC/ARM_CM4F/port.o
                0x000000000800d3b0                xPortStartScheduler
 .text.vPortEnterCritical
                0x000000000800d4f4       0x60 Middlewares/Third_Party/FreeRTOS/Source/portable/GCC/ARM_CM4F/port.o
                0x000000000800d4f4                vPortEnterCritical
 .text.vPortExitCritical
                0x000000000800d554       0x54 Middlewares/Third_Party/FreeRTOS/Source/portable/GCC/ARM_CM4F/port.o
                0x000000000800d554                vPortExitCritical
 *fill*         0x000000000800d5a8        0x8 
 .text.PendSV_Handler
                0x000000000800d5b0       0x68 Middlewares/Third_Party/FreeRTOS/Source/portable/GCC/ARM_CM4F/port.o
                0x000000000800d5b0                PendSV_Handler
 .text.xPortSysTickHandler
                0x000000000800d618       0x44 Middlewares/Third_Party/FreeRTOS/Source/portable/GCC/ARM_CM4F/port.o
                0x000000000800d618                xPortSysTickHandler
 .text.vPortSetupTimerInterrupt
                0x000000000800d65c       0x48 Middlewares/Third_Party/FreeRTOS/Source/portable/GCC/ARM_CM4F/port.o
                0x000000000800d65c                vPortSetupTimerInterrupt
 .text.vPortEnableVFP
                0x000000000800d6a4       0x14 Middlewares/Third_Party/FreeRTOS/Source/portable/GCC/ARM_CM4F/port.o
 .text.vPortValidateInterruptPriority
                0x000000000800d6b8       0x80 Middlewares/Third_Party/FreeRTOS/Source/portable/GCC/ARM_CM4F/port.o
                0x000000000800d6b8                vPortValidateInterruptPriority
 .text.pvPortMalloc
                0x000000000800d738      0x188 Middlewares/Third_Party/FreeRTOS/Source/portable/MemMang/heap_4.o
                0x000000000800d738                pvPortMalloc
 .text.vPortFree
                0x000000000800d8c0       0xb4 Middlewares/Third_Party/FreeRTOS/Source/portable/MemMang/heap_4.o
                0x000000000800d8c0                vPortFree
 .text.prvHeapInit
                0x000000000800d974       0xc4 Middlewares/Third_Party/FreeRTOS/Source/portable/MemMang/heap_4.o
 .text.prvInsertBlockIntoFreeList
                0x000000000800da38       0xb4 Middlewares/Third_Party/FreeRTOS/Source/portable/MemMang/heap_4.o
 .text.__errno  0x000000000800daec        0xc d:/programmi/stm32cubeide/stm32cubeide_1.4.0/stm32cubeide/plugins/com.st.stm32cube.ide.mcu.externaltools.gnu-tools-for-stm32.9-2020-q2-update.win32_1.5.0.202011040924/tools/bin/../lib/gcc/arm-none-eabi/9.3.1/../../../../arm-none-eabi/lib/thumb/v7e-m+fp/hard\libc_nano.a(lib_a-errno.o)
                0x000000000800daec                __errno
 .text.__libc_init_array
                0x000000000800daf8       0x48 d:/programmi/stm32cubeide/stm32cubeide_1.4.0/stm32cubeide/plugins/com.st.stm32cube.ide.mcu.externaltools.gnu-tools-for-stm32.9-2020-q2-update.win32_1.5.0.202011040924/tools/bin/../lib/gcc/arm-none-eabi/9.3.1/../../../../arm-none-eabi/lib/thumb/v7e-m+fp/hard\libc_nano.a(lib_a-init.o)
                0x000000000800daf8                __libc_init_array
 .text.memcpy   0x000000000800db40       0x1c d:/programmi/stm32cubeide/stm32cubeide_1.4.0/stm32cubeide/plugins/com.st.stm32cube.ide.mcu.externaltools.gnu-tools-for-stm32.9-2020-q2-update.win32_1.5.0.202011040924/tools/bin/../lib/gcc/arm-none-eabi/9.3.1/../../../../arm-none-eabi/lib/thumb/v7e-m+fp/hard\libc_nano.a(lib_a-memcpy-stub.o)
                0x000000000800db40                memcpy
 .text.memset   0x000000000800db5c       0x10 d:/programmi/stm32cubeide/stm32cubeide_1.4.0/stm32cubeide/plugins/com.st.stm32cube.ide.mcu.externaltools.gnu-tools-for-stm32.9-2020-q2-update.win32_1.5.0.202011040924/tools/bin/../lib/gcc/arm-none-eabi/9.3.1/../../../../arm-none-eabi/lib/thumb/v7e-m+fp/hard\libc_nano.a(lib_a-memset.o)
                0x000000000800db5c                memset
 .text.__cvt    0x000000000800db6c       0xc4 d:/programmi/stm32cubeide/stm32cubeide_1.4.0/stm32cubeide/plugins/com.st.stm32cube.ide.mcu.externaltools.gnu-tools-for-stm32.9-2020-q2-update.win32_1.5.0.202011040924/tools/bin/../lib/gcc/arm-none-eabi/9.3.1/../../../../arm-none-eabi/lib/thumb/v7e-m+fp/hard\libc_nano.a(lib_a-nano-vfprintf_float.o)
                0x000000000800db6c                __cvt
 .text.__exponent
                0x000000000800dc30       0x7c d:/programmi/stm32cubeide/stm32cubeide_1.4.0/stm32cubeide/plugins/com.st.stm32cube.ide.mcu.externaltools.gnu-tools-for-stm32.9-2020-q2-update.win32_1.5.0.202011040924/tools/bin/../lib/gcc/arm-none-eabi/9.3.1/../../../../arm-none-eabi/lib/thumb/v7e-m+fp/hard\libc_nano.a(lib_a-nano-vfprintf_float.o)
                0x000000000800dc30                __exponent
 .text._printf_float
                0x000000000800dcac      0x46c d:/programmi/stm32cubeide/stm32cubeide_1.4.0/stm32cubeide/plugins/com.st.stm32cube.ide.mcu.externaltools.gnu-tools-for-stm32.9-2020-q2-update.win32_1.5.0.202011040924/tools/bin/../lib/gcc/arm-none-eabi/9.3.1/../../../../arm-none-eabi/lib/thumb/v7e-m+fp/hard\libc_nano.a(lib_a-nano-vfprintf_float.o)
                0x000000000800dcac                _printf_float
 .text._printf_common
                0x000000000800e118       0xda d:/programmi/stm32cubeide/stm32cubeide_1.4.0/stm32cubeide/plugins/com.st.stm32cube.ide.mcu.externaltools.gnu-tools-for-stm32.9-2020-q2-update.win32_1.5.0.202011040924/tools/bin/../lib/gcc/arm-none-eabi/9.3.1/../../../../arm-none-eabi/lib/thumb/v7e-m+fp/hard\libc_nano.a(lib_a-nano-vfprintf_i.o)
                0x000000000800e118                _printf_common
 *fill*         0x000000000800e1f2        0x2 
 .text._printf_i
                0x000000000800e1f4      0x24c d:/programmi/stm32cubeide/stm32cubeide_1.4.0/stm32cubeide/plugins/com.st.stm32cube.ide.mcu.externaltools.gnu-tools-for-stm32.9-2020-q2-update.win32_1.5.0.202011040924/tools/bin/../lib/gcc/arm-none-eabi/9.3.1/../../../../arm-none-eabi/lib/thumb/v7e-m+fp/hard\libc_nano.a(lib_a-nano-vfprintf_i.o)
                0x000000000800e1f4                _printf_i
 .text.printf   0x000000000800e440       0x30 d:/programmi/stm32cubeide/stm32cubeide_1.4.0/stm32cubeide/plugins/com.st.stm32cube.ide.mcu.externaltools.gnu-tools-for-stm32.9-2020-q2-update.win32_1.5.0.202011040924/tools/bin/../lib/gcc/arm-none-eabi/9.3.1/../../../../arm-none-eabi/lib/thumb/v7e-m+fp/hard\libc_nano.a(lib_a-printf.o)
                0x000000000800e440                iprintf
                0x000000000800e440                printf
 .text._puts_r  0x000000000800e470       0xdc d:/programmi/stm32cubeide/stm32cubeide_1.4.0/stm32cubeide/plugins/com.st.stm32cube.ide.mcu.externaltools.gnu-tools-for-stm32.9-2020-q2-update.win32_1.5.0.202011040924/tools/bin/../lib/gcc/arm-none-eabi/9.3.1/../../../../arm-none-eabi/lib/thumb/v7e-m+fp/hard\libc_nano.a(lib_a-puts.o)
                0x000000000800e470                _puts_r
 .text.puts     0x000000000800e54c       0x10 d:/programmi/stm32cubeide/stm32cubeide_1.4.0/stm32cubeide/plugins/com.st.stm32cube.ide.mcu.externaltools.gnu-tools-for-stm32.9-2020-q2-update.win32_1.5.0.202011040924/tools/bin/../lib/gcc/arm-none-eabi/9.3.1/../../../../arm-none-eabi/lib/thumb/v7e-m+fp/hard\libc_nano.a(lib_a-puts.o)
                0x000000000800e54c                puts
 .text.sprintf  0x000000000800e55c       0x40 d:/programmi/stm32cubeide/stm32cubeide_1.4.0/stm32cubeide/plugins/com.st.stm32cube.ide.mcu.externaltools.gnu-tools-for-stm32.9-2020-q2-update.win32_1.5.0.202011040924/tools/bin/../lib/gcc/arm-none-eabi/9.3.1/../../../../arm-none-eabi/lib/thumb/v7e-m+fp/hard\libc_nano.a(lib_a-sprintf.o)
                0x000000000800e55c                siprintf
                0x000000000800e55c                sprintf
 .text.strncpy  0x000000000800e59c       0x26 d:/programmi/stm32cubeide/stm32cubeide_1.4.0/stm32cubeide/plugins/com.st.stm32cube.ide.mcu.externaltools.gnu-tools-for-stm32.9-2020-q2-update.win32_1.5.0.202011040924/tools/bin/../lib/gcc/arm-none-eabi/9.3.1/../../../../arm-none-eabi/lib/thumb/v7e-m+fp/hard\libc_nano.a(lib_a-strncpy.o)
                0x000000000800e59c                strncpy
 .text.strstr   0x000000000800e5c2       0x2e d:/programmi/stm32cubeide/stm32cubeide_1.4.0/stm32cubeide/plugins/com.st.stm32cube.ide.mcu.externaltools.gnu-tools-for-stm32.9-2020-q2-update.win32_1.5.0.202011040924/tools/bin/../lib/gcc/arm-none-eabi/9.3.1/../../../../arm-none-eabi/lib/thumb/v7e-m+fp/hard\libc_nano.a(lib_a-strstr.o)
                0x000000000800e5c2                strstr
 .text.strtok   0x000000000800e5f0       0x68 d:/programmi/stm32cubeide/stm32cubeide_1.4.0/stm32cubeide/plugins/com.st.stm32cube.ide.mcu.externaltools.gnu-tools-for-stm32.9-2020-q2-update.win32_1.5.0.202011040924/tools/bin/../lib/gcc/arm-none-eabi/9.3.1/../../../../arm-none-eabi/lib/thumb/v7e-m+fp/hard\libc_nano.a(lib_a-strtok.o)
                0x000000000800e5f0                strtok
 .text.__strtok_r
                0x000000000800e658       0x50 d:/programmi/stm32cubeide/stm32cubeide_1.4.0/stm32cubeide/plugins/com.st.stm32cube.ide.mcu.externaltools.gnu-tools-for-stm32.9-2020-q2-update.win32_1.5.0.202011040924/tools/bin/../lib/gcc/arm-none-eabi/9.3.1/../../../../arm-none-eabi/lib/thumb/v7e-m+fp/hard\libc_nano.a(lib_a-strtok_r.o)
                0x000000000800e658                __strtok_r
 .text.__swbuf_r
                0x000000000800e6a8       0xa4 d:/programmi/stm32cubeide/stm32cubeide_1.4.0/stm32cubeide/plugins/com.st.stm32cube.ide.mcu.externaltools.gnu-tools-for-stm32.9-2020-q2-update.win32_1.5.0.202011040924/tools/bin/../lib/gcc/arm-none-eabi/9.3.1/../../../../arm-none-eabi/lib/thumb/v7e-m+fp/hard\libc_nano.a(lib_a-wbuf.o)
                0x000000000800e6a8                __swbuf_r
 .text.__swsetup_r
                0x000000000800e74c       0xdc d:/programmi/stm32cubeide/stm32cubeide_1.4.0/stm32cubeide/plugins/com.st.stm32cube.ide.mcu.externaltools.gnu-tools-for-stm32.9-2020-q2-update.win32_1.5.0.202011040924/tools/bin/../lib/gcc/arm-none-eabi/9.3.1/../../../../arm-none-eabi/lib/thumb/v7e-m+fp/hard\libc_nano.a(lib_a-wsetup.o)
                0x000000000800e74c                __swsetup_r
 .text.__assert_func
                0x000000000800e828       0x3c d:/programmi/stm32cubeide/stm32cubeide_1.4.0/stm32cubeide/plugins/com.st.stm32cube.ide.mcu.externaltools.gnu-tools-for-stm32.9-2020-q2-update.win32_1.5.0.202011040924/tools/bin/../lib/gcc/arm-none-eabi/9.3.1/../../../../arm-none-eabi/lib/thumb/v7e-m+fp/hard\libc_nano.a(lib_a-assert.o)
                0x000000000800e828                __assert_func
 .text.quorem   0x000000000800e864      0x116 d:/programmi/stm32cubeide/stm32cubeide_1.4.0/stm32cubeide/plugins/com.st.stm32cube.ide.mcu.externaltools.gnu-tools-for-stm32.9-2020-q2-update.win32_1.5.0.202011040924/tools/bin/../lib/gcc/arm-none-eabi/9.3.1/../../../../arm-none-eabi/lib/thumb/v7e-m+fp/hard\libc_nano.a(lib_a-dtoa.o)
 *fill*         0x000000000800e97a        0x6 
 .text._dtoa_r  0x000000000800e980      0xbd8 d:/programmi/stm32cubeide/stm32cubeide_1.4.0/stm32cubeide/plugins/com.st.stm32cube.ide.mcu.externaltools.gnu-tools-for-stm32.9-2020-q2-update.win32_1.5.0.202011040924/tools/bin/../lib/gcc/arm-none-eabi/9.3.1/../../../../arm-none-eabi/lib/thumb/v7e-m+fp/hard\libc_nano.a(lib_a-dtoa.o)
                0x000000000800e980                _dtoa_r
 .text.__sflush_r
                0x000000000800f558      0x10c d:/programmi/stm32cubeide/stm32cubeide_1.4.0/stm32cubeide/plugins/com.st.stm32cube.ide.mcu.externaltools.gnu-tools-for-stm32.9-2020-q2-update.win32_1.5.0.202011040924/tools/bin/../lib/gcc/arm-none-eabi/9.3.1/../../../../arm-none-eabi/lib/thumb/v7e-m+fp/hard\libc_nano.a(lib_a-fflush.o)
                0x000000000800f558                __sflush_r
 .text._fflush_r
                0x000000000800f664       0x78 d:/programmi/stm32cubeide/stm32cubeide_1.4.0/stm32cubeide/plugins/com.st.stm32cube.ide.mcu.externaltools.gnu-tools-for-stm32.9-2020-q2-update.win32_1.5.0.202011040924/tools/bin/../lib/gcc/arm-none-eabi/9.3.1/../../../../arm-none-eabi/lib/thumb/v7e-m+fp/hard\libc_nano.a(lib_a-fflush.o)
                0x000000000800f664                _fflush_r
 .text.std      0x000000000800f6dc       0x48 d:/programmi/stm32cubeide/stm32cubeide_1.4.0/stm32cubeide/plugins/com.st.stm32cube.ide.mcu.externaltools.gnu-tools-for-stm32.9-2020-q2-update.win32_1.5.0.202011040924/tools/bin/../lib/gcc/arm-none-eabi/9.3.1/../../../../arm-none-eabi/lib/thumb/v7e-m+fp/hard\libc_nano.a(lib_a-findfp.o)
 .text._cleanup_r
                0x000000000800f724        0xc d:/programmi/stm32cubeide/stm32cubeide_1.4.0/stm32cubeide/plugins/com.st.stm32cube.ide.mcu.externaltools.gnu-tools-for-stm32.9-2020-q2-update.win32_1.5.0.202011040924/tools/bin/../lib/gcc/arm-none-eabi/9.3.1/../../../../arm-none-eabi/lib/thumb/v7e-m+fp/hard\libc_nano.a(lib_a-findfp.o)
                0x000000000800f724                _cleanup_r
 .text.__sfmoreglue
                0x000000000800f730       0x2c d:/programmi/stm32cubeide/stm32cubeide_1.4.0/stm32cubeide/plugins/com.st.stm32cube.ide.mcu.externaltools.gnu-tools-for-stm32.9-2020-q2-update.win32_1.5.0.202011040924/tools/bin/../lib/gcc/arm-none-eabi/9.3.1/../../../../arm-none-eabi/lib/thumb/v7e-m+fp/hard\libc_nano.a(lib_a-findfp.o)
                0x000000000800f730                __sfmoreglue
 .text.__sfp_lock_acquire
                0x000000000800f75c        0xc d:/programmi/stm32cubeide/stm32cubeide_1.4.0/stm32cubeide/plugins/com.st.stm32cube.ide.mcu.externaltools.gnu-tools-for-stm32.9-2020-q2-update.win32_1.5.0.202011040924/tools/bin/../lib/gcc/arm-none-eabi/9.3.1/../../../../arm-none-eabi/lib/thumb/v7e-m+fp/hard\libc_nano.a(lib_a-findfp.o)
                0x000000000800f75c                __sfp_lock_acquire
 .text.__sfp_lock_release
                0x000000000800f768        0xc d:/programmi/stm32cubeide/stm32cubeide_1.4.0/stm32cubeide/plugins/com.st.stm32cube.ide.mcu.externaltools.gnu-tools-for-stm32.9-2020-q2-update.win32_1.5.0.202011040924/tools/bin/../lib/gcc/arm-none-eabi/9.3.1/../../../../arm-none-eabi/lib/thumb/v7e-m+fp/hard\libc_nano.a(lib_a-findfp.o)
                0x000000000800f768                __sfp_lock_release
 .text.__sinit_lock_acquire
                0x000000000800f774        0xc d:/programmi/stm32cubeide/stm32cubeide_1.4.0/stm32cubeide/plugins/com.st.stm32cube.ide.mcu.externaltools.gnu-tools-for-stm32.9-2020-q2-update.win32_1.5.0.202011040924/tools/bin/../lib/gcc/arm-none-eabi/9.3.1/../../../../arm-none-eabi/lib/thumb/v7e-m+fp/hard\libc_nano.a(lib_a-findfp.o)
                0x000000000800f774                __sinit_lock_acquire
 .text.__sinit_lock_release
                0x000000000800f780        0xc d:/programmi/stm32cubeide/stm32cubeide_1.4.0/stm32cubeide/plugins/com.st.stm32cube.ide.mcu.externaltools.gnu-tools-for-stm32.9-2020-q2-update.win32_1.5.0.202011040924/tools/bin/../lib/gcc/arm-none-eabi/9.3.1/../../../../arm-none-eabi/lib/thumb/v7e-m+fp/hard\libc_nano.a(lib_a-findfp.o)
                0x000000000800f780                __sinit_lock_release
 .text.__sinit  0x000000000800f78c       0x70 d:/programmi/stm32cubeide/stm32cubeide_1.4.0/stm32cubeide/plugins/com.st.stm32cube.ide.mcu.externaltools.gnu-tools-for-stm32.9-2020-q2-update.win32_1.5.0.202011040924/tools/bin/../lib/gcc/arm-none-eabi/9.3.1/../../../../arm-none-eabi/lib/thumb/v7e-m+fp/hard\libc_nano.a(lib_a-findfp.o)
                0x000000000800f78c                __sinit
 .text.__sfp    0x000000000800f7fc       0x8c d:/programmi/stm32cubeide/stm32cubeide_1.4.0/stm32cubeide/plugins/com.st.stm32cube.ide.mcu.externaltools.gnu-tools-for-stm32.9-2020-q2-update.win32_1.5.0.202011040924/tools/bin/../lib/gcc/arm-none-eabi/9.3.1/../../../../arm-none-eabi/lib/thumb/v7e-m+fp/hard\libc_nano.a(lib_a-findfp.o)
                0x000000000800f7fc                __sfp
 .text.fprintf  0x000000000800f888       0x24 d:/programmi/stm32cubeide/stm32cubeide_1.4.0/stm32cubeide/plugins/com.st.stm32cube.ide.mcu.externaltools.gnu-tools-for-stm32.9-2020-q2-update.win32_1.5.0.202011040924/tools/bin/../lib/gcc/arm-none-eabi/9.3.1/../../../../arm-none-eabi/lib/thumb/v7e-m+fp/hard\libc_nano.a(lib_a-fprintf.o)
                0x000000000800f888                fiprintf
                0x000000000800f888                fprintf
 .text._fwalk_reent
                0x000000000800f8ac       0x3e d:/programmi/stm32cubeide/stm32cubeide_1.4.0/stm32cubeide/plugins/com.st.stm32cube.ide.mcu.externaltools.gnu-tools-for-stm32.9-2020-q2-update.win32_1.5.0.202011040924/tools/bin/../lib/gcc/arm-none-eabi/9.3.1/../../../../arm-none-eabi/lib/thumb/v7e-m+fp/hard\libc_nano.a(lib_a-fwalk.o)
                0x000000000800f8ac                _fwalk_reent
 *fill*         0x000000000800f8ea        0x2 
 .text._localeconv_r
                0x000000000800f8ec        0x8 d:/programmi/stm32cubeide/stm32cubeide_1.4.0/stm32cubeide/plugins/com.st.stm32cube.ide.mcu.externaltools.gnu-tools-for-stm32.9-2020-q2-update.win32_1.5.0.202011040924/tools/bin/../lib/gcc/arm-none-eabi/9.3.1/../../../../arm-none-eabi/lib/thumb/v7e-m+fp/hard\libc_nano.a(lib_a-localeconv.o)
                0x000000000800f8ec                _localeconv_r
 .text.__retarget_lock_init_recursive
                0x000000000800f8f4        0x2 d:/programmi/stm32cubeide/stm32cubeide_1.4.0/stm32cubeide/plugins/com.st.stm32cube.ide.mcu.externaltools.gnu-tools-for-stm32.9-2020-q2-update.win32_1.5.0.202011040924/tools/bin/../lib/gcc/arm-none-eabi/9.3.1/../../../../arm-none-eabi/lib/thumb/v7e-m+fp/hard\libc_nano.a(lib_a-lock.o)
                0x000000000800f8f4                __retarget_lock_init_recursive
 .text.__retarget_lock_acquire_recursive
                0x000000000800f8f6        0x2 d:/programmi/stm32cubeide/stm32cubeide_1.4.0/stm32cubeide/plugins/com.st.stm32cube.ide.mcu.externaltools.gnu-tools-for-stm32.9-2020-q2-update.win32_1.5.0.202011040924/tools/bin/../lib/gcc/arm-none-eabi/9.3.1/../../../../arm-none-eabi/lib/thumb/v7e-m+fp/hard\libc_nano.a(lib_a-lock.o)
                0x000000000800f8f6                __retarget_lock_acquire_recursive
 .text.__retarget_lock_release_recursive
                0x000000000800f8f8        0x2 d:/programmi/stm32cubeide/stm32cubeide_1.4.0/stm32cubeide/plugins/com.st.stm32cube.ide.mcu.externaltools.gnu-tools-for-stm32.9-2020-q2-update.win32_1.5.0.202011040924/tools/bin/../lib/gcc/arm-none-eabi/9.3.1/../../../../arm-none-eabi/lib/thumb/v7e-m+fp/hard\libc_nano.a(lib_a-lock.o)
                0x000000000800f8f8                __retarget_lock_release_recursive
 .text.__swhatbuf_r
                0x000000000800f8fa       0x48 d:/programmi/stm32cubeide/stm32cubeide_1.4.0/stm32cubeide/plugins/com.st.stm32cube.ide.mcu.externaltools.gnu-tools-for-stm32.9-2020-q2-update.win32_1.5.0.202011040924/tools/bin/../lib/gcc/arm-none-eabi/9.3.1/../../../../arm-none-eabi/lib/thumb/v7e-m+fp/hard\libc_nano.a(lib_a-makebuf.o)
                0x000000000800f8fa                __swhatbuf_r
 *fill*         0x000000000800f942        0x2 
 .text.__smakebuf_r
                0x000000000800f944       0x80 d:/programmi/stm32cubeide/stm32cubeide_1.4.0/stm32cubeide/plugins/com.st.stm32cube.ide.mcu.externaltools.gnu-tools-for-stm32.9-2020-q2-update.win32_1.5.0.202011040924/tools/bin/../lib/gcc/arm-none-eabi/9.3.1/../../../../arm-none-eabi/lib/thumb/v7e-m+fp/hard\libc_nano.a(lib_a-makebuf.o)
                0x000000000800f944                __smakebuf_r
 .text.malloc   0x000000000800f9c4       0x10 d:/programmi/stm32cubeide/stm32cubeide_1.4.0/stm32cubeide/plugins/com.st.stm32cube.ide.mcu.externaltools.gnu-tools-for-stm32.9-2020-q2-update.win32_1.5.0.202011040924/tools/bin/../lib/gcc/arm-none-eabi/9.3.1/../../../../arm-none-eabi/lib/thumb/v7e-m+fp/hard\libc_nano.a(lib_a-malloc.o)
                0x000000000800f9c4                malloc
 .text._Balloc  0x000000000800f9d4       0x80 d:/programmi/stm32cubeide/stm32cubeide_1.4.0/stm32cubeide/plugins/com.st.stm32cube.ide.mcu.externaltools.gnu-tools-for-stm32.9-2020-q2-update.win32_1.5.0.202011040924/tools/bin/../lib/gcc/arm-none-eabi/9.3.1/../../../../arm-none-eabi/lib/thumb/v7e-m+fp/hard\libc_nano.a(lib_a-mprec.o)
                0x000000000800f9d4                _Balloc
 .text._Bfree   0x000000000800fa54       0x44 d:/programmi/stm32cubeide/stm32cubeide_1.4.0/stm32cubeide/plugins/com.st.stm32cube.ide.mcu.externaltools.gnu-tools-for-stm32.9-2020-q2-update.win32_1.5.0.202011040924/tools/bin/../lib/gcc/arm-none-eabi/9.3.1/../../../../arm-none-eabi/lib/thumb/v7e-m+fp/hard\libc_nano.a(lib_a-mprec.o)
                0x000000000800fa54                _Bfree
 .text.__multadd
                0x000000000800fa98       0x94 d:/programmi/stm32cubeide/stm32cubeide_1.4.0/stm32cubeide/plugins/com.st.stm32cube.ide.mcu.externaltools.gnu-tools-for-stm32.9-2020-q2-update.win32_1.5.0.202011040924/tools/bin/../lib/gcc/arm-none-eabi/9.3.1/../../../../arm-none-eabi/lib/thumb/v7e-m+fp/hard\libc_nano.a(lib_a-mprec.o)
                0x000000000800fa98                __multadd
 .text.__hi0bits
                0x000000000800fb2c       0x40 d:/programmi/stm32cubeide/stm32cubeide_1.4.0/stm32cubeide/plugins/com.st.stm32cube.ide.mcu.externaltools.gnu-tools-for-stm32.9-2020-q2-update.win32_1.5.0.202011040924/tools/bin/../lib/gcc/arm-none-eabi/9.3.1/../../../../arm-none-eabi/lib/thumb/v7e-m+fp/hard\libc_nano.a(lib_a-mprec.o)
                0x000000000800fb2c                __hi0bits
 .text.__lo0bits
                0x000000000800fb6c       0x60 d:/programmi/stm32cubeide/stm32cubeide_1.4.0/stm32cubeide/plugins/com.st.stm32cube.ide.mcu.externaltools.gnu-tools-for-stm32.9-2020-q2-update.win32_1.5.0.202011040924/tools/bin/../lib/gcc/arm-none-eabi/9.3.1/../../../../arm-none-eabi/lib/thumb/v7e-m+fp/hard\libc_nano.a(lib_a-mprec.o)
                0x000000000800fb6c                __lo0bits
 .text.__i2b    0x000000000800fbcc       0x2c d:/programmi/stm32cubeide/stm32cubeide_1.4.0/stm32cubeide/plugins/com.st.stm32cube.ide.mcu.externaltools.gnu-tools-for-stm32.9-2020-q2-update.win32_1.5.0.202011040924/tools/bin/../lib/gcc/arm-none-eabi/9.3.1/../../../../arm-none-eabi/lib/thumb/v7e-m+fp/hard\libc_nano.a(lib_a-mprec.o)
                0x000000000800fbcc                __i2b
 .text.__multiply
                0x000000000800fbf8      0x14c d:/programmi/stm32cubeide/stm32cubeide_1.4.0/stm32cubeide/plugins/com.st.stm32cube.ide.mcu.externaltools.gnu-tools-for-stm32.9-2020-q2-update.win32_1.5.0.202011040924/tools/bin/../lib/gcc/arm-none-eabi/9.3.1/../../../../arm-none-eabi/lib/thumb/v7e-m+fp/hard\libc_nano.a(lib_a-mprec.o)
                0x000000000800fbf8                __multiply
 .text.__pow5mult
                0x000000000800fd44       0xb4 d:/programmi/stm32cubeide/stm32cubeide_1.4.0/stm32cubeide/plugins/com.st.stm32cube.ide.mcu.externaltools.gnu-tools-for-stm32.9-2020-q2-update.win32_1.5.0.202011040924/tools/bin/../lib/gcc/arm-none-eabi/9.3.1/../../../../arm-none-eabi/lib/thumb/v7e-m+fp/hard\libc_nano.a(lib_a-mprec.o)
                0x000000000800fd44                __pow5mult
 .text.__lshift
                0x000000000800fdf8       0xd8 d:/programmi/stm32cubeide/stm32cubeide_1.4.0/stm32cubeide/plugins/com.st.stm32cube.ide.mcu.externaltools.gnu-tools-for-stm32.9-2020-q2-update.win32_1.5.0.202011040924/tools/bin/../lib/gcc/arm-none-eabi/9.3.1/../../../../arm-none-eabi/lib/thumb/v7e-m+fp/hard\libc_nano.a(lib_a-mprec.o)
                0x000000000800fdf8                __lshift
 .text.__mcmp   0x000000000800fed0       0x38 d:/programmi/stm32cubeide/stm32cubeide_1.4.0/stm32cubeide/plugins/com.st.stm32cube.ide.mcu.externaltools.gnu-tools-for-stm32.9-2020-q2-update.win32_1.5.0.202011040924/tools/bin/../lib/gcc/arm-none-eabi/9.3.1/../../../../arm-none-eabi/lib/thumb/v7e-m+fp/hard\libc_nano.a(lib_a-mprec.o)
                0x000000000800fed0                __mcmp
 .text.__mdiff  0x000000000800ff08      0x110 d:/programmi/stm32cubeide/stm32cubeide_1.4.0/stm32cubeide/plugins/com.st.stm32cube.ide.mcu.externaltools.gnu-tools-for-stm32.9-2020-q2-update.win32_1.5.0.202011040924/tools/bin/../lib/gcc/arm-none-eabi/9.3.1/../../../../arm-none-eabi/lib/thumb/v7e-m+fp/hard\libc_nano.a(lib_a-mprec.o)
                0x000000000800ff08                __mdiff