main.c:154:6:delayStepM	16	static
main.c:161:6:HAL_UART_RxCpltCallback	16	static
main.c:166:6:HAL_GPIO_EXTI_Callback	16	static
main.c:182:6:SPI3_IRQHandler	8	static
main.c:187:5:_write	24	static
main.c:193:5:main	272	static
main.c:308:6:SystemClock_Config	232	static
main.c:360:13:MX_TIM2_Init	64	static
main.c:407:13:MX_TIM8_Init	40	static
main.c:441:13:MX_USART1_UART_Init	8	static
main.c:461:13:MX_USART3_UART_Init	8	static
main.c:480:13:MX_GPIO_Init	48	static
main.c:527:6:StartDefaultTask	16	static
main.c:535:6:StartServo	16	static
main.c:552:6:StartStepper	16	static
main.c:568:6:StartWifi	40	static
main.c:662:6:StartDistance	24	static
main.c:701:6:StartSensors	16	static
main.c:734:6:StartManager	16	static
main.c:809:6:Error_Handler	4	static,ignoring_inline_asm
main.c:824:1:__io_putchar	16	static
