main.c:116:6:delayStepM	16	static
main.c:123:6:HAL_UART_RxCpltCallback	16	static
main.c:129:6:HAL_GPIO_EXTI_Callback	16	static
main.c:141:6:SPI3_IRQHandler	8	static
main.c:147:5:_write	24	static
main.c:166:5:main	280	static
main.c:263:6:SystemClock_Config	232	static
main.c:315:13:MX_TIM2_Init	64	static
main.c:362:13:MX_TIM8_Init	40	static
main.c:396:13:MX_USART1_UART_Init	8	static
main.c:415:13:MX_USART3_UART_Init	8	static
main.c:434:13:MX_GPIO_Init	48	static
main.c:481:6:StartDefaultTask	16	static
main.c:489:6:StartServo	16	static
main.c:516:6:StartStepper	16	static
main.c:539:6:StartWifi	40	static
main.c:624:6:StartSendData	24	static
main.c:649:6:StartSensors	24	static
main.c:685:6:StartManager	16	static
main.c:773:6:Error_Handler	4	static,ignoring_inline_asm
main.c:787:1:__io_putchar	16	static
